 Engine

 Timestamp is 4a43aae2 (Fri Jun 26 01:50:42 2009)

 Preferred load address is 00400000

 Start         Length     Name                   Class
 0001:00000000 00077d02H .textbss                DATA
 0002:00000000 000f4abeH .text                   CODE
 0002:000f4ac0 000036d9H .text$x                 CODE
 0002:000f81a0 0000117dH .text$yc                CODE
 0002:000f9320 000011c3H .text$yd                CODE
 0003:00000000 00000104H .CRT$XCA                DATA
 0003:00000104 00000109H .CRT$XCC                DATA
 0003:00000210 0000011bH .CRT$XCU                DATA
 0003:0000032c 00000104H .CRT$XCZ                DATA
 0003:00000430 00000104H .CRT$XIA                DATA
 0003:00000534 00000118H .CRT$XIC                DATA
 0003:0000064c 00000104H .CRT$XIY                DATA
 0003:00000750 00000104H .CRT$XIZ                DATA
 0003:00000854 00000104H .CRT$XPA                DATA
 0003:00000958 00000109H .CRT$XPX                DATA
 0003:00000a64 00000104H .CRT$XPXA               DATA
 0003:00000b68 00000104H .CRT$XPZ                DATA
 0003:00000c6c 00000104H .CRT$XTA                DATA
 0003:00000d70 00000104H .CRT$XTZ                DATA
 0003:00000e80 00025a17H .rdata                  DATA
 0003:00026898 00000160H .rdata$debug            DATA
 0003:000269f8 000010a0H .rdata$r                DATA
 0003:00027a98 00000104H .rtc$IAA                DATA
 0003:00027b9c 00000220H .rtc$IMZ                DATA
 0003:00027dbc 00000104H .rtc$IZZ                DATA
 0003:00027ec0 00000104H .rtc$TAA                DATA
 0003:00027fc4 00000220H .rtc$TMZ                DATA
 0003:000281e4 00000104H .rtc$TZZ                DATA
 0003:000282e8 00003692H .xdata$x                DATA
 0003:0002b97a 00000000H .edata                  DATA
 0004:00000000 000037d8H .data                   DATA
 0004:000037e0 004d5df0H .bss                    DATA
 0005:00000000 000000a0H .idata$2                DATA
 0005:000000a0 00000014H .idata$3                DATA
 0005:000000b4 00000564H .idata$4                DATA
 0005:00000618 00000564H .idata$5                DATA
 0005:00000b7c 00001022H .idata$6                DATA
 0006:00000000 00000169H .rsrc$01                DATA
 0006:00000170 000002e9H .rsrc$02                DATA

  Address         Publics by Value              Rva+Base       Lib:Object

 0000:00000000       __except_list              00000000     <absolute>
 0000:00000000       ___safe_se_handler_count   00000000     <absolute>
 0000:00000000       ___safe_se_handler_table   00000000     <absolute>
 0000:00000000       ___ImageBase               00400000     <linker-defined>
 0001:00000000       __enc$textbss$begin        00401000     <linker-defined>
 0001:00077d02       __enc$textbss$end          00478d02     <linker-defined>
 0002:000079d0       ?dpf@@YAXPBDZZ             004809d0 f   DevUtil.obj
 0002:00007a60       ?Trace@@YAXPBD@Z           00480a60 f   DevUtil.obj
 0002:00007ac0       ?TraceClear@@YAXXZ         00480ac0 f   DevUtil.obj
 0002:00007af0       ?Trace1@@YAXPBDH@Z         00480af0 f   DevUtil.obj
 0002:00007bb0       ??0CGapi@@QAE@XZ           00480bb0 f   GapiMain.obj
 0002:00007d20       ??_E?$CSingletonNoAutoConstruct@$00VCHighGear@@@@UAEPAXI@Z 00480d20 f i HighGear.obj
 0002:00007d20       ??_G?$CSingletonNoAutoConstruct@$00VCHighGear@@@@UAEPAXI@Z 00480d20 f i HighGear.obj
 0002:00007d80       ?InitGame@CGapi@@QAEHPAX@Z 00480d80 f   GapiMain.obj
 0002:00007e90       ??$_Debug_pointer@V?$_Deque_const_iterator@VARect@@V?$allocator@VARect@@@std@@$00@std@@@std@@YAXAAV?$_Deque_const_iterator@VARect@@V?$allocator@VARect@@@std@@$00@0@PB_WI@Z 00480e90 f i HighGear.obj
 0002:00007ed0       ?LoopGame@CGapi@@QAEHXZ    00480ed0 f   GapiMain.obj
 0002:00008020       ?EndGame@CGapi@@QAEXXZ     00481020 f   GapiMain.obj
 0002:00008070       ?MakePath@CGapi@@QAEPADPBD@Z 00481070 f   GapiMain.obj
 0002:00008130       ?KeyCode2Keypad@CGapi@@QAEHH@Z 00481130 f   GapiMain.obj
 0002:00008540       ??0?$stack@VARect@@V?$deque@VARect@@V?$allocator@VARect@@@std@@@std@@@std@@QAE@ABV01@@Z 00481540 f i HighGear.obj
 0002:00008590       ??0?$CSingletonNoAutoConstruct@$00VCHighGear@@@@QAE@XZ 00481590 f i HighGear.obj
 0002:00008640       ?GetKeyBoardConfig@CHighGear@@QBEHXZ 00481640 f i GapiMain.obj
 0002:00008680       ?KeyEvent@CGapi@@QAEX_NH@Z 00481680 f   GapiMain.obj
 0002:00008710       ?UpdateDisplay@CGapi@@QBEXXZ 00481710 f   GapiMain.obj
 0002:000087c0       ?TurnOnBackLight@CGapi@@QAEXXZ 004817c0 f   GapiMain.obj
 0002:00008810       ?GetDisplayOrientation@CGapi@@QAEHXZ 00481810 f   GapiMain.obj
 0002:00008850       ?GetAvailableDirections@CGapi@@QAEHXZ 00481850 f   GapiMain.obj
 0002:000089a0       ?GetAvailableOrientations@CGapi@@QAEHXZ 004819a0 f   GapiMain.obj
 0002:000089e0       ?ApplyDirection@CGapi@@QAEXH@Z 004819e0 f   GapiMain.obj
 0002:00008b00       ?ApplyOrientation@CGapi@@QAEXH@Z 00481b00 f   GapiMain.obj
 0002:00008b60       ?allocate@?$_DebugHeapAllocator@D@std@@QAAPADIPBX@Z 00481b60 f i GapiMain.obj
 0002:00008c20       ??0bad_alloc@std@@QAE@PBD@Z 00481c20 f i GapiMain.obj
 0002:00008c90       ??1bad_alloc@std@@UAE@XZ   00481c90 f i GapiMain.obj
 0002:00008cf0       ??_Gbad_alloc@std@@UAEPAXI@Z 00481cf0 f i GapiMain.obj
 0002:00008cf0       ??_Ebad_alloc@std@@UAEPAXI@Z 00481cf0 f i GapiMain.obj
 0002:00008d60       ?allocate@?$_DebugHeapAllocator@D@std@@QAEPADI@Z 00481d60 f i GapiMain.obj
 0002:00008e20       ?deallocate@?$_DebugHeapAllocator@D@std@@QAEXPADI@Z 00481e20 f i GapiMain.obj
 0002:00008e80       ?GetInstance@?$CSingletonNoAutoConstruct@$00VCHighGear@@@@SAPAVCHighGear@@XZ 00481e80 f i GapiMain.obj
 0002:00008ed0       ??0bad_alloc@std@@QAE@ABV01@@Z 00481ed0 f i GapiMain.obj
 0002:00008f40       ??0?$_DebugHeapAllocator@D@std@@QAE@XZ 00481f40 f i GapiMain.obj
 0002:00008fa0       ??0?$allocator@D@std@@QAE@XZ 00481fa0 f i GapiMain.obj
 0002:00008fe0       ?_GetInstance@?$CSingletonNoAutoConstruct@$00VCHighGear@@@@KAPAVCHighGear@@XZ 00481fe0 f i GapiMain.obj
 0002:00009030       ?GetSingleton@CSingletonManager@@SAPAVISingleton@@H@Z 00482030 f i GapiMain.obj
 0002:00009090       ?Inst_GetSingleton@CSingletonManager@@IAEPAVISingleton@@H@Z 00482090 f i GapiMain.obj
 0002:000090e0       ??0?$_DebugHeapAllocator@D@std@@QAE@ABV01@@Z 004820e0 f i GapiMain.obj
 0002:00009140       ??0?$allocator@D@std@@QAE@ABV01@@Z 00482140 f i GapiMain.obj
 0002:00009180       ??$_DebugHeapDelete@X@std@@YAXPAX@Z 00482180 f i GapiMain.obj
 0002:000091e0       ??0CKeypad@@QAE@XZ         004821e0 f   Keypad.obj
 0002:00009250       ?Keypad_IsKeyPressed@CKeypad@@QAE_NI@Z 00482250 f   Keypad.obj
 0002:000092b0       ?Keypad_HasKeyChanged@CKeypad@@QAE_NI@Z 004822b0 f   Keypad.obj
 0002:00009310       ?Keypad_HasKeyBeenPressed@CKeypad@@QAE_NI@Z 00482310 f   Keypad.obj
 0002:00009370       ?Keypad_IsAnyKeyPressed@CKeypad@@QAE_NXZ 00482370 f   Keypad.obj
 0002:000093c0       ?Keypad_HasAnyKeyChanged@CKeypad@@QAE_NXZ 004823c0 f   Keypad.obj
 0002:00009410       ?Keypad_HasAnyKeyBeenPressed@CKeypad@@QAE_NXZ 00482410 f   Keypad.obj
 0002:00009460       ?Keypad_GetLastPressedKeyCode@CKeypad@@QAEHXZ 00482460 f   Keypad.obj
 0002:000094e0       ?Keypad_IsActionKeyBeenPressed@CKeypad@@QAE_NI_N@Z 004824e0 f   Keypad.obj
 0002:000095c0       ?Keypad_HasActionKeyBeenDoublePressed@CKeypad@@QAE_NI@Z 004825c0 f   Keypad.obj
 0002:00009690       ?Keypad_RemoveActionKey@CKeypad@@QAEXI@Z 00482690 f   Keypad.obj
 0002:00009770       ?Keypad_AddEvent@CKeypad@@QAE_NII@Z 00482770 f   Keypad.obj
 0002:00009830       ?Keypad_UpdateState@CKeypad@@QAEX_N@Z 00482830 f   Keypad.obj
 0002:000099f0       ?Keypad_ResetQueue@CKeypad@@QAEXXZ 004829f0 f   Keypad.obj
 0002:00009a40       ?Keypad_ResetStates@CKeypad@@QAEXXZ 00482a40 f   Keypad.obj
 0002:00009a90       ?Keypad_Reset@CKeypad@@QAEXXZ 00482a90 f   Keypad.obj
 0002:00009af0       ?Keypad_IsKeyPressed_MenuUp@CKeypad@@QAE_NXZ 00482af0 f   Keypad.obj
 0002:00009c80       ?Gapi@CHighGear@@QAEAAVCGapi@@XZ 00482c80 f i Keypad.obj
 0002:00009cc0       ?Keypad_IsKeyPressed_MenuDown@CKeypad@@QAE_NXZ 00482cc0 f   Keypad.obj
 0002:00009e50       ?Keypad_IsKeyPressed_MenuLeft@CKeypad@@QAE_NXZ 00482e50 f   Keypad.obj
 0002:00009fe0       ?Keypad_IsKeyPressed_MenuRight@CKeypad@@QAE_NXZ 00482fe0 f   Keypad.obj
 0002:0000a170       ?Keypad_HasKeyBeenPressed_MenuUp@CKeypad@@QAE_NXZ 00483170 f   Keypad.obj
 0002:0000a2b0       ??0CActor@@QAE@PAVCHighGear@@@Z 004832b0 f   Actor.obj
 0002:0000a300       ?Keypad_HasKeyBeenPressed_MenuDown@CKeypad@@QAE_NXZ 00483300 f   Keypad.obj
 0002:0000a490       ?Keypad_HasKeyBeenPressed_MenuLeft@CKeypad@@QAE_NXZ 00483490 f   Keypad.obj
 0002:0000a620       ?Keypad_HasKeyBeenPressed_MenuRight@CKeypad@@QAE_NXZ 00483620 f   Keypad.obj
 0002:0000a7b0       ?strlen@@YAHPBG@Z          004837b0 f   str_utils.obj
 0002:0000a810       ?strcpy@@YAHPAGPBG@Z       00483810 f   str_utils.obj
 0002:0000a890       ?strcpy@@YAHPAGPBD@Z       00483890 f   str_utils.obj
 0002:0000a910       ?strcpy@@YAHPADPBG@Z       00483910 f   str_utils.obj
 0002:0000a990       ?strcat@@YAHPAGPBG@Z       00483990 f   str_utils.obj
 0002:0000aa00       ?strcat@@YAHPAGPBD@Z       00483a00 f   str_utils.obj
 0002:0000aa70       ?strcmp@@YAHPAG0@Z         00483a70 f   str_utils.obj
 0002:0000ab00       ?itoa@@YAHHPAG@Z           00483b00 f   str_utils.obj
 0002:0000acc0       ?sprintf@@YAXPAGPBGZZ      00483cc0 f   str_utils.obj
 0002:0000ae20       ??M?$_Deque_const_iterator@VARect@@V?$allocator@VARect@@@std@@$00@std@@QBE_NABV01@@Z 00483e20 f i HighGear.obj
 0002:0000ae80       ?sprintf@@YAXPAGPBDZZ      00483e80 f   str_utils.obj
 0002:0000b010       ??8?$_Deque_const_iterator@VARect@@V?$allocator@VARect@@@std@@$00@std@@QBE_NABV01@@Z 00484010 f i HighGear.obj
 0002:0000b070       ?toUnicode@@YAPAGPAD@Z     00484070 f   str_utils.obj
 0002:0000b120       ?CharToUnicode@@YAXPAGPBD@Z 00484120 f   str_utils.obj
 0002:0000b1d0       ?ToUpper@Util@@SAAAV?$basic_string@DU?$char_traits@D@std@@V?$allocator@D@2@@std@@AAV23@@Z 004841d0 f   Util.obj
 0002:0000b260       ?Trim@Util@@SAAAV?$basic_string@DU?$char_traits@D@std@@V?$allocator@D@2@@std@@AAV23@@Z 00484260 f   Util.obj
 0002:0000b3d0       ?Replace@Util@@SAAAV?$basic_string@DU?$char_traits@D@std@@V?$allocator@D@2@@std@@AAV23@V23@1@Z 004843d0 f   Util.obj
 0002:0000b540       ?SplitLeft@Util@@SAXV?$basic_string@DU?$char_traits@D@std@@V?$allocator@D@2@@std@@AAV23@1PBD@Z 00484540 f   Util.obj
 0002:0000b6f0       ??1?$CSingletonNoAutoConstruct@$00VCHighGear@@@@UAE@XZ 004846f0 f i HighGear.obj
 0002:0000b760       ?GetCompleteFileName@Util@@SA?AV?$basic_string@DU?$char_traits@D@std@@V?$allocator@D@2@@std@@ABV23@PBD@Z 00484760 f   Util.obj
 0002:0000b910       ??1?$_Deque_iterator@VARect@@V?$allocator@VARect@@@std@@$00@std@@QAE@XZ 00484910 f i HighGear.obj
 0002:0000b980       ??1?$_String_iterator@DU?$char_traits@D@std@@V?$allocator@D@2@@std@@QAE@XZ 00484980 f i Util.obj
 0002:0000b9d0       ??1?$_String_const_iterator@DU?$char_traits@D@std@@V?$allocator@D@2@@std@@QAE@XZ 004849d0 f i Util.obj
 0002:0000ba20       ??1?$_Ranit_base@DHPBDABDV_Iterator_base@std@@@std@@QAE@XZ 00484a20 f i Util.obj
 0002:0000ba70       ??1_Iterator_base@std@@QAE@XZ 00484a70 f i Util.obj
 0002:0000bb60       ?_Orphan_me@_Iterator_base@std@@QAEXXZ 00484b60 f i Util.obj
 0002:0000bc30       ?StrFindAndReplace@Util@@SAXPADPBD11@Z 00484c30 f   Util.obj
 0002:0000bd60       ?StrFindAndReplace@Util@@SAXPAGPBG11@Z 00484d60 f   Util.obj
 0002:0000bf10       ?FindCharRight@Util@@SAPBGPBGG_N@Z 00484f10 f   Util.obj
 0002:0000c020       ?Interp@Util@@SAHHHHHH@Z   00485020 f   Util.obj
 0002:0000c070       ?Interp@Util@@SAMMMMMM@Z   00485070 f   Util.obj
 0002:0000c0d0       ??0?$basic_string@DU?$char_traits@D@std@@V?$allocator@D@2@@std@@QAE@ABV01@@Z 004850d0 f i Util.obj
 0002:0000c1a0       ??1?$basic_string@DU?$char_traits@D@std@@V?$allocator@D@2@@std@@QAE@XZ 004851a0 f i Util.obj
 0002:0000c250       ??4?$basic_string@DU?$char_traits@D@std@@V?$allocator@D@2@@std@@QAEAAV01@ABV01@@Z 00485250 f i Util.obj
 0002:0000c2b0       ??4?$basic_string@DU?$char_traits@D@std@@V?$allocator@D@2@@std@@QAEAAV01@PBD@Z 004852b0 f i Util.obj
 0002:0000c310       ?append@?$basic_string@DU?$char_traits@D@std@@V?$allocator@D@2@@std@@QAEAAV12@PBD@Z 00485310 f i Util.obj
 0002:0000c3a0       ?length@?$char_traits@D@std@@SAIPBD@Z 004853a0 f i Util.obj
 0002:0000c3f0       ?replace@?$basic_string@DU?$char_traits@D@std@@V?$allocator@D@2@@std@@QAEAAV12@IIABV12@@Z 004853f0 f i Util.obj
 0002:0000c460       ?begin@?$basic_string@DU?$char_traits@D@std@@V?$allocator@D@2@@std@@QAE?AV?$_String_iterator@DU?$char_traits@D@std@@V?$allocator@D@2@@2@XZ 00485460 f i Util.obj
 0002:0000c4f0       ?end@?$basic_string@DU?$char_traits@D@std@@V?$allocator@D@2@@std@@QAE?AV?$_String_iterator@DU?$char_traits@D@std@@V?$allocator@D@2@@2@XZ 004854f0 f i Util.obj
 0002:0000c580       ?c_str@?$basic_string@DU?$char_traits@D@std@@V?$allocator@D@2@@std@@QBEPBDXZ 00485580 f i Util.obj
 0002:0000c5d0       ?size@?$basic_string@DU?$char_traits@D@std@@V?$allocator@D@2@@std@@QBEIXZ 004855d0 f i Util.obj
 0002:0000c610       ?find@?$basic_string@DU?$char_traits@D@std@@V?$allocator@D@2@@std@@QBEIABV12@I@Z 00485610 f i Util.obj
 0002:0000c680       ?find@?$basic_string@DU?$char_traits@D@std@@V?$allocator@D@2@@std@@QBEIPBDI@Z 00485680 f i Util.obj
 0002:0000c710       ?find_first_of@?$basic_string@DU?$char_traits@D@std@@V?$allocator@D@2@@std@@QBEIPBDI@Z 00485710 f i Util.obj
 0002:0000c7a0       ?find_first_not_of@?$basic_string@DU?$char_traits@D@std@@V?$allocator@D@2@@std@@QBEIPBDI@Z 004857a0 f i Util.obj
 0002:0000c830       ?find_last_not_of@?$basic_string@DU?$char_traits@D@std@@V?$allocator@D@2@@std@@QBEIPBDI@Z 00485830 f i Util.obj
 0002:0000c8c0       ?substr@?$basic_string@DU?$char_traits@D@std@@V?$allocator@D@2@@std@@QBE?AV12@II@Z 004858c0 f i Util.obj
 0002:0000c960       ??9?$_String_const_iterator@DU?$char_traits@D@std@@V?$allocator@D@2@@std@@QBE_NABV01@@Z 00485960 f i Util.obj
 0002:0000c9d0       ??D?$_String_iterator@DU?$char_traits@D@std@@V?$allocator@D@2@@std@@QBEAADXZ 004859d0 f i Util.obj
 0002:0000ca20       ??E?$_String_iterator@DU?$char_traits@D@std@@V?$allocator@D@2@@std@@QAEAAV01@XZ 00485a20 f i Util.obj
 0002:0000ca80       ??1?$_String_val@DV?$allocator@D@std@@@std@@QAE@XZ 00485a80 f i Util.obj
 0002:0000cad0       ??1_String_base@std@@QAE@XZ 00485ad0 f i Util.obj
 0002:0000cb20       ??1_Container_base_secure@std@@QAE@XZ 00485b20 f i Util.obj
 0002:0000cb70       ?_Orphan_all@_Container_base_secure@std@@QBEXXZ 00485b70 f i Util.obj
 0002:0000cc50       ??0?$basic_string@DU?$char_traits@D@std@@V?$allocator@D@2@@std@@QAE@ABV01@IIABV?$allocator@D@1@@Z 00485c50 f i Util.obj
 0002:0000cd40       ?append@?$basic_string@DU?$char_traits@D@std@@V?$allocator@D@2@@std@@QAEAAV12@PBDI@Z 00485d40 f i Util.obj
 0002:0000cea0       ?assign@?$basic_string@DU?$char_traits@D@std@@V?$allocator@D@2@@std@@QAEAAV12@ABV12@@Z 00485ea0 f i Util.obj
 0002:0000cf00       ?assign@?$basic_string@DU?$char_traits@D@std@@V?$allocator@D@2@@std@@QAEAAV12@ABV12@II@Z 00485f00 f i Util.obj
 0002:0000d020       ?assign@?$basic_string@DU?$char_traits@D@std@@V?$allocator@D@2@@std@@QAEAAV12@PBD@Z 00486020 f i Util.obj
 0002:0000d0b0       ?replace@?$basic_string@DU?$char_traits@D@std@@V?$allocator@D@2@@std@@QAEAAV12@IIABV12@II@Z 004860b0 f i Util.obj
 0002:0000d410       ??A?$_Deque_iterator@VARect@@V?$allocator@VARect@@@std@@$00@std@@QBEAAVARect@@H@Z 00486410 f i HighGear.obj
 0002:0000d4f0       ?find@?$basic_string@DU?$char_traits@D@std@@V?$allocator@D@2@@std@@QBEIPBDII@Z 004864f0 f i Util.obj
 0002:0000d650       ?compare@?$char_traits@D@std@@SAHPBD0I@Z 00486650 f i Util.obj
 0002:0000d6b0       ?find@?$char_traits@D@std@@SAPBDPBDIABD@Z 004866b0 f i Util.obj
 0002:0000d710       ?find_first_of@?$basic_string@DU?$char_traits@D@std@@V?$allocator@D@2@@std@@QBEIPBDII@Z 00486710 f i Util.obj
 0002:0000d810       ?find_first_not_of@?$basic_string@DU?$char_traits@D@std@@V?$allocator@D@2@@std@@QBEIPBDII@Z 00486810 f i Util.obj
 0002:0000d910       ?find_last_not_of@?$basic_string@DU?$char_traits@D@std@@V?$allocator@D@2@@std@@QBEIPBDII@Z 00486910 f i Util.obj
 0002:0000da30       ?get_allocator@?$basic_string@DU?$char_traits@D@std@@V?$allocator@D@2@@std@@QBE?AV?$allocator@D@2@XZ 00486a30 f i Util.obj
 0002:0000da90       ?_Tidy@?$basic_string@DU?$char_traits@D@std@@V?$allocator@D@2@@std@@IAEX_NI@Z 00486a90 f i Util.obj
 0002:0000db60       ?_Myptr@?$basic_string@DU?$char_traits@D@std@@V?$allocator@D@2@@std@@IAEPADXZ 00486b60 f i Util.obj
 0002:0000dbd0       ?_Myptr@?$basic_string@DU?$char_traits@D@std@@V?$allocator@D@2@@std@@IBEPBDXZ 00486bd0 f i Util.obj
 0002:0000dc40       ??0?$_String_val@DV?$allocator@D@std@@@std@@IAE@V?$allocator@D@1@@Z 00486c40 f i Util.obj
 0002:0000dcb0       ??0?$_String_val@DV?$allocator@D@std@@@std@@QAE@ABV01@@Z 00486cb0 f i Util.obj
 0002:0000dd30       ??D?$_String_const_iterator@DU?$char_traits@D@std@@V?$allocator@D@2@@std@@QBEABDXZ 00486d30 f i Util.obj
 0002:0000de30       ??E?$_String_const_iterator@DU?$char_traits@D@std@@V?$allocator@D@2@@std@@QAEAAV01@XZ 00486e30 f i Util.obj
 0002:0000df80       ?_Has_container@_Iterator_base@std@@QBE_NXZ 00486f80 f i Util.obj
 0002:0000dfd0       ??8?$_String_const_iterator@DU?$char_traits@D@std@@V?$allocator@D@2@@std@@QBE_NABV01@@Z 00486fd0 f i Util.obj
 0002:0000e040       ??0?$_String_iterator@DU?$char_traits@D@std@@V?$allocator@D@2@@std@@QAE@PADPBV_Container_base_secure@1@@Z 00487040 f i Util.obj
 0002:0000e0a0       ??0_String_base@std@@QAE@XZ 004870a0 f i Util.obj
 0002:0000e100       ??0_Container_base_secure@std@@QAE@XZ 00487100 f i Util.obj
 0002:0000e150       ?append@?$basic_string@DU?$char_traits@D@std@@V?$allocator@D@2@@std@@QAEAAV12@ABV12@II@Z 00487150 f i Util.obj
 0002:0000e290       ?assign@?$basic_string@DU?$char_traits@D@std@@V?$allocator@D@2@@std@@QAEAAV12@PBDI@Z 00487290 f i Util.obj
 0002:0000e390       ?erase@?$basic_string@DU?$char_traits@D@std@@V?$allocator@D@2@@std@@QAEAAV12@II@Z 00487390 f i Util.obj
 0002:0000e480       ?_Eos@?$basic_string@DU?$char_traits@D@std@@V?$allocator@D@2@@std@@IAEXI@Z 00487480 f i Util.obj
 0002:0000e500       ?assign@?$char_traits@D@std@@SAXAADABD@Z 00487500 f i Util.obj
 0002:0000e540       ?_Grow@?$basic_string@DU?$char_traits@D@std@@V?$allocator@D@2@@std@@IAE_NI_N@Z 00487540 f i Util.obj
 0002:0000e640       ?_Inside@?$basic_string@DU?$char_traits@D@std@@V?$allocator@D@2@@std@@IAE_NPBD@Z 00487640 f i Util.obj
 0002:0000e6c0       ?deallocate@?$allocator@D@std@@QAEXPADI@Z 004876c0 f i Util.obj
 0002:0000e720       ??0?$_String_const_iterator@DU?$char_traits@D@std@@V?$allocator@D@2@@std@@QAE@PBDPBV_Container_base_secure@1@@Z 00487720 f i Util.obj
 0002:0000e860       ?_Adopt@_Iterator_base@std@@QAEXPBV_Container_base_secure@2@@Z 00487860 f i Util.obj
 0002:0000e990       ?_Compat@?$_String_const_iterator@DU?$char_traits@D@std@@V?$allocator@D@2@@std@@QBEXABV12@@Z 00487990 f i Util.obj
 0002:0000ea60       ??0?$_Ranit_base@DHPBDABDV_Iterator_base@std@@@std@@QAE@XZ 00487a60 f i Util.obj
 0002:0000eac0       ??0_Iterator_base@std@@QAE@XZ 00487ac0 f i Util.obj
 0002:0000eb10       ?max_size@?$basic_string@DU?$char_traits@D@std@@V?$allocator@D@2@@std@@QBEIXZ 00487b10 f i Util.obj
 0002:0000eba0       ?_Copy@?$basic_string@DU?$char_traits@D@std@@V?$allocator@D@2@@std@@IAEXII@Z 00487ba0 f i Util.obj
 0002:0000ed60       ?move@CActor@@QAEXH@Z      00487d60 f   Actor.obj
 0002:0000edd0       ?allocate@?$allocator@D@std@@QAEPADI@Z 00487dd0 f i Util.obj
 0002:0000ee30       ?max_size@?$allocator@D@std@@QBEIXZ 00487e30 f i Util.obj
 0002:0000eea0       ??$_Debug_pointer@D@std@@YAXPBDPB_WI@Z 00487ea0 f i Util.obj
 0002:0000ef00       ??$copy_s@U?$char_traits@D@std@@@_Traits_helper@std@@YAPADPADIPBDI@Z 00487f00 f i Util.obj
 0002:0000ef80       ??$move_s@U?$char_traits@D@std@@@_Traits_helper@std@@YAPADPADIPBDI@Z 00487f80 f i Util.obj
 0002:0000f000       ??$_Allocate@D@std@@YAPADIPAD@Z 00488000 f i Util.obj
 0002:0000f0a0       ??$_Char_traits_cat@U?$char_traits@D@std@@@std@@YA?AU_Secure_char_traits_tag@0@XZ 004880a0 f i Util.obj
 0002:0000f110       ??$copy_s@U?$char_traits@D@std@@@_Traits_helper@std@@YAPADPADIPBDIU_Secure_char_traits_tag@1@@Z 00488110 f i Util.obj
 0002:0000f170       ?_Copy_s@?$char_traits@D@std@@SAPADPADIPBDI@Z 00488170 f i Util.obj
 0002:0000f1d0       ??$move_s@U?$char_traits@D@std@@@_Traits_helper@std@@YAPADPADIPBDIU_Secure_char_traits_tag@1@@Z 004881d0 f i Util.obj
 0002:0000f230       ?_Move_s@?$char_traits@D@std@@SAPADPADIPBDI@Z 00488230 f i Util.obj
 0002:0000f290       ?IsInBox@@YA_NHHHHHH@Z     00488290 f   WinMain.obj
 0002:0000f310       ?Zoom@@YAXH@Z              00488310 f   WinMain.obj
 0002:0000f340       ?Resize@@YAXHH@Z           00488340 f   WinMain.obj
 0002:0000f4d0       ?PCDisplayUpdate@@YAXXZ    004884d0 f   WinMain.obj
 0002:0000f520       _WinMain@16                00488520 f   WinMain.obj
 0002:0000fe20       ?begin@?$deque@VARect@@V?$allocator@VARect@@@std@@@std@@QAE?AV?$_Deque_iterator@VARect@@V?$allocator@VARect@@@std@@$00@2@XZ 00488e20 f i HighGear.obj
 0002:0000fe90       ??G?$_Deque_const_iterator@VARect@@V?$allocator@VARect@@@std@@$00@std@@QBEHABV01@@Z 00488e90 f i HighGear.obj
 0002:0000ff70       ?Quit@CGapi@@QAEXXZ        00488f70 f i WinMain.obj
 0002:0000ffc0       ??_GLib3DGL@@QAEPAXI@Z     00488fc0 f i WinMain.obj
 0002:00010030       ?MainProc@@YGJPAUHWND__@@IIJ@Z 00489030 f   WinMain.obj
 0002:00010450       ?begin@?$deque@VARect@@V?$allocator@VARect@@@std@@@std@@QBE?AV?$_Deque_const_iterator@VARect@@V?$allocator@VARect@@@std@@$00@2@XZ 00489450 f i HighGear.obj
 0002:000104d0       ?GRGetTickCount@@YAKXZ     004894d0 f   WinMain.obj
 0002:00010530       ?GRGetTickCountPeriod@@YAKXZ 00489530 f   WinMain.obj
 0002:00010570       ?debug_out@@YAXPBDZZ       00489570 f   WinMain.obj
 0002:00010640       ?InitOpenGLESWindow@@YAHXZ 00489640 f   WinMain.obj
 0002:00010950       ?init@CActor@@QAEXHPAVCSprite@@HH@Z 00489950 f   Actor.obj
 0002:00010a10       ?CloseOpenGLESWindow@@YAXXZ 00489a10 f   WinMain.obj
 0002:00010af0       ??_GTextureFBO@@QAEPAXI@Z  00489af0 f i WinMain.obj
 0002:00010b60       ?OGLRefresh3D@@YAXXZ       00489b60 f   WinMain.obj
 0002:00010c50       ?GetInstance@?$CSingleton@$09VCTouchZones@@@@SAPAVCTouchZones@@XZ 00489c50 f i WinMain.obj
 0002:00010d50       ?_GetInstance@?$CSingletonNoAutoConstruct@$09VCTouchZones@@@@KAPAVCTouchZones@@XZ 00489d50 f i WinMain.obj
 0002:00010da0       ??0CBoard3D@Lib3D@@QAE@XZ  00489da0 f   Board3D.obj
 0002:00010ec0       ??1CBoard3D@Lib3D@@QAE@XZ  00489ec0 f   Board3D.obj
 0002:00010f00       ?InitInverseTable@CBoard3D@Lib3D@@AAEXXZ 00489f00 f   Board3D.obj
 0002:00011000       ?DrawEdgeH@CBoard3D@Lib3D@@AAEXHHHH@Z 0048a000 f   Board3D.obj
 0002:00011180       ?InverseTable@CBoard3D@Lib3D@@ABEHH@Z 0048a180 f i Board3D.obj
 0002:000112e0       ??0_CMinMax@@QAE@PBD@Z     0048a2e0 f i Board3D.obj
 0002:00011340       ??R_CMinMax@@QAEXH@Z       0048a340 f i Board3D.obj
 0002:000113b0       ??1_CMinMax@@QAE@XZ        0048a3b0 f i Board3D.obj
 0002:00011460       ?DrawEdgeV@CBoard3D@Lib3D@@AAEXHHHH@Z 0048a460 f   Board3D.obj
 0002:000115e0       ?DrawEdgeHV@CBoard3D@Lib3D@@QAEXHHHH@Z 0048a5e0 f   Board3D.obj
 0002:000117a0       ?DrawPolyEdge@CBoard3D@Lib3D@@QAEXPBVVector4s@@00@Z 0048a7a0 f   Board3D.obj
 0002:00011870       ?PrepareFace2@@YA_NPBVTFace@Lib3D@@PAPBVTVxuv@2@@Z 0048a870 f   Board3D.obj
 0002:00011990       ?ScrVectorA@TFace@Lib3D@@QBEABVVector4s@@XZ 0048a990 f i Board3D.obj
 0002:000119d0       ?ScrVectorB@TFace@Lib3D@@QBEABVVector4s@@XZ 0048a9d0 f i Board3D.obj
 0002:00011a10       ?ScrVectorC@TFace@Lib3D@@QBEABVVector4s@@XZ 0048aa10 f i Board3D.obj
 0002:00011a50       ?GetVxuvA@TFace@Lib3D@@QBEPBVTVxuv@2@XZ 0048aa50 f i Board3D.obj
 0002:00011a90       ?GetVxuvB@TFace@Lib3D@@QBEPBVTVxuv@2@XZ 0048aa90 f i Board3D.obj
 0002:00011ad0       ?GetVxuvC@TFace@Lib3D@@QBEPBVTVxuv@2@XZ 0048aad0 f i Board3D.obj
 0002:00011b10       ?DrawFace@CBoard3D@Lib3D@@QAEXPBVTFace@2@I@Z 0048ab10 f   Board3D.obj
 0002:00011d40       ?GetTexture@TFace@Lib3D@@QBEPBVTTexture@2@XZ 0048ad40 f i Board3D.obj
 0002:00011d80       ?Clear@CBoard3D@Lib3D@@QAEXXZ 0048ad80 f   Board3D.obj
 0002:00011e10       ?Clear@CBoard3D@Lib3D@@QAEXG@Z 0048ae10 f   Board3D.obj
 0002:00011ea0       ?DrawPolyGT3@CBoard3D@Lib3D@@AAEXPBVTVxuv@2@00@Z 0048aea0 f   Board3D.obj
 0002:000128c0       ??0?$deque@VARect@@V?$allocator@VARect@@@std@@@std@@QAE@ABV01@@Z 0048b8c0 f i HighGear.obj
 0002:00012a60       ??9?$_Deque_const_iterator@VARect@@V?$allocator@VARect@@@std@@$00@std@@QBE_NABV01@@Z 0048ba60 f i HighGear.obj
 0002:00012b40       ??0LineParamNoZ@Lib3D@@QAE@XZ 0048bb40 f i Board3D.obj
 0002:00012b80       ??0LineParamNoZ@Lib3D@@QAE@HHHH@Z 0048bb80 f i Board3D.obj
 0002:00012bf0       ?Set@LineParamNoZ@Lib3D@@QAEXHHHH@Z 0048bbf0 f i Board3D.obj
 0002:00012c60       ?Substact@LineParamNoZ@Lib3D@@QAEXHABU12@@Z 0048bc60 f i Board3D.obj
 0002:00012d10       ?AddDelta@LineParamNoZ@Lib3D@@QAEXABU12@@Z 0048bd10 f i Board3D.obj
 0002:00012da0       ?DivideShift16@CBoard3D@Lib3D@@QBEHHH@Z 0048bda0 f i Board3D.obj
 0002:00012e00       ?LastLine@@YAHPBVTVxuv@Lib3D@@H@Z 0048be00 f i Board3D.obj
 0002:00012e60       ?DrawPolyGT3Additive@CBoard3D@Lib3D@@AAEXPBVTVxuv@2@00@Z 0048be60 f   Board3D.obj
 0002:00013880       ?_GetInstance@?$CSingletonNoAutoConstruct@$01VCArchivedFileManager@@@@KAPAVCArchivedFileManager@@XZ 0048c880 f i HighGear.obj
 0002:000138c0       ?_Compat@?$_Deque_const_iterator@VARect@@V?$allocator@VARect@@@std@@$00@std@@QBEXABV12@@Z 0048c8c0 f i HighGear.obj
 0002:000139b0       ??0?$_Deque_iterator@VARect@@V?$allocator@VARect@@@std@@$00@std@@QAE@IPBV_Container_base_secure@1@@Z 0048c9b0 f i HighGear.obj
 0002:00013a00       ??H?$_Deque_iterator@VARect@@V?$allocator@VARect@@@std@@$00@std@@QBE?AV01@H@Z 0048ca00 f i HighGear.obj
 0002:00013b00       ?DrawPolyGT3AdditiveAlpha@CBoard3D@Lib3D@@AAEXPBVTVxuv@2@00@Z 0048cb00 f   Board3D.obj
 0002:00014520       ?push_front@?$deque@VARect@@V?$allocator@VARect@@@std@@@std@@QAEXABVARect@@@Z 0048d520 f i HighGear.obj
 0002:00014670       ?pop_front@?$deque@VARect@@V?$allocator@VARect@@@std@@@std@@QAEXXZ 0048d670 f i HighGear.obj
 0002:000147a0       ?DrawPolyGT3AlphaMask@CBoard3D@Lib3D@@AAEXPBVTVxuv@2@00@Z 0048d7a0 f   Board3D.obj
 0002:000151c0       ??E?$_Deque_const_iterator@VARect@@V?$allocator@VARect@@@std@@$00@std@@QAEAAV01@XZ 0048e1c0 f i HighGear.obj
 0002:00015310       ??D?$_Deque_iterator@VARect@@V?$allocator@VARect@@@std@@$00@std@@QBEAAVARect@@XZ 0048e310 f i HighGear.obj
 0002:00015350       ??$_Debug_range@V?$_Deque_const_iterator@VARect@@V?$allocator@VARect@@@std@@$00@std@@@std@@YAXV?$_Deque_const_iterator@VARect@@V?$allocator@VARect@@@std@@$00@0@0PB_WI@Z 0048e350 f i HighGear.obj
 0002:00015440       ?DrawPolyGT3Shadow@CBoard3D@Lib3D@@AAEXPBVTVxuv@2@00@Z 0048e440 f   Board3D.obj
 0002:00015c60       ??0?$_Deque_iterator@VARect@@V?$allocator@VARect@@@std@@$00@std@@QAE@ABV01@@Z 0048ec60 f i HighGear.obj
 0002:00015d50       ??Y?$_Deque_iterator@VARect@@V?$allocator@VARect@@@std@@$00@std@@QAEAAV01@H@Z 0048ed50 f i HighGear.obj
 0002:00015e60       ??0LineParamNoZUV@Lib3D@@QAE@XZ 0048ee60 f i Board3D.obj
 0002:00015ea0       ??0LineParamNoZUV@Lib3D@@QAE@HH@Z 0048eea0 f i Board3D.obj
 0002:00015ef0       ?Set@LineParamNoZUV@Lib3D@@QAEXHH@Z 0048eef0 f i Board3D.obj
 0002:00015f40       ?Substact@LineParamNoZUV@Lib3D@@QAEXHABU12@@Z 0048ef40 f i Board3D.obj
 0002:00015fb0       ?AddDelta@LineParamNoZUV@Lib3D@@QAEXABU12@@Z 0048efb0 f i Board3D.obj
 0002:00016010       ?DrawPolyGT3Substractive@CBoard3D@Lib3D@@AAEXPBVTVxuv@2@00@Z 0048f010 f   Board3D.obj
 0002:00016a30       ?updateSprite@CActor@@AAEXXZ 0048fa30 f   Actor.obj
 0002:00016b80       ?setAnim@CActor@@AAEXH@Z   0048fb80 f   Actor.obj
 0002:00016cb0       ?DrawPolyG3@CBoard3D@Lib3D@@AAEXPBVTVxuv@2@00II@Z 0048fcb0 f   Board3D.obj
 0002:00017670       ?GetNumber@CRandom@@QAEIHH@Z 00490670 f i HighGear.obj
 0002:000176c0       ?GetInstance@?$CSingleton@$01VCArchivedFileManager@@@@SAPAVCArchivedFileManager@@XZ 004906c0 f i HighGear.obj
 0002:00017790       ??$insert@V?$_Deque_const_iterator@VARect@@V?$allocator@VARect@@@std@@$00@std@@@?$deque@VARect@@V?$allocator@VARect@@@std@@@std@@QAEXV?$_Deque_const_iterator@VARect@@V?$allocator@VARect@@@std@@$00@1@00@Z 00490790 f i HighGear.obj
 0002:000178e0       ?PrepareFace@CBoard3D@Lib3D@@AAE_NPBVTFace@2@PAPBVTVxuv@2@@Z 004908e0 f   Board3D.obj
 0002:00017ca0       ??$_Swap_adl@VARect@@@std@@YAXAAVARect@@0@Z 00490ca0 f i HighGear.obj
 0002:00017d90       ?DrawPolyGT3z@CBoard3D@Lib3D@@AAEXPBVTVxuv@2@00@Z 00490d90 f   Board3D.obj
 0002:00018950       ?getEmptyActorIndex@CHighGear@@QAEHXZ 00491950 f   HighGear.obj
 0002:000189c0       ??$swap@VARect@@@std@@YAXAAVARect@@0@Z 004919c0 f i HighGear.obj
 0002:00018a90       ?notifyState@CActor@@QAEXH@Z 00491a90 f   Actor.obj
 0002:00018b10       ?update@CActor@@QAEXXZ     00491b10 f   Actor.obj
 0002:00018c40       ??0LineParamZ@Lib3D@@QAE@XZ 00491c40 f i Board3D.obj
 0002:00018ca0       ??0LineParamZ@Lib3D@@QAE@HHHHH@Z 00491ca0 f i Board3D.obj
 0002:00018d20       ?Set@LineParamZ@Lib3D@@QAEXHHHHH@Z 00491d20 f i Board3D.obj
 0002:00018d90       ?Substact@LineParamZ@Lib3D@@QAEXHABU12@@Z 00491d90 f i Board3D.obj
 0002:00018e10       ?AddDelta@LineParamZ@Lib3D@@QAEXABU12@@Z 00491e10 f i Board3D.obj
 0002:00018e80       ?DrawPolyGT3zCar@CBoard3D@Lib3D@@AAEXPBVTVxuv@2@00@Z 00491e80 f   Board3D.obj
 0002:00019a40       ?_Reverse@?$deque@VARect@@V?$allocator@VARect@@@std@@@std@@QAEXII@Z 00492a40 f i HighGear.obj
 0002:00019b90       ??$_Debug_range2@V?$_Deque_const_iterator@VARect@@V?$allocator@VARect@@@std@@$00@std@@@std@@YAXV?$_Deque_const_iterator@VARect@@V?$allocator@VARect@@@std@@$00@0@0PB_WIUrandom_access_iterator_tag@0@@Z 00492b90 f i HighGear.obj
 0002:00019d30       ?DrawBillboard@CBoard3D@Lib3D@@QAEXABVVector4s@@ABVTTexture@2@HHHHHH@Z 00492d30 f   Board3D.obj
 0002:0001a5d0       ?draw@CActor@@QAEXVCLib2D@@@Z 004935d0 f   Actor.obj
 0002:0001a7f0       ?SizeX@TTexture@Lib3D@@QBEHXZ 004937f0 f i Board3D.obj
 0002:0001a830       ?SizeY@TTexture@Lib3D@@QBEHXZ 00493830 f i Board3D.obj
 0002:0001a870       ?Data@TTexture@Lib3D@@QBEPAGXZ 00493870 f i Board3D.obj
 0002:0001a8b0       ?DrawMaskX@TTexture@Lib3D@@QBEKXZ 004938b0 f i Board3D.obj
 0002:0001a8f0       ?DrawMaskY@TTexture@Lib3D@@QBEKXZ 004938f0 f i Board3D.obj
 0002:0001a930       ?VShift@TTexture@Lib3D@@QBEHXZ 00493930 f i Board3D.obj
 0002:0001a970       ?InvRhTable@CBoard3D@Lib3D@@ABEHH@Z 00493970 f i Board3D.obj
 0002:0001a9f0       ?DrawBillboard@CBoard3D@Lib3D@@QAEXABVVector4s@@ABVTTexture@2@HHHH@Z 004939f0 f   Board3D.obj
 0002:0001b610       ?XShift@TTexture@Lib3D@@QBEHXZ 00494610 f i Board3D.obj
 0002:0001b650       ?YShift@TTexture@Lib3D@@QBEHXZ 00494650 f i Board3D.obj
 0002:0001b690       ?DrawLine@CBoard3D@Lib3D@@QAEXVVector4s@@0HHABVCColor@2@_N@Z 00494690 f   Board3D.obj
 0002:0001bce0       ?Abs@Lib3D@@YAHH@Z         00494ce0 f i Board3D.obj
 0002:0001bd40       ??0Vector4s@@QAE@XZ        00494d40 f i Board3D.obj
 0002:0001bd80       ??$FastColorAdd@IG@CLib2D@@SAHIG@Z 00494d80 f i Board3D.obj
 0002:0001be30       ??$MixColor@HGH@CLib2D@@SAHHGH@Z 00494e30 f i Board3D.obj
 0002:0001bee0       ??0CCameraAsphalt@Lib3D@@QAE@XZ 00494ee0 f   Camera.obj
 0002:0001bf80       ?Init@Vector4s@@QAEXJJJ@Z  00494f80 f i Camera.obj
 0002:0001bfe0       ?Set@CCameraAsphalt@Lib3D@@QAEXABVVector4s@@0ABVCMatrix44@2@@Z 00494fe0 f   Camera.obj
 0002:0001c0e0       ?isLeft@CConvexHull@@AAEHABVConvexHullAtom@@00@Z 004950e0 f   ConvexHull.obj
 0002:0001c160       ??1CConvexHull@@QAE@XZ     00495160 f   ConvexHull.obj
 0002:0001c1f0       ?TooClose@CConvexHull@@AAE_NABVVector4s@@0@Z 004951f0 f   ConvexHull.obj
 0002:0001c380       ?Abs@Lib3D@@YAJJ@Z         00495380 f i ConvexHull.obj
 0002:0001c3e0       ?isValid@CConvexHull@@AAE_NABVVector4s@@@Z 004953e0 f   ConvexHull.obj
 0002:0001c510       ?CompareConvexHullAtom@@YAHPBX0@Z 00495510 f   ConvexHull.obj
 0002:0001c5b0       ?PrepareVertices@CConvexHull@@AAEXABVCGLMesh@Lib3D@@W4ProjectionPlane@1@HH@Z 004955b0 f   ConvexHull.obj
 0002:0001cb40       ??0Vector2s@@QAE@JJ@Z      00495b40 f i ConvexHull.obj
 0002:0001cb90       ??0ConvexHullAtom@@QAE@XZ  00495b90 f i ConvexHull.obj
 0002:0001cbf0       ??0Vector2s@@QAE@XZ        00495bf0 f i ConvexHull.obj
 0002:0001cc30       ??0ConvexHullAtom@@QAE@ABVVector2s@@H@Z 00495c30 f i ConvexHull.obj
 0002:0001cc90       ??4ConvexHullAtom@@QAEAAV0@ABV0@@Z 00495c90 f i ConvexHull.obj
 0002:0001cd00       ?NbVertex@CGLMesh@Lib3D@@QBEHXZ 00495d00 f i ConvexHull.obj
 0002:0001cd40       ?GetVertices@CGLMesh@Lib3D@@QBEPAMXZ 00495d40 f i ConvexHull.obj
 0002:0001cd80       ??0ConvexHullAtomAccessor@@QAE@PAVConvexHullAtom@@H@Z 00495d80 f i ConvexHull.obj
 0002:0001cdd0       ??AConvexHullAtomAccessor@@QBEAAVConvexHullAtom@@H@Z 00495dd0 f i ConvexHull.obj
 0002:0001ce60       ?Size@ConvexHullAtomAccessor@@QBEHXZ 00495e60 f i ConvexHull.obj
 0002:0001cea0       ??_H@YGXPAXIHP6EPAX0@Z@Z   00495ea0 f i ConvexHull.obj
 0002:0001cf10       ??0CConvexHull@@QAE@AAVCGLMesh@Lib3D@@W4ProjectionPlane@0@HH@Z 00495f10 f   ConvexHull.obj
 0002:0001d250       ?ComputeHull@CConvexHull@@AAEHXZ 00496250 f   ConvexHull.obj
 0002:0001d8f0       ?ApplyContraints@CConvexHull@@QAEXAAVCGLMesh@Lib3D@@W4ProjectionPlane@1@HH@Z 004968f0 f   ConvexHull.obj
 0002:0001db90       ??0IndexArray@@QAE@H@Z     00496b90 f i ConvexHull.obj
 0002:0001dc60       ??1IndexArray@@QAE@XZ      00496c60 f i ConvexHull.obj
 0002:0001dcd0       ??AIndexArray@@QAEAAHH@Z   00496cd0 f i ConvexHull.obj
 0002:0001dd60       ?TestConstraint@CConvexHull@@QAEHAAVCGLMesh@Lib3D@@W4ProjectionPlane@1@HH@Z 00496d60 f   ConvexHull.obj
 0002:0001de70       ??0TFace@Lib3D@@QAE@PAVTVertex@1@@Z 00496e70 f   Face.obj
 0002:0001df60       ??0COTObject@Lib3D@@IAE@XZ 00496f60 f i Face.obj
 0002:0001dfb0       ?GetGLTextureName@COTObject@Lib3D@@UAEIXZ 00496fb0 f i Face.obj
 0002:0001dff0       ??_GCOTObject@Lib3D@@MAEPAXI@Z 00496ff0 f i Face.obj
 0002:0001dff0       ??_ECOTObject@Lib3D@@MAEPAXI@Z 00496ff0 f i Face.obj
 0002:0001e060       ??1COTObject@Lib3D@@MAE@XZ 00497060 f i Face.obj
 0002:0001e0b0       ??_GTFace@Lib3D@@UAEPAXI@Z 004970b0 f i Face.obj
 0002:0001e120       ??1TFace@Lib3D@@UAE@XZ     00497120 f i Face.obj
 0002:0001e170       ??0TFace@Lib3D@@QAE@PBVTTexture@1@AAVTVertex@1@HH1HH1HHD@Z 00497170 f   Face.obj
 0002:0001e240       ?AddToOGLRenderingPipeline@TFace@Lib3D@@UAEXAAHAAPAUtagOTGroupInfo@2@AAPAM2HAAPAGAAPAE@Z 00497240 f   Face.obj
 0002:0001e950       ?VectorA@TFace@Lib3D@@QBEABVVector4s@@W4eVextexVxIndex@2@@Z 00497950 f i Face.obj
 0002:0001e9a0       ?VectorB@TFace@Lib3D@@QBEABVVector4s@@W4eVextexVxIndex@2@@Z 004979a0 f i Face.obj
 0002:0001e9f0       ?VectorC@TFace@Lib3D@@QBEABVVector4s@@W4eVextexVxIndex@2@@Z 004979f0 f i Face.obj
 0002:0001ea40       ?GetGLTextureName@TFace@Lib3D@@UAEIXZ 00497a40 f   Face.obj
 0002:0001eab0       ?Draw@TFace@Lib3D@@UAEXAAVCLib3D@2@@Z 00497ab0 f   Face.obj
 0002:0001eaf0       ?CullingTest@TFace@Lib3D@@QBE_NXZ 00497af0 f   Face.obj
 0002:0001ec20       ?Dot@Vector4s@@SAHABV1@0@Z 00497c20 f i Face.obj
 0002:0001ec90       ?Cross@Vector4s@@SA?AV1@ABV1@0@Z 00497c90 f i Face.obj
 0002:0001ed50       ??0Vector4s@@QAE@HHH@Z     00497d50 f i Face.obj
 0002:0001edb0       ??G@YA?AVVector4s@@ABV0@0@Z 00497db0 f i Face.obj
 0002:0001ee30       ?VertexA@TFace@Lib3D@@QBEPBVTVertex@2@XZ 00497e30 f i Face.obj
 0002:0001ee70       ?VertexB@TFace@Lib3D@@QBEPBVTVertex@2@XZ 00497e70 f i Face.obj
 0002:0001eeb0       ?VertexC@TFace@Lib3D@@QBEPBVTVertex@2@XZ 00497eb0 f i Face.obj
 0002:0001eef0       ?GetZForOrderingTable@TFace@Lib3D@@UBEHXZ 00497ef0 f   Face.obj
 0002:0001efb0       ?GetZForOrderingTable@TBillboard@Lib3D@@UBEHXZ 00497fb0 f   Face.obj
 0002:0001f010       ?AddToOGLRenderingPipeline@TBillboard@Lib3D@@UAEXAAHAAPAUtagOTGroupInfo@2@AAPAM2HAAPAGAAPAE@Z 00498010 f   Face.obj
 0002:0001f7e0       ?GetFlags@TTexture@Lib3D@@QAEHXZ 004987e0 f i Face.obj
 0002:0001f820       ?Draw@TBillboard@Lib3D@@UAEXAAVCLib3D@2@@Z 00498820 f   Face.obj
 0002:0001f8f0       ?GetFoV@CLib3D@Lib3D@@QBEHXZ 004988f0 f i Face.obj
 0002:0001f950       ?GetFoV@CRender@Lib3D@@QBEHXZ 00498950 f i Face.obj
 0002:0001f990       ?FSqrt@Lib3D@@YAHH@Z       00498990 f   FSqrt.obj
 0002:0001fad0       ?FSqrtI@Lib3D@@YAHH@Z      00498ad0 f   FSqrt.obj
 0002:0001fcb0       ?FSqrt4@Lib3D@@YAHH@Z      00498cb0 f   FSqrt.obj
 0002:0001fd60       ?FSqrt8@Lib3D@@YAHH@Z      00498d60 f   FSqrt.obj
 0002:0001fe10       ?Atan2i@@YAHHH@Z           00498e10 f   IMath.obj
 0002:00020020       ?GetYOrient@Lib3D@@YAHABVVector4s@@0@Z 00499020 f   IMath.obj
 0002:00020090       ?GetXOrient@Lib3D@@YAHABVVector4s@@0@Z 00499090 f   IMath.obj
 0002:00020160       ?AngleDiff@Lib3D@@YAHHH@Z  00499160 f   IMath.obj
 0002:000201c0       ?Log2@Lib3D@@YAHH@Z        004991c0 f   IMath.obj
 0002:00020220       ?GetFovFromXAngle@Lib3D@@YAHH@Z 00499220 f   IMath.obj
 0002:000202f0       ?Sinus@Lib3D@@YAFH@Z       004992f0 f i IMath.obj
 0002:00020340       ?Cosinus@Lib3D@@YAFH@Z     00499340 f i IMath.obj
 0002:00020390       ?GetFovFromYAngle@Lib3D@@YAHH@Z 00499390 f   IMath.obj
 0002:00020460       ?GetXAngleFromFov@Lib3D@@YAHH@Z 00499460 f   IMath.obj
 0002:000204d0       ?GetYAngleFromFov@Lib3D@@YAHH@Z 004994d0 f   IMath.obj
 0002:00020540       ?PositiveQuadraticRoot12@Lib3D@@YAHHHH@Z 00499540 f   IMath.obj
 0002:00020720       ?Max@Lib3D@@YAHHH@Z        00499720 f i IMath.obj
 0002:00020780       ?Quotient12@Lib3D@@YAHHH@Z 00499780 f i IMath.obj
 0002:00020800       ?Product12@Lib3D@@YAHHH@Z  00499800 f i IMath.obj
 0002:000208a0       ?_Check_Int_Limit@@YAXN@Z  004998a0 f   IMath.obj
 0002:00020940       ?_Check_Short_Limit@@YAXN@Z 00499940 f   IMath.obj
 0002:000209e0       ?_Check_Precision@@YAXNHN@Z 004999e0 f   IMath.obj
 0002:00020ab0       ?CreateFace@@YAXAAVFile@@AAVTFace@Lib3D@@PAVTVertex@3@PBVTTexture@3@@Z 00499ab0 f   Keyframed.obj
 0002:00020bf0       ?ReadInt@File@@QAEJXZ      00499bf0 f i Keyframed.obj
 0002:00020c80       ?ShiftUV@@YAXAAVTFace@Lib3D@@H@Z 00499c80 f   Keyframed.obj
 0002:00020d30       ??_ETFace@Lib3D@@UAEPAXI@Z 00499d30 f i Keyframed.obj
 0002:00020df0       ??0TKeyFramed@@QAE@H@Z     00499df0 f   Keyframed.obj
 0002:00020e50       ??1TKeyFramed@@QAE@XZ      00499e50 f   Keyframed.obj
 0002:00020f30       ?Load@TKeyFramed@@AAEXPBD00H@Z 00499f30 f   Keyframed.obj
 0002:00021050       ??0SubMesh@TKeyFramed@@QAE@PBD00H@Z 0049a050 f i Keyframed.obj
 0002:00021710       ??0File@@QAE@PBD@Z         0049a710 f i Keyframed.obj
 0002:00021780       ??1File@@QAE@XZ            0049a780 f i Keyframed.obj
 0002:000217e0       ?Close@File@@QAEXXZ        0049a7e0 f i Keyframed.obj
 0002:00021850       ??0TFace@Lib3D@@QAE@XZ     0049a850 f i Keyframed.obj
 0002:000218e0       ?SetUV@SubMesh@TKeyFramed@@QAEXPBVTTexture@Lib3D@@@Z 0049a8e0 f i Keyframed.obj
 0002:00021a10       ?Draw@SubMesh@TKeyFramed@@UAEXAAVCLib3D@Lib3D@@H@Z 0049aa10 f i Keyframed.obj
 0002:00021b60       ?PushMatrix@CLib3D@Lib3D@@QAEAAVCMatrix44@2@XZ 0049ab60 f i Keyframed.obj
 0002:00021bc0       ?MatrixStack@CRender@Lib3D@@QAEAAVCMatrixStack@2@XZ 0049abc0 f i Keyframed.obj
 0002:00021c00       ?PopMatrix@CLib3D@Lib3D@@QAEXXZ 0049ac00 f i Keyframed.obj
 0002:00021c60       ?DrawMeshOTFace@CLib3D@Lib3D@@QAEXAAVCMesh@2@H@Z 0049ac60 f i Keyframed.obj
 0002:00021cd0       ?SetPosition@SubMesh@TKeyFramed@@UAEXAAVCMatrix44@Lib3D@@@Z 0049acd0 f i Keyframed.obj
 0002:00021d60       ?Translate@CMatrix44@Lib3D@@QAEXABVVector4s@@@Z 0049ad60 f i Keyframed.obj
 0002:00021dd0       ?SetRotation@SubMesh@TKeyFramed@@UAEXAAVCMatrix44@Lib3D@@@Z 0049add0 f i Keyframed.obj
 0002:00021e80       ??_ESubMesh@TKeyFramed@@UAEPAXI@Z 0049ae80 f i Keyframed.obj
 0002:00021e80       ??_GSubMesh@TKeyFramed@@UAEPAXI@Z 0049ae80 f i Keyframed.obj
 0002:00021ef0       ??1SubMesh@TKeyFramed@@UAE@XZ 0049aef0 f i Keyframed.obj
 0002:00022010       ??0TVertex@Lib3D@@QAE@XZ   0049b010 f i Keyframed.obj
 0002:00022080       ??_GTTexture@Lib3D@@QAEPAXI@Z 0049b080 f i Keyframed.obj
 0002:000220f0       ?Draw@TKeyFramed@@QAEXAAVCLib3D@Lib3D@@H@Z 0049b0f0 f   Keyframed.obj
 0002:000221a0       ??0?$vector@VVector4s@@V?$allocator@VVector4s@@@std@@@std@@QAE@XZ 0049b1a0 f i Keyframed.obj
 0002:00022260       ??1?$vector@VVector4s@@V?$allocator@VVector4s@@@std@@@std@@QAE@XZ 0049b260 f i Keyframed.obj
 0002:00022300       ?resize@?$vector@VVector4s@@V?$allocator@VVector4s@@@std@@@std@@QAEXI@Z 0049b300 f i Keyframed.obj
 0002:00022370       ?size@?$vector@VVector4s@@V?$allocator@VVector4s@@@std@@@std@@QBEIXZ 0049b370 f i Keyframed.obj
 0002:000223c0       ??A?$vector@VVector4s@@V?$allocator@VVector4s@@@std@@@std@@QAEAAVVector4s@@I@Z 0049b3c0 f i Keyframed.obj
 0002:00022500       ??1?$_Vector_val@VVector4s@@V?$allocator@VVector4s@@@std@@@std@@QAE@XZ 0049b500 f i Keyframed.obj
 0002:00022550       ?resize@?$vector@VVector4s@@V?$allocator@VVector4s@@@std@@@std@@QAEXIVVector4s@@@Z 0049b550 f i Keyframed.obj
 0002:000227f0       ?_Buy@?$vector@VVector4s@@V?$allocator@VVector4s@@@std@@@std@@IAE_NI@Z 0049b7f0 f i Keyframed.obj
 0002:000228d0       ?_Tidy@?$vector@VVector4s@@V?$allocator@VVector4s@@@std@@@std@@IAEXXZ 0049b8d0 f i Keyframed.obj
 0002:000229a0       ??0?$_Vector_val@VVector4s@@V?$allocator@VVector4s@@@std@@@std@@IAE@V?$allocator@VVector4s@@@1@@Z 0049b9a0 f i Keyframed.obj
 0002:00022a20       ??1?$_Container_base_aux_alloc_empty@V?$allocator@VVector4s@@@std@@@std@@IAE@XZ 0049ba20 f i Keyframed.obj
 0002:00022a70       ??0?$allocator@VVector4s@@@std@@QAE@XZ 0049ba70 f i Keyframed.obj
 0002:00022ab0       ??1?$_Vector_iterator@VVector4s@@V?$allocator@VVector4s@@@std@@@std@@QAE@XZ 0049bab0 f i Keyframed.obj
 0002:00022b00       ??0?$_Vector_const_iterator@VVector4s@@V?$allocator@VVector4s@@@std@@@std@@QAE@ABV01@@Z 0049bb00 f i Keyframed.obj
 0002:00022b70       ??1?$_Vector_const_iterator@VVector4s@@V?$allocator@VVector4s@@@std@@@std@@QAE@XZ 0049bb70 f i Keyframed.obj
 0002:00022bc0       ??0?$_Ranit@VVector4s@@HPBV1@ABV1@@std@@QAE@ABU01@@Z 0049bbc0 f i Keyframed.obj
 0002:00022c20       ??1?$_Ranit@VVector4s@@HPBV1@ABV1@@std@@QAE@XZ 0049bc20 f i Keyframed.obj
 0002:00022c70       ??0?$_Iterator_with_base@Urandom_access_iterator_tag@std@@VVector4s@@HPBV3@ABV3@V_Iterator_base@2@@std@@QAE@ABU01@@Z 0049bc70 f i Keyframed.obj
 0002:00022cd0       ??0_Iterator_base@std@@QAE@ABV01@@Z 0049bcd0 f i Keyframed.obj
 0002:00022d50       ??4_Iterator_base@std@@QAEAAV01@ABV01@@Z 0049bd50 f i Keyframed.obj
 0002:00022e60       ??1?$_Iterator_with_base@Urandom_access_iterator_tag@std@@VVector4s@@HPBV3@ABV3@V_Iterator_base@2@@std@@QAE@XZ 0049be60 f i Keyframed.obj
 0002:00022eb0       ?begin@?$vector@VVector4s@@V?$allocator@VVector4s@@@std@@@std@@QAE?AV?$_Vector_iterator@VVector4s@@V?$allocator@VVector4s@@@std@@@2@XZ 0049beb0 f i Keyframed.obj
 0002:00022f40       ?end@?$vector@VVector4s@@V?$allocator@VVector4s@@@std@@@std@@QAE?AV?$_Vector_iterator@VVector4s@@V?$allocator@VVector4s@@@std@@@2@XZ 0049bf40 f i Keyframed.obj
 0002:00022fd0       ?max_size@?$vector@VVector4s@@V?$allocator@VVector4s@@@std@@@std@@QBEIXZ 0049bfd0 f i Keyframed.obj
 0002:00023030       ?erase@?$vector@VVector4s@@V?$allocator@VVector4s@@@std@@@std@@QAE?AV?$_Vector_iterator@VVector4s@@V?$allocator@VVector4s@@@std@@@2@V?$_Vector_const_iterator@VVector4s@@V?$allocator@VVector4s@@@std@@@2@0@Z 0049c030 f i Keyframed.obj
 0002:000232c0       ?_Destroy@?$vector@VVector4s@@V?$allocator@VVector4s@@@std@@@std@@IAEXPAVVector4s@@0@Z 0049c2c0 f i Keyframed.obj
 0002:00023330       ?_Insert_n@?$vector@VVector4s@@V?$allocator@VVector4s@@@std@@@std@@IAEXV?$_Vector_const_iterator@VVector4s@@V?$allocator@VVector4s@@@std@@@2@IABVVector4s@@@Z 0049c330 f i Keyframed.obj
 0002:00023900       ??0Vector4s@@QAE@ABV0@@Z   0049c900 f i Keyframed.obj
 0002:00023970       ?_Xlen@?$vector@VVector4s@@V?$allocator@VVector4s@@@std@@@std@@KAXXZ 0049c970 f i Keyframed.obj
 0002:00023a50       ??0length_error@std@@QAE@ABV?$basic_string@DU?$char_traits@D@std@@V?$allocator@D@2@@1@@Z 0049ca50 f i Keyframed.obj
 0002:00023ac0       ??0logic_error@std@@QAE@ABV?$basic_string@DU?$char_traits@D@std@@V?$allocator@D@2@@1@@Z 0049cac0 f i Keyframed.obj
 0002:00023b80       ?what@logic_error@std@@UBEPBDXZ 0049cb80 f i Keyframed.obj
 0002:00023be0       ??_Glogic_error@std@@UAEPAXI@Z 0049cbe0 f i Keyframed.obj
 0002:00023be0       ??_Elogic_error@std@@UAEPAXI@Z 0049cbe0 f i Keyframed.obj
 0002:00023c50       ??1logic_error@std@@UAE@XZ 0049cc50 f i Keyframed.obj
 0002:00023cc0       ??1length_error@std@@UAE@XZ 0049ccc0 f i Keyframed.obj
 0002:00023d20       ??_Glength_error@std@@UAEPAXI@Z 0049cd20 f i Keyframed.obj
 0002:00023d20       ??_Elength_error@std@@UAEPAXI@Z 0049cd20 f i Keyframed.obj
 0002:00023d90       ??0logic_error@std@@QAE@ABV01@@Z 0049cd90 f i Keyframed.obj
 0002:00023e60       ??0?$basic_string@DU?$char_traits@D@std@@V?$allocator@D@2@@std@@QAE@PBD@Z 0049ce60 f i Keyframed.obj
 0002:00023f30       ??0?$_Container_base_aux_alloc_empty@V?$allocator@VVector4s@@@std@@@std@@IAE@V?$allocator@VVector4s@@@1@@Z 0049cf30 f i Keyframed.obj
 0002:00023f90       ??0?$allocator@VVector4s@@@std@@QAE@ABV01@@Z 0049cf90 f i Keyframed.obj
 0002:00023fd0       ?deallocate@?$allocator@VVector4s@@@std@@QAEXPAVVector4s@@I@Z 0049cfd0 f i Keyframed.obj
 0002:00024030       ?allocate@?$allocator@VVector4s@@@std@@QAEPAVVector4s@@I@Z 0049d030 f i Keyframed.obj
 0002:00024090       ??H?$_Vector_iterator@VVector4s@@V?$allocator@VVector4s@@@std@@@std@@QBE?AV01@H@Z 0049d090 f i Keyframed.obj
 0002:000241b0       ??0length_error@std@@QAE@ABV01@@Z 0049d1b0 f i Keyframed.obj
 0002:00024220       ??0?$_Vector_iterator@VVector4s@@V?$allocator@VVector4s@@@std@@@std@@QAE@ABV01@@Z 0049d220 f i Keyframed.obj
 0002:00024280       ?capacity@?$vector@VVector4s@@V?$allocator@VVector4s@@@std@@@std@@QBEIXZ 0049d280 f i Keyframed.obj
 0002:00024300       ?_Make_iter@?$vector@VVector4s@@V?$allocator@VVector4s@@@std@@@std@@QBE?AV?$_Vector_iterator@VVector4s@@V?$allocator@VVector4s@@@std@@@2@V?$_Vector_const_iterator@VVector4s@@V?$allocator@VVector4s@@@std@@@2@@Z 0049d300 f i Keyframed.obj
 0002:000243d0       ?_Ufill@?$vector@VVector4s@@V?$allocator@VVector4s@@@std@@@std@@IAEPAVVector4s@@PAV3@IABV3@@Z 0049d3d0 f i Keyframed.obj
 0002:00024450       ?_Orphan_range@?$vector@VVector4s@@V?$allocator@VVector4s@@@std@@@std@@IBEXPAVVector4s@@0@Z 0049d450 f i Keyframed.obj
 0002:00024550       ?max_size@?$allocator@VVector4s@@@std@@QBEIXZ 0049d550 f i Keyframed.obj
 0002:000245c0       ??0?$_Vector_iterator@VVector4s@@V?$allocator@VVector4s@@@std@@@std@@QAE@PAVVector4s@@PBV_Container_base_secure@1@@Z 0049d5c0 f i Keyframed.obj
 0002:00024620       ??Y?$_Vector_iterator@VVector4s@@V?$allocator@VVector4s@@@std@@@std@@QAEAAV01@H@Z 0049d620 f i Keyframed.obj
 0002:00024680       ??9?$_Vector_const_iterator@VVector4s@@V?$allocator@VVector4s@@@std@@@std@@QBE_NABV01@@Z 0049d680 f i Keyframed.obj
 0002:000246f0       ??M?$_Vector_const_iterator@VVector4s@@V?$allocator@VVector4s@@@std@@@std@@QBE_NABV01@@Z 0049d6f0 f i Keyframed.obj
 0002:00024760       ??0?$_Vector_const_iterator@VVector4s@@V?$allocator@VVector4s@@@std@@@std@@QAE@PAVVector4s@@PBV_Container_base_secure@1@@Z 0049d760 f i Keyframed.obj
 0002:00024890       ??Y?$_Vector_const_iterator@VVector4s@@V?$allocator@VVector4s@@@std@@@std@@QAEAAV01@H@Z 0049d890 f i Keyframed.obj
 0002:00024a00       ?_Getmycont@_Iterator_base@std@@QBEPBV_Container_base_secure@2@XZ 0049da00 f i Keyframed.obj
 0002:00024a40       ??8?$_Vector_const_iterator@VVector4s@@V?$allocator@VVector4s@@@std@@@std@@QBE_NABV01@@Z 0049da40 f i Keyframed.obj
 0002:00024ab0       ?_Compat@?$_Vector_const_iterator@VVector4s@@V?$allocator@VVector4s@@@std@@@std@@QBEXABV12@@Z 0049dab0 f i Keyframed.obj
 0002:00024b80       ??0?$_Ranit@VVector4s@@HPBV1@ABV1@@std@@QAE@XZ 0049db80 f i Keyframed.obj
 0002:00024be0       ??0?$_Iterator_with_base@Urandom_access_iterator_tag@std@@VVector4s@@HPBV3@ABV3@V_Iterator_base@2@@std@@QAE@XZ 0049dbe0 f i Keyframed.obj
 0002:00024c40       ??$unchecked_copy@PAVVector4s@@PAV1@@stdext@@YAPAVVector4s@@PAV1@00@Z 0049dc40 f i Keyframed.obj
 0002:00024d10       ??$_Destroy_range@V?$allocator@VVector4s@@@std@@@std@@YAXPAVVector4s@@0AAV?$allocator@VVector4s@@@0@@Z 0049dd10 f i Keyframed.obj
 0002:00024d90       ??$_Umove@PAVVector4s@@@?$vector@VVector4s@@V?$allocator@VVector4s@@@std@@@std@@IAEPAVVector4s@@PAV2@00@Z 0049dd90 f i Keyframed.obj
 0002:00024e00       ??$fill@PAVVector4s@@V1@@std@@YAXPAVVector4s@@0ABV1@@Z 0049de00 f i Keyframed.obj
 0002:00024e70       ??$_Unchecked_move_backward@PAVVector4s@@PAV1@@stdext@@YAPAVVector4s@@PAV1@00@Z 0049de70 f i Keyframed.obj
 0002:00024f40       ??$_Allocate@VVector4s@@@std@@YAPAVVector4s@@IPAV1@@Z 0049df40 f i Keyframed.obj
 0002:00024fe0       ??$unchecked_uninitialized_fill_n@PAVVector4s@@IV1@V?$allocator@VVector4s@@@std@@@stdext@@YAXPAVVector4s@@IABV1@AAV?$allocator@VVector4s@@@std@@@Z 0049dfe0 f i Keyframed.obj
 0002:00025080       ??$_Checked_base@PAVVector4s@@@std@@YAPAVVector4s@@AAPAV1@@Z 0049e080 f i Keyframed.obj
 0002:00025110       ??$_Iter_random@PAVVector4s@@PAV1@@std@@YA?AUrandom_access_iterator_tag@0@ABQAVVector4s@@0@Z 0049e110 f i Keyframed.obj
 0002:00025180       ??$_Ptr_cat@PAVVector4s@@PAV1@@std@@YA?AU_Nonscalar_ptr_iterator_tag@0@AAPAVVector4s@@0@Z 0049e180 f i Keyframed.obj
 0002:000251f0       ??$_Copy_opt@PAVVector4s@@PAV1@@std@@YAPAVVector4s@@PAV1@00Urandom_access_iterator_tag@0@U_Nonscalar_ptr_iterator_tag@0@U_Range_checked_iterator_tag@0@@Z 0049e1f0 f i Keyframed.obj
 0002:000252b0       ??$_Destroy_range@V?$allocator@VVector4s@@@std@@@std@@YAXPAVVector4s@@0AAV?$allocator@VVector4s@@@0@U_Nonscalar_ptr_iterator_tag@0@@Z 0049e2b0 f i Keyframed.obj
 0002:00025320       ??$_Unchecked_uninitialized_move@PAVVector4s@@PAV1@V?$allocator@VVector4s@@@std@@@stdext@@YAPAVVector4s@@PAV1@00AAV?$allocator@VVector4s@@@std@@@Z 0049e320 f i Keyframed.obj
 0002:000253d0       ??$_Fill@PAVVector4s@@V1@@std@@YAXPAVVector4s@@0ABV1@@Z 0049e3d0 f i Keyframed.obj
 0002:00025470       ??$_Move_cat@PAVVector4s@@@std@@YA?AU_Undefined_move_tag@0@ABQAVVector4s@@@Z 0049e470 f i Keyframed.obj
 0002:000254e0       ??$_Move_backward_opt@PAVVector4s@@PAV1@Urandom_access_iterator_tag@std@@U_Undefined_move_tag@3@@std@@YAPAVVector4s@@PAV1@00Urandom_access_iterator_tag@0@U_Undefined_move_tag@0@U_Range_checked_iterator_tag@0@@Z 0049e4e0 f i Keyframed.obj
 0002:00025580       ??$_Uninit_fill_n@PAVVector4s@@IV1@V?$allocator@VVector4s@@@std@@@std@@YAXPAVVector4s@@IABV1@AAV?$allocator@VVector4s@@@0@U_Nonscalar_ptr_iterator_tag@0@U_Range_checked_iterator_tag@0@@Z 0049e580 f i Keyframed.obj
 0002:00025690       ?construct@?$allocator@VVector4s@@@std@@QAEXPAVVector4s@@ABV3@@Z 0049e690 f i Keyframed.obj
 0002:000256f0       ?destroy@?$allocator@VVector4s@@@std@@QAEXPAVVector4s@@@Z 0049e6f0 f i Keyframed.obj
 0002:00025750       ??$_Checked_base@PAVVector4s@@@std@@YAPAVVector4s@@AAPAV1@U_Unchanged_checked_iterator_base_type_tag@0@@Z 0049e750 f i Keyframed.obj
 0002:00025790       ??$_Copy_opt@PAVVector4s@@PAV1@Uforward_iterator_tag@std@@@std@@YAPAVVector4s@@PAV1@00Uforward_iterator_tag@0@U_Nonscalar_ptr_iterator_tag@0@U_Range_checked_iterator_tag@0@@Z 0049e790 f i Keyframed.obj
 0002:00025840       ??$_Uninit_move@PAVVector4s@@PAV1@V?$allocator@VVector4s@@@std@@U_Undefined_move_tag@3@@std@@YAPAVVector4s@@PAV1@00AAV?$allocator@VVector4s@@@0@U_Undefined_move_tag@0@U_Range_checked_iterator_tag@0@@Z 0049e840 f i Keyframed.obj
 0002:000258a0       ??$_Debug_range@PAVVector4s@@@std@@YAXPAVVector4s@@0PB_WI@Z 0049e8a0 f i Keyframed.obj
 0002:00025920       ??$_Copy_backward_opt@PAVVector4s@@PAV1@@std@@YAPAVVector4s@@PAV1@00Urandom_access_iterator_tag@0@U_Nonscalar_ptr_iterator_tag@0@U_Range_checked_iterator_tag@0@@Z 0049e920 f i Keyframed.obj
 0002:000259e0       ??$_Construct@VVector4s@@V1@@std@@YAXPAVVector4s@@ABV1@@Z 0049e9e0 f i Keyframed.obj
 0002:00025ad0       ??2@YAPAXIPAX@Z            0049ead0 f i Keyframed.obj
 0002:00025b10       ??3@YAXPAX0@Z              0049eb10 f i Keyframed.obj
 0002:00025b40       ??$_Destroy@VVector4s@@@std@@YAXPAVVector4s@@@Z 0049eb40 f i Keyframed.obj
 0002:00025b70       ??$unchecked_uninitialized_copy@PAVVector4s@@PAV1@V?$allocator@VVector4s@@@std@@@stdext@@YAPAVVector4s@@PAV1@00AAV?$allocator@VVector4s@@@std@@@Z 0049eb70 f i Keyframed.obj
 0002:00025c20       ??$_Iter_cat@PAVVector4s@@@std@@YA?AUrandom_access_iterator_tag@0@ABQAVVector4s@@@Z 0049ec20 f i Keyframed.obj
 0002:00025c90       ??$_Debug_range2@PAVVector4s@@@std@@YAXPAVVector4s@@0PB_WIUrandom_access_iterator_tag@0@@Z 0049ec90 f i Keyframed.obj
 0002:00025d30       ??$_Copy_backward_opt@PAVVector4s@@PAV1@Uforward_iterator_tag@std@@@std@@YAPAVVector4s@@PAV1@00Uforward_iterator_tag@0@U_Nonscalar_ptr_iterator_tag@0@U_Range_checked_iterator_tag@0@@Z 0049ed30 f i Keyframed.obj
 0002:00025de0       ??$_Uninit_copy@PAVVector4s@@PAV1@V?$allocator@VVector4s@@@std@@@std@@YAPAVVector4s@@PAV1@00AAV?$allocator@VVector4s@@@0@U_Nonscalar_ptr_iterator_tag@0@U_Range_checked_iterator_tag@0@@Z 0049ede0 f i Keyframed.obj
 0002:00025f30       ??$_Debug_pointer@VVector4s@@@std@@YAXPAVVector4s@@PB_WI@Z 0049ef30 f i Keyframed.obj
 0002:00025f90       ??0CLib3D@Lib3D@@QAE@XZ    0049ef90 f   Lib3d.obj
 0002:00026410       ??1CLib3D@Lib3D@@QAE@XZ    0049f410 f   Lib3d.obj
 0002:00026640       ??_GCBoard3D@Lib3D@@QAEPAXI@Z 0049f640 f i Lib3d.obj
 0002:000266b0       ??_GCRender@Lib3D@@QAEPAXI@Z 0049f6b0 f i Lib3d.obj
 0002:00026720       ?Init@CLib3D@Lib3D@@QAEXXZ 0049f720 f   Lib3d.obj
 0002:000267e0       ?Draw@CLib3D@Lib3D@@QAEXPAURoadStruct@@HHHPAVTTexture@2@PAUsAtlasTextureTile@42@_N@Z 0049f7e0 f   Lib3d.obj
 0002:00026860       ?Draw@CLib3D@Lib3D@@QAEXAAVCSkyBox@2@AAVSunFX@@_N@Z 0049f860 f   Lib3d.obj
 0002:000269c0       ?GetRotation@CCameraAsphalt@Lib3D@@QBEABVVector4s@@XZ 0049f9c0 f i Lib3d.obj
 0002:00026a00       ?Draw@CLib3D@Lib3D@@QAEXABVVector4s@@0H@Z 0049fa00 f   Lib3d.obj
 0002:00026a90       ?SetWireFrame@CBoard3D@Lib3D@@QAEXH@Z 0049fa90 f i Lib3d.obj
 0002:00026ae0       ?ClearWireFrame@CBoard3D@Lib3D@@QAEXXZ 0049fae0 f i Lib3d.obj
 0002:00026b30       ?SetFov@CLib3D@Lib3D@@QAEXH@Z 0049fb30 f   Lib3d.obj
 0002:00026b90       ?GetVisionAngle@CLib3D@Lib3D@@QBEXAAH0@Z 0049fb90 f   Lib3d.obj
 0002:00026c60       ?GetCameraPosition@CLib3D@Lib3D@@QBEABVVector4s@@XZ 0049fc60 f   Lib3d.obj
 0002:00026cc0       ?GetPosition@CCameraAsphalt@Lib3D@@QBEABVVector4s@@XZ 0049fcc0 f i Lib3d.obj
 0002:00026d00       ?GetCameraRotation@CLib3D@Lib3D@@QBEABVVector4s@@XZ 0049fd00 f   Lib3d.obj
 0002:00026d60       ?GetCameraMatrix@CLib3D@Lib3D@@QAEPBVCMatrix44@2@XZ 0049fd60 f   Lib3d.obj
 0002:00026dc0       ?GetMatrix@CCameraAsphalt@Lib3D@@QBEABVCMatrix44@2@XZ 0049fdc0 f i Lib3d.obj
 0002:00026e00       ?BeginRendering@CLib3D@Lib3D@@QAEXABVVector4s@@0ABVCMatrix44@2@@Z 0049fe00 f   Lib3d.obj
 0002:00026f20       ?SetFrameEven@CBoard3D@Lib3D@@QAEX_N@Z 0049ff20 f i Lib3d.obj
 0002:00026f70       ?EndRendering@CLib3D@Lib3D@@QAEXXZ 0049ff70 f   Lib3d.obj
 0002:00027100       ?DrawBillboard@CLib3D@Lib3D@@QAEXABVVector4s@@_NABVTTexture@2@HH@Z 004a0100 f   Lib3d.obj
 0002:000272b0       ?TransformVectorz@CMatrix44@Lib3D@@QBEXPBVVector4s@@PAV3@@Z 004a02b0 f i Lib3d.obj
 0002:00027310       ?TransformVectorz@CMatrix44@Lib3D@@QBEHPBVVector4s@@@Z 004a0310 f i Lib3d.obj
 0002:000273e0       ?INDEX@CMatrix44@Lib3D@@CAHHH@Z 004a03e0 f i Lib3d.obj
 0002:00027420       ?TransformVectorxy@CMatrix44@Lib3D@@QBEXPBVVector4s@@PAV3@@Z 004a0420 f i Lib3d.obj
 0002:000274a0       ?TransformVectorx@CMatrix44@Lib3D@@QBEHPBVVector4s@@@Z 004a04a0 f i Lib3d.obj
 0002:00027570       ?TransformVectory@CMatrix44@Lib3D@@QBEHPBVVector4s@@@Z 004a0570 f i Lib3d.obj
 0002:00027640       ?CurrentMatrix@CLib3D@Lib3D@@QBEABVCMatrix44@2@XZ 004a0640 f i Lib3d.obj
 0002:000276a0       ?CurrentMatrix@CMatrixStack@Lib3D@@QBEABVCMatrix44@2@XZ 004a06a0 f i Lib3d.obj
 0002:000276e0       ?DrawLine@CLib3D@Lib3D@@QAEXABVVector4s@@0HH_N@Z 004a06e0 f   Lib3d.obj
 0002:00027770       ?DefProjection@CLib3D@Lib3D@@QBEXPBVVector4s@@PAV3@@Z 004a0770 f   Lib3d.obj
 0002:000277e0       ?DefProjection@CBoard3D@Lib3D@@QAEXPBVVector4s@@PAV3@H@Z 004a07e0 f i Lib3d.obj
 0002:000278f0       ?DefProjectionNear@CBoard3D@Lib3D@@AAEXPBVVector4s@@PAV3@HH@Z 004a08f0 f i Lib3d.obj
 0002:00027a30       ?DefProjectionFar@CBoard3D@Lib3D@@AAEXPBVVector4s@@PAV3@H@Z 004a0a30 f i Lib3d.obj
 0002:00027b40       ?AllocateFaces@CLib3D@Lib3D@@QAEPAVTFace@2@H@Z 004a0b40 f   Lib3d.obj
 0002:00027be0       ?AllocateVertex@CLib3D@Lib3D@@QAEPAVTVertex@2@H@Z 004a0be0 f   Lib3d.obj
 0002:00027c80       ?MemAllocInit@@YAXXZ       004a0c80 f   Malloc.obj
 0002:00027cf0       ?Malloc@@YAPAXH@Z          004a0cf0 f   Malloc.obj
 0002:00027e50       ?Realloc@@YAPAXPAXH@Z      004a0e50 f   Malloc.obj
 0002:00028030       ?Free@@YAXPAX@Z            004a1030 f   Malloc.obj
 0002:00028150       ?TagCurrentAlloc@@YAXXZ    004a1150 f   Malloc.obj
 0002:000281f0       ?CheckAllocTag@@YAXXZ      004a11f0 f   Malloc.obj
 0002:000282f0       ?GetMatrixFloat@CMatrix44@Lib3D@@QBEXPAM@Z 004a12f0 f   Matrix.obj
 0002:00028510       ?Load@CMatrix44@Lib3D@@QAEXPBV12@@Z 004a1510 f   Matrix.obj
 0002:00028600       ?LoadIdentity@CMatrix44@Lib3D@@QAEXXZ 004a1600 f   Matrix.obj
 0002:00028790       ?Mult@CMatrix44@Lib3D@@QAEXPBV12@@Z 004a1790 f   Matrix.obj
 0002:00028e60       ?MultFlipX@CMatrix44@Lib3D@@QAEXPBV12@@Z 004a1e60 f   Matrix.obj
 0002:00029550       ?GetProduct@CMatrix44@Lib3D@@QAEXPBV12@0@Z 004a2550 f   Matrix.obj
 0002:00029e30       ?InvRotateVector@CMatrix44@Lib3D@@QAEXPBVVector4s@@PAV3@@Z 004a2e30 f   Matrix.obj
 0002:00029fc0       ?DefScale@CMatrix44@Lib3D@@QAEXH@Z 004a2fc0 f   Matrix.obj
 0002:0002a060       ?Scale@CMatrix44@Lib3D@@QAEXH@Z 004a3060 f   Matrix.obj
 0002:0002a100       ?DefTranslate@CMatrix44@Lib3D@@QAEXJJJ@Z 004a3100 f   Matrix.obj
 0002:0002a1a0       ?Translate@CMatrix44@Lib3D@@QAEXJJJ@Z 004a31a0 f   Matrix.obj
 0002:0002a4e0       ?DefRotateX@CMatrix44@Lib3D@@QAEXH@Z 004a34e0 f   Matrix.obj
 0002:0002a6a0       ?DefRotateY@CMatrix44@Lib3D@@QAEXH@Z 004a36a0 f   Matrix.obj
 0002:0002a860       ?DefRotateZ@CMatrix44@Lib3D@@QAEXH@Z 004a3860 f   Matrix.obj
 0002:0002aa20       ?Component@@YAHHHHHH@Z     004a3a20 f   Matrix.obj
 0002:0002aa90       ?RotateX@CMatrix44@Lib3D@@QAEXH@Z 004a3a90 f   Matrix.obj
 0002:0002ab80       ?RotateY@CMatrix44@Lib3D@@QAEXH@Z 004a3b80 f   Matrix.obj
 0002:0002ac70       ?RotateZ@CMatrix44@Lib3D@@QAEXH@Z 004a3c70 f   Matrix.obj
 0002:0002ad60       ?ScaleX@CMatrix44@Lib3D@@QAEXH@Z 004a3d60 f   Matrix.obj
 0002:0002ae20       ?ScaleY@CMatrix44@Lib3D@@QAEXH@Z 004a3e20 f   Matrix.obj
 0002:0002aee0       ?ScaleZ@CMatrix44@Lib3D@@QAEXH@Z 004a3ee0 f   Matrix.obj
 0002:0002afa0       ?Transpose@CMatrix44@Lib3D@@QAEXXZ 004a3fa0 f   Matrix.obj
 0002:0002b110       ?ProjectToXZ@CMatrix44@Lib3D@@QAEXXZ 004a4110 f   Matrix.obj
 0002:0002b1b0       ?ProjectToXZAvoidZeroScale@CMatrix44@Lib3D@@QAEXXZ 004a41b0 f   Matrix.obj
 0002:0002b270       ??8CMatrix44@Lib3D@@QBE_NABV01@@Z 004a4270 f   Matrix.obj
 0002:0002b2f0       ??0CMatrixStack@Lib3D@@QAE@H@Z 004a42f0 f   Matrix.obj
 0002:0002b3a0       ??1CMatrixStack@Lib3D@@QAE@XZ 004a43a0 f   Matrix.obj
 0002:0002b440       ?PushMatrix@CMatrixStack@Lib3D@@QAEAAVCMatrix44@2@XZ 004a4440 f   Matrix.obj
 0002:0002b500       ?PopMatrix@CMatrixStack@Lib3D@@QAEXXZ 004a4500 f   Matrix.obj
 0002:0002b5a0       ?ResetStack@CMatrixStack@Lib3D@@QAEAAVCMatrix44@2@XZ 004a45a0 f   Matrix.obj
 0002:0002b640       ??0CMesh@Lib3D@@QAE@PBDHPAVTVertex@1@HPAVTFace@1@HHH_N@Z 004a4640 f   Mesh.obj
 0002:0002b720       ??_GCMesh@Lib3D@@UAEPAXI@Z 004a4720 f i Mesh.obj
 0002:0002b720       ??_ECMesh@Lib3D@@UAEPAXI@Z 004a4720 f i Mesh.obj
 0002:0002b790       ??1CMesh@Lib3D@@UAE@XZ     004a4790 f   Mesh.obj
 0002:0002b8f0       ?ClearFaces@CMesh@Lib3D@@QAEXXZ 004a48f0 f   Mesh.obj
 0002:0002ba10       ?GetLimits@CMesh@Lib3D@@QBEXPAVVector4s@@0@Z 004a4a10 f   Mesh.obj
 0002:0002bb00       ?Init@Vector4s@@QAEXPBV1@@Z 004a4b00 f i Mesh.obj
 0002:0002bb70       ?NbVertex@CMesh@Lib3D@@QBEHXZ 004a4b70 f i Mesh.obj
 0002:0002bbb0       ?AnimationAlloc@CMesh@Lib3D@@QAEXH@Z 004a4bb0 f   Mesh.obj
 0002:0002bd30       ?AnimationLoad@CMesh@Lib3D@@QAEXHPAVVector4s@@@Z 004a4d30 f   Mesh.obj
 0002:0002bde0       ?AnimationPlay@CMesh@Lib3D@@QAEXHHH@Z 004a4de0 f   Mesh.obj
 0002:0002c180       ?AnimationPlay3@CMesh@Lib3D@@QAEXHHHHHH@Z 004a5180 f   Mesh.obj
 0002:0002c3c0       ??H@YA?AVVector4s@@ABV0@0@Z 004a53c0 f i Mesh.obj
 0002:0002c440       ??D@YA?AVVector4s@@HABV0@@Z 004a5440 f i Mesh.obj
 0002:0002c4c0       ??5@YA?AVVector4s@@ABV0@H@Z 004a54c0 f i Mesh.obj
 0002:0002c540       ??0CGLMesh@Lib3D@@QAE@HHPAHPAM11PAPAGPAPBVTTexture@1@HHHH@Z 004a5540 f   Mesh.obj
 0002:0002c7d0       ??_GCGLMesh@Lib3D@@UAEPAXI@Z 004a57d0 f i Mesh.obj
 0002:0002c7d0       ??_ECGLMesh@Lib3D@@UAEPAXI@Z 004a57d0 f i Mesh.obj
 0002:0002c840       ??1CGLMesh@Lib3D@@UAE@XZ   004a5840 f   Mesh.obj
 0002:0002cb60       ?SetGlobalColor@CGLMesh@Lib3D@@QAEXH@Z 004a5b60 f   Mesh.obj
 0002:0002cbf0       ?ComputeSphereTexCoord@CGLMesh@Lib3D@@QAEXHABVCMatrix44@2@@Z 004a5bf0 f   Mesh.obj
 0002:0002d150       ?Sub@Vector4s@@QAEXPBV1@@Z 004a6150 f i Mesh.obj
 0002:0002d1d0       ?Length2@Vector4s@@QBEHXZ  004a61d0 f i Mesh.obj
 0002:0002d240       ?TransformVector@CMatrix44@Lib3D@@QBEXPBVVector4s@@PAV3@@Z 004a6240 f i Mesh.obj
 0002:0002d430       ?RotateVector@CMatrix44@Lib3D@@QBEXPBVVector4s@@PAV3@@Z 004a6430 f i Mesh.obj
 0002:0002d5c0       ?atan2@@YAMMM@Z            004a65c0 f i Mesh.obj
 0002:0002d620       _atan2f                    004a6620 f i Mesh.obj
 0002:0002d690       ?cos@@YAMM@Z               004a6690 f i Mesh.obj
 0002:0002d6f0       _cosf                      004a66f0 f i Mesh.obj
 0002:0002d760       ?sin@@YAMM@Z               004a6760 f i Mesh.obj
 0002:0002d7c0       _sinf                      004a67c0 f i Mesh.obj
 0002:0002d830       ?Draw@CGLMesh@Lib3D@@QAEXABVCMatrix44@2@@Z 004a6830 f   Mesh.obj
 0002:0002de50       ?DrawEnvMap@CGLMesh@Lib3D@@QAEXABVCMatrix44@2@@Z 004a6e50 f   Mesh.obj
 0002:0002eb70       ?GetVector@CGLMesh@Lib3D@@QAE?AVVector4s@@H@Z 004a7b70 f   Mesh.obj
 0002:0002eca0       ?DrawAsShadow@CGLMesh@Lib3D@@QAEXEEEEPBVCMatrix44@2@@Z 004a7ca0 f   Mesh.obj
 0002:0002f460       ?AnimationAlloc@CGLMesh@Lib3D@@QAEXH@Z 004a8460 f   Mesh.obj
 0002:0002f530       ?AnimationLoad@CGLMesh@Lib3D@@QAEXHPAM@Z 004a8530 f   Mesh.obj
 0002:0002f5f0       ?AnimationPlay@CGLMesh@Lib3D@@QAEXHHH@Z 004a85f0 f   Mesh.obj
 0002:0002f8f0       ?AnimationPlay3@CGLMesh@Lib3D@@QAEXHHHHHH@Z 004a88f0 f   Mesh.obj
 0002:0002fae0       ??0CBasicMesh@Lib3D@@QAE@PBD0H@Z 004a8ae0 f   Mesh.obj
 0002:00030090       ??_GCBasicMesh@Lib3D@@UAEPAXI@Z 004a9090 f i Mesh.obj
 0002:00030090       ??_ECBasicMesh@Lib3D@@UAEPAXI@Z 004a9090 f i Mesh.obj
 0002:00030100       ??0CBasicMesh@Lib3D@@QAE@PBDPAPBDHH@Z 004a9100 f   Mesh.obj
 0002:00030650       ??1CBasicMesh@Lib3D@@UAE@XZ 004a9650 f   Mesh.obj
 0002:00030790       ?SetUV@CBasicMesh@Lib3D@@QAEXH@Z 004a9790 f   Mesh.obj
 0002:00030820       ?Draw@CBasicMesh@Lib3D@@QAEXAAVCLib3D@2@@Z 004a9820 f   Mesh.obj
 0002:00030880       ?ShiftUV@CBasicMesh@Lib3D@@AAEXAAVTFace@2@@Z 004a9880 f   Mesh.obj
 0002:00030990       ?CreateFace@CBasicMesh@Lib3D@@AAEXPAVA_IFile@@AAVTFace@2@PAVTVertex@2@@Z 004a9990 f   Mesh.obj
 0002:00030b10       ?ComputeBB@CBasicMesh@Lib3D@@QAEXAAVVector4s@@0@Z 004a9b10 f   Mesh.obj
 0002:00030ca0       ?DrawScanLineZCorrected@Lib3D@@YAXAAVCBoard3D@1@HABULineParamZ@1@H@Z 004a9ca0 f   rasterize.obj
 0002:000313f0       ?LineEnd@@YAPAGHPAGPAVCHighGear@@@Z 004aa3f0 f i rasterize.obj
 0002:00031460       ?WritePixel@@YAXGPAG@Z     004aa460 f i rasterize.obj
 0002:000314c0       ?DrawScanLineZCorrectedCar@Lib3D@@YAXAAVCBoard3D@1@HABULineParamZ@1@H@Z 004aa4c0 f   rasterize.obj
 0002:000314f0       ?DrawScanLine@Lib3D@@YAXAAVCBoard3D@1@HABULineParamNoZ@1@H@Z 004aa4f0 f   rasterize.obj
 0002:00031be0       ?DrawScanLineFlat@Lib3D@@YAXAAVCBoard3D@1@HABULineParamNoZ@1@H@Z 004aabe0 f   rasterize.obj
 0002:00031d50       ?DrawScanLineFlatTrans@Lib3D@@YAXAAVCBoard3D@1@HABULineParamNoZ@1@H@Z 004aad50 f   rasterize.obj
 0002:00031fa0       ?DrawScanLineFlatTransNeon@Lib3D@@YAXAAVCBoard3D@1@HABULineParamNoZ@1@H@Z 004aafa0 f   rasterize.obj
 0002:00032280       ?DrawScanLineAdditive@Lib3D@@YAXAAVCBoard3D@1@HABULineParamNoZ@1@H@Z 004ab280 f   rasterize.obj
 0002:000324f0       ?DrawScanLineAdditiveAlpha@Lib3D@@YAXAAVCBoard3D@1@HABULineParamNoZ@1@H@Z 004ab4f0 f   rasterize.obj
 0002:000327b0       ?DrawScanLineAlphaMask@Lib3D@@YAXAAVCBoard3D@1@HABULineParamNoZ@1@H@Z 004ab7b0 f   rasterize.obj
 0002:00032a60       ?DrawScanLineShadow@Lib3D@@YAXAAVCBoard3D@1@HABULineParamNoZUV@1@H@Z 004aba60 f   rasterize.obj
 0002:00032c40       ?GetLib3D@CHighGear@@QAEAAVCLib3D@Lib3D@@XZ 004abc40 f i rasterize.obj
 0002:00032c80       ?DrawScanLineSubstractive@Lib3D@@YAXAAVCBoard3D@1@HABULineParamNoZ@1@H@Z 004abc80 f   rasterize.obj
 0002:00033040       ?GetDestPtr@CLib2D@@QBEPAGXZ 004ac040 f i rasterize.obj
 0002:00033080       ?GetLib2D@CHighGear@@QAEAAVCLib2D@@XZ 004ac080 f i rasterize.obj
 0002:00033100       ??$ApproximateColorAdd@II@CLib2D@@SAHII@Z 004ac100 f i rasterize.obj
 0002:00033170       ??$ApproximateColorAdd@IG@CLib2D@@SAHIG@Z 004ac170 f i rasterize.obj
 0002:000331e0       ??$ApproximateColorAdd@HH@CLib2D@@SAHHH@Z 004ac1e0 f i rasterize.obj
 0002:00033250       ??$ApproximateColorMix50_50@GH@CLib2D@@SAHGH@Z 004ac250 f i rasterize.obj
 0002:000332a0       ??$ApproximateColorMix2Pixel50_50@K@CLib2D@@SAKKK@Z 004ac2a0 f i rasterize.obj
 0002:000332f0       ??$FastColorAdd@GG@CLib2D@@SAHGG@Z 004ac2f0 f i rasterize.obj
 0002:000333b0       ??$MixBlack16@GH@CLib2D@@SAHGH@Z 004ac3b0 f i rasterize.obj
 0002:00033430       ?InitVtxStorageArrays@CRender@Lib3D@@SAXXZ 004ac430 f   Render.obj
 0002:00033580       ?RenderOpaqueFenceQuads@CRender@Lib3D@@QAEXXZ 004ac580 f   Render.obj
 0002:00033870       ??0CRender@Lib3D@@QAE@H@Z  004ac870 f   Render.obj
 0002:00033c80       ??_ETBillboard@Lib3D@@UAEPAXI@Z 004acc80 f i Render.obj
 0002:00033d40       ??0TBillboard@Lib3D@@QAE@XZ 004acd40 f i Render.obj
 0002:00033e00       ??1TBillboard@Lib3D@@UAE@XZ 004ace00 f i Render.obj
 0002:00033e50       ??1CRender@Lib3D@@QAE@XZ   004ace50 f   Render.obj
 0002:00034150       ?SetFoV@CRender@Lib3D@@QAEXH@Z 004ad150 f   Render.obj
 0002:000344a0       ?Init@Vector3i@@QAEXHHH@Z  004ad4a0 f i Render.obj
 0002:00034500       ?sqrt@@YAMM@Z              004ad500 f i Render.obj
 0002:00034560       _sqrtf                     004ad560 f i Render.obj
 0002:000345d0       ?FaceSubdivide@CRender@Lib3D@@QAEXPAVTFace@2@ABVCBoard3D@2@@Z 004ad5d0 f   Render.obj
 0002:00034d10       ?ScrVectorA@TFace@Lib3D@@QAEAAVVector4s@@XZ 004add10 f i Render.obj
 0002:00034d50       ?InitSubDivFace@TFace@Lib3D@@QAEXABV12@@Z 004add50 f i Render.obj
 0002:00034da0       ?SetFlag@TFace@Lib3D@@QAEXE@Z 004adda0 f i Render.obj
 0002:00034df0       ?ClearFlag@TFace@Lib3D@@QAEXE@Z 004addf0 f i Render.obj
 0002:00034e40       ??0MidPoint@@QAE@XZ        004ade40 f i Render.obj
 0002:00034ea0       ??4VertexUV@@QAEXABVMidPoint@@@Z 004adea0 f i Render.obj
 0002:00034f20       ??4VertexUV@@QAEXABV0@@Z   004adf20 f i Render.obj
 0002:00035080       ?FrustrumSubdiv@CRender@Lib3D@@QAEXPBVTFace@2@AAVCBoard3D@2@I_N@Z 004ae080 f   Render.obj
 0002:000357a0       ?Vmask@TVertex@Lib3D@@QBEHXZ 004ae7a0 f i Render.obj
 0002:000357e0       ?ScrVectorB@TFace@Lib3D@@QAEAAVVector4s@@XZ 004ae7e0 f i Render.obj
 0002:00035820       ?ScrVectorC@TFace@Lib3D@@QAEAAVVector4s@@XZ 004ae820 f i Render.obj
 0002:00035860       ?TestAnyFlag@TFace@Lib3D@@QBE_NXZ 004ae860 f i Render.obj
 0002:000358b0       ?ClearAllFlags@TFace@Lib3D@@QAEXXZ 004ae8b0 f i Render.obj
 0002:00035900       ?TransformVertexFakeZ@CRender@Lib3D@@QBEKPAVTVertex@2@0@Z 004ae900 f   Render.obj
 0002:00035a50       ?SetVMask@TVertex@Lib3D@@QAEXH@Z 004aea50 f i Render.obj
 0002:00035aa0       ?TransformVertex@CRender@Lib3D@@QBEKPAVTVertex@2@0@Z 004aeaa0 f   Render.obj
 0002:00035be0       ?TransformVertex_Test@CRender@Lib3D@@QAEKPAVTVertex@2@0@Z 004aebe0 f   Render.obj
 0002:00035d40       ?TransformVertexPointerArray@CRender@Lib3D@@QBEKPAPAVTVertex@2@H@Z 004aed40 f   Render.obj
 0002:00035ea0       ?TransformVertexNoClip@CRender@Lib3D@@QBEXPAVTVertex@2@0@Z 004aeea0 f   Render.obj
 0002:00035f40       ?FrustrumDraw@CRender@Lib3D@@QAEXPAVTFace@2@AAVCBoard3D@2@I@Z 004aef40 f   Render.obj
 0002:00036060       ?FrustrumDrawCull@CRender@Lib3D@@QAEXPAVTFace@2@AAVCBoard3D@2@I@Z 004af060 f   Render.obj
 0002:00036260       ?VertexA@TFace@Lib3D@@QAEPAVTVertex@2@XZ 004af260 f i Render.obj
 0002:000362a0       ?VertexB@TFace@Lib3D@@QAEPAVTVertex@2@XZ 004af2a0 f i Render.obj
 0002:000362e0       ?VertexC@TFace@Lib3D@@QAEPAVTVertex@2@XZ 004af2e0 f i Render.obj
 0002:00036320       ?RenderLine@CRender@Lib3D@@QAEXABVVector4s@@0AAVCBoard3D@2@@Z 004af320 f   Render.obj
 0002:00036770       ?TransformVertex@CRender@Lib3D@@QBEKPAVTVertex@2@@Z 004af770 f i Render.obj
 0002:000367d0       ?RenderRoad@CRender@Lib3D@@QAEXPAURoadStruct@@HHHPAVTTexture@2@PAUsAtlasTextureTile@42@_N@Z 004af7d0 f   Render.obj
 0002:00038b80       ?procLoading@CHighGear@@QAEXXZ 004b1b80 f   HighGear.obj
 0002:00039410       ?RenderMeshOTFace@CRender@Lib3D@@QAEXPAVTVertex@2@HPAVTFace@2@HAAVCBoard3D@2@H_N@Z 004b2410 f   Render.obj
 0002:00039790       ?RenderMeshOTFace@CRender@Lib3D@@QAEXPAVCMesh@2@AAVCBoard3D@2@H@Z 004b2790 f   Render.obj
 0002:00039830       ?NbFaces@CMesh@Lib3D@@QBEHXZ 004b2830 f i Render.obj
 0002:00039870       ?FirstFace@CMesh@Lib3D@@QAEPAVTFace@2@XZ 004b2870 f i Render.obj
 0002:000398e0       ?FirstVertex@CMesh@Lib3D@@QAEPAVTVertex@2@XZ 004b28e0 f i Render.obj
 0002:00039950       ?IsDoubleFaced@CMesh@Lib3D@@QBE_NXZ 004b2950 f i Render.obj
 0002:00039990       ?TestSphereInFrustum@CRender@Lib3D@@QBE_NABVVector4s@@H@Z 004b2990 f   Render.obj
 0002:00039bb0       ?FrustrumRejectionTest@CRender@Lib3D@@QBEIABVVector4s@@@Z 004b2bb0 f   Render.obj
 0002:00039c80       ?CurrentMatrix@CRender@Lib3D@@QBEABVCMatrix44@2@XZ 004b2c80 f i Render.obj
 0002:00039ce0       ?OTTableClear@CRender@Lib3D@@QAEXXZ 004b2ce0 f   Render.obj
 0002:00039db0       ?OTTableAdd@CRender@Lib3D@@QAEXPAVCOTObject@2@_N@Z 004b2db0 f   Render.obj
 0002:00039ee0       ?OTTableDraw@CRender@Lib3D@@QAEXAAVCLib3D@2@_N@Z 004b2ee0 f   Render.obj
 0002:0003aae0       ?OTTableDrawReverse@CRender@Lib3D@@QAEXAAVCLib3D@2@@Z 004b3ae0 f   Render.obj
 0002:0003ac80       ??0tagOTGroupInfo@Lib3D@@QAE@XZ 004b3c80 f i Render.obj
 0002:0003acf0       ??0OTTableStats@@QAE@XZ    004b3cf0 f i Render.obj
 0002:0003ad60       ??1OTTableStats@@QAE@XZ    004b3d60 f i Render.obj
 0002:0003aef0       ?DrawScanline@CSoftLine3D@@CAXAAVCLib3D@Lib3D@@QAGHHHHQBH@Z 004b3ef0 f   SoftLine.obj
 0002:0003b0e0       ?GetImageBuffer@CBoard3D@Lib3D@@QAEPAGXZ 004b40e0 f i SoftLine.obj
 0002:0003b120       ?Width@CLib3D@Lib3D@@QAEHXZ 004b4120 f i SoftLine.obj
 0002:0003b170       ?Height@CLib3D@Lib3D@@QAEHXZ 004b4170 f i SoftLine.obj
 0002:0003b1c0       ?Draw@CSoftLine3D@@UAEXAAVCLib3D@Lib3D@@@Z 004b41c0 f   SoftLine.obj
 0002:0003ba20       ?Clamped@Lib3D@@YAHHHH@Z   004b4a20 f i SoftLine.obj
 0002:0003baa0       ?AddToOGLRenderingPipeline@CSoftLine3D@@UAEXAAHAAPAUtagOTGroupInfo@Lib3D@@AAPAM2HAAPAGAAPAE@Z 004b4aa0 f   SoftLine.obj
 0002:0003baf0       ?Draw@CFakeZAALine3D@@UAEXAAVCLib3D@Lib3D@@@Z 004b4af0 f   SoftLine.obj
 0002:0003bbb0       ?Draw@CFakeZAALine3DGradient@@UAEXAAVCLib3D@Lib3D@@@Z 004b4bb0 f   SoftLine.obj
 0002:0003bd70       ?AddToOGLRenderingPipeline@CFakeZAALine3DGradient@@UAEXAAHAAPAUtagOTGroupInfo@Lib3D@@AAPAM2HAAPAGAAPAE@Z 004b4d70 f   SoftLine.obj
 0002:0003bdc0       ??$FastColorAdd@GH@CLib2D@@SAHGH@Z 004b4dc0 f i SoftLine.obj
 0002:0003be70       ??$Swap@VVector4s@@@Util@@SAXAAVVector4s@@0@Z 004b4e70 f i SoftLine.obj
 0002:0003bf30       ?GetMaskShift@@YAXHAAH0@Z  004b4f30 f   texture.obj
 0002:0003bfc0       ?COLOR_AVERAGE@@YAGGG@Z    004b4fc0 f   texture.obj
 0002:0003c070       ??0TTexture@Lib3D@@QAE@HH@Z 004b5070 f   texture.obj
 0002:0003c1a0       ?LoadTexture@TTexture@Lib3D@@AAEXPBD_N011H@Z 004b51a0 f   texture.obj
 0002:0003d390       ??$_Iter_cat@V?$_Deque_const_iterator@VARect@@V?$allocator@VARect@@@std@@$00@std@@@std@@YA?AUrandom_access_iterator_tag@0@ABV?$_Deque_const_iterator@VARect@@V?$allocator@VARect@@@std@@$00@0@@Z 004b6390 f i HighGear.obj
 0002:0003d3f0       ??$_Insert@V?$_Deque_const_iterator@VARect@@V?$allocator@VARect@@@std@@$00@std@@@?$deque@VARect@@V?$allocator@VARect@@@std@@@std@@QAEXV?$_Deque_const_iterator@VARect@@V?$allocator@VARect@@@std@@$00@1@00Uinput_iterator_tag@1@@Z 004b63f0 f i HighGear.obj
 0002:0003d810       ?CreateKeyForGLTexName@TTexture@Lib3D@@SAXAAFI@Z 004b6810 f i texture.obj
 0002:0003d940       ?CleanBuffers@TTexture@Lib3D@@QAEXXZ 004b6940 f   texture.obj
 0002:0003da20       ??0TTexture@Lib3D@@QAE@PBD_N011H@Z 004b6a20 f   texture.obj
 0002:0003daf0       ??0TTexture@Lib3D@@QAE@PBDH@Z 004b6af0 f   texture.obj
 0002:0003dbb0       ??0TTexture@Lib3D@@QAE@AAVA_IFile@@_N@Z 004b6bb0 f   texture.obj
 0002:0003e630       ??1TTexture@Lib3D@@QAE@XZ  004b7630 f   texture.obj
 0002:0003e710       ?FreeKeyForGLTexName@TTexture@Lib3D@@SAXAAF@Z 004b7710 f i texture.obj
 0002:0003e7b0       ??0TTexture@Lib3D@@QAE@XZ  004b77b0 f   texture.obj
 0002:0003e850       ?Init@TTexture@Lib3D@@AAEXKKW4e_RasterMode@12@@Z 004b7850 f   texture.obj
 0002:0003e970       ?FlipHorizontal@TTexture@Lib3D@@QAEXXZ 004b7970 f   texture.obj
 0002:0003eab0       ?SaveTarga@TTexture@Lib3D@@QBEXPBD@Z 004b7ab0 f   texture.obj
 0002:0003ed90       ?findFirstEmptyCell@@YA_NPAPAEHHAAH1@Z 004b7d90 f   texture.obj
 0002:0003efe0       ?findMaxHeight@@YAHPAPAE@Z 004b7fe0 f   texture.obj
 0002:0003f0a0       ?CreateAtlasTexture@TTexture@Lib3D@@SAXPAV12@0PAUsAtlasTextureTile@12@1HHPAPAV12@H@Z 004b80a0 f   texture.obj
 0002:0003fb40       ?GetGlobalAlpha@TTexture@Lib3D@@QAEHXZ 004b8b40 f i texture.obj
 0002:0003fb80       ?Length@Vector2s@@QBEJXZ   004b8b80 f   Vector.obj
 0002:0003fbe0       ?Length2@Vector2s@@QBEJXZ  004b8be0 f i Vector.obj
 0002:0003fc40       ?SafeLength@Vector2s@@QBEJXZ 004b8c40 f   Vector.obj
 0002:0003fd20       ?Square@Lib3D@@YAHH@Z      004b8d20 f i Vector.obj
 0002:0003fd60       ?L1Norm@Vector2s@@QBEJXZ   004b8d60 f i Vector.obj
 0002:0003fde0       ?RightSide@Vector2s@@SA_NABV1@0@Z 004b8de0 f   Vector.obj
 0002:0003fe50       ?Normal@Vector2s@@QBE?AV1@XZ 004b8e50 f i Vector.obj
 0002:0003fec0       ?Dot@Vector2s@@SAHABV1@0@Z 004b8ec0 f i Vector.obj
 0002:0003ff10       ?NullVector@Vector4s@@SAABV1@XZ 004b8f10 f   Vector.obj
 0002:0003ff50       ?_CheckLimit@@YAXN@Z       004b8f50 f   Vector.obj
 0002:0003ffe0       ?Normalize@Vector2s@@QAEXXZ 004b8fe0 f   Vector.obj
 0002:00040090       ?SafeNormalize@Vector2s@@QAE_NXZ 004b9090 f   Vector.obj
 0002:00040130       ?QuotientCOS_SIN_SHIFT@Lib3D@@YAHHH@Z 004b9130 f i Vector.obj
 0002:000401b0       ?Resize@Vector2s@@QAEXH@Z  004b91b0 f   Vector.obj
 0002:00040260       ?SafeResize@Vector2s@@QAE_NH@Z 004b9260 f   Vector.obj
 0002:00040310       ?ProductQuotient@Lib3D@@YAHHHH@Z 004b9310 f i Vector.obj
 0002:000403b0       ?LinIndex@Vector4s@@QAEHHHH@Z 004b93b0 f   Vector.obj
 0002:00040420       ?Scale@Vector4s@@QAEXH@Z   004b9420 f   Vector.obj
 0002:000404a0       ?GetMin@Vector4s@@QAEXPBV1@@Z 004b94a0 f   Vector.obj
 0002:00040540       ?GetMax@Vector4s@@QAEXPBV1@@Z 004b9540 f   Vector.obj
 0002:000405e0       ?CrossShift@Vector4s@@QBEXPBV1@PAV1@@Z 004b95e0 f   Vector.obj
 0002:000406a0       ?Length@Vector4s@@QBEHXZ   004b96a0 f   Vector.obj
 0002:00040700       ?SafeLength@Vector4s@@QBEJXZ 004b9700 f   Vector.obj
 0002:00040800       ?L1Norm@Vector4s@@QBEJXZ   004b9800 f i Vector.obj
 0002:000408a0       ?Normalize@Vector4s@@QAEXXZ 004b98a0 f   Vector.obj
 0002:00040980       ?SafeNormalize@Vector4s@@QAE_NXZ 004b9980 f   Vector.obj
 0002:00040a40       ?Resize@Vector4s@@QAEXH@Z  004b9a40 f   Vector.obj
 0002:00040b20       ?SafeResize@Vector4s@@QAE_NH@Z 004b9b20 f   Vector.obj
 0002:00040bf0       ?GetReciprocalAxis@Vector4s@@SAPBHH@Z 004b9bf0 f   Vector.obj
 0002:00040c70       ?GetMainAxis@Vector4s@@QBEHXZ 004b9c70 f   Vector.obj
 0002:00040d40       ?SelfRotateY@Vector4s@@QAEXH@Z 004b9d40 f   Vector.obj
 0002:00040e20       ?GetRotatedY@Vector4s@@QBE?AV1@H@Z 004b9e20 f   Vector.obj
 0002:00040f00       ?GetProjection@Vector4s@@SA?AV1@ABV1@0@Z 004b9f00 f   Vector.obj
 0002:00041000       ?GetReflexion@Vector4s@@SA?AV1@ABV1@0@Z 004ba000 f   Vector.obj
 0002:000410d0       ?SelfRotate@Vector2s@@QAEXH@Z 004ba0d0 f   Vector.obj
 0002:000411b0       ?GetRotated@Vector2s@@QBE?AV1@H@Z 004ba1b0 f   Vector.obj
 0002:00041280       ?RayPlaneInter@@YA_NABVVector4s@@000AAV1@@Z 004ba280 f   Vector.obj
 0002:00041440       ?RaytriangleIntersect@@YA_NABVVector4s@@00000_N@Z 004ba440 f   Vector.obj
 0002:000417c0       ?GetVector2s@Vector4s@@QBE?AVVector2s@@PBH@Z 004ba7c0 f i Vector.obj
 0002:00041840       ??AVector4s@@QBEJH@Z       004ba840 f i Vector.obj
 0002:000418c0       ??G@YA?AVVector2s@@ABV0@0@Z 004ba8c0 f i Vector.obj
 0002:00041930       ?FrontSide@@YA_NABVVector4s@@00@Z 004ba930 f i Vector.obj
 0002:00041a30       ?FindRaytriangleIntersectionPoint@@YAHABVVector4s@@0000AAV1@_N@Z 004baa30 f   Vector.obj
 0002:00041e60       ?PointRayDist2@@YAHABVVector4s@@00@Z 004bae60 f   Vector.obj
 0002:00041f40       ?Intersect@Vector2s@@SA_NABV1@000@Z 004baf40 f   Vector.obj
 0002:000420e0       ?ComputeOutCode@@YAHABVVector2s@@00@Z 004bb0e0 f   aaline.obj
 0002:00042190       ?ClipLine@@YA_NAAVVector2s@@0ABV1@1@Z 004bb190 f   aaline.obj
 0002:00042480       ?ComposeColor@@YAXPAGGH@Z  004bb480 f   aaline.obj
 0002:00042610       ?DrawAALine@@YA_NAAUImage@@ABVVector2s@@111GW4AALINE_MODE@@@Z 004bb610 f   aaline.obj
 0002:00042fe0       ?data@Image@@QAEPAGXZ      004bbfe0 f i aaline.obj
 0002:00043020       ?width@Image@@QBEIXZ       004bc020 f i aaline.obj
 0002:00043060       ?DrawAALineGradient@@YA_NAAUImage@@ABVVector2s@@111PAGHW4AALINE_MODE@@@Z 004bc060 f   aaline.obj
 0002:00043c00       ??$FastColorMix75_25@GG@CLib2D@@SAHGG@Z 004bcc00 f i aaline.obj
 0002:00043cb0       ??$FastColorMix63_37@GG@CLib2D@@SAHGG@Z 004bccb0 f i aaline.obj
 0002:00043d60       ??$FastColorMix50_50@GG@CLib2D@@SAHGG@Z 004bcd60 f i aaline.obj
 0002:00043dc0       ??$FastColorMix88_12@GG@CLib2D@@SAHGG@Z 004bcdc0 f i aaline.obj
 0002:00043f30       ??$MixColor16@GGH@CLib2D@@SAHGGH@Z 004bcf30 f i aaline.obj
 0002:00043fe0       ??$FastColorAddAlphaHD@GGH@CLib2D@@SAHGGH@Z 004bcfe0 f i aaline.obj
 0002:000440c0       ??0CModule@@QAE@HHHHH@Z    004bd0c0 f   AuroraSprite.obj
 0002:00044190       ??_ECModule@@UAEPAXI@Z     004bd190 f i AuroraSprite.obj
[...]
 0004:004d95a4       ___env_initialized         00a795a4     <common>
 0004:004d95b4       ___onexitend               00a795b4     <common>
 0004:004d95b8       ___onexitbegin             00a795b8     <common>
 0004:004d95bc       ___mbctype_initialized     00a795bc     <common>
 0004:004d95c0       ___dyn_tls_init_callback   00a795c0     <common>
 0004:004d95c4       __acmdln                   00a795c4     <common>
 0005:00000000       __IMPORT_DESCRIPTOR_WS2_32 00a7a000     Ws2_32:WS2_32.dll
 0005:00000014       __IMPORT_DESCRIPTOR_WINMM  00a7a014     Winmm:WINMM.dll
 0005:00000028       __IMPORT_DESCRIPTOR_OPENGL32 00a7a028     opengl32:OPENGL32.dll
 0005:0000003c       __IMPORT_DESCRIPTOR_KERNEL32 00a7a03c     kernel32:KERNEL32.dll
 0005:00000050       __IMPORT_DESCRIPTOR_USER32 00a7a050     user32:USER32.dll
 0005:00000064       __IMPORT_DESCRIPTOR_GDI32  00a7a064     gdi32:GDI32.dll
 0005:00000078       __IMPORT_DESCRIPTOR_SHLWAPI 00a7a078     shlwapi:SHLWAPI.dll
 0005:0000008c       __IMPORT_DESCRIPTOR_libGLES_CM 00a7a08c     libgles_cm:libGLES_CM.dll
 0005:000000a0       __NULL_IMPORT_DESCRIPTOR   00a7a0a0     Ws2_32:WS2_32.dll
 0005:00000618       __imp__SwapBuffers@4       00a7a618     gdi32:GDI32.dll
 0005:0000061c       __imp__ChoosePixelFormat@8 00a7a61c     gdi32:GDI32.dll
 0005:00000620       __imp__SetPixelFormat@12   00a7a620     gdi32:GDI32.dll
 0005:00000624       \177GDI32_NULL_THUNK_DATA  00a7a624     gdi32:GDI32.dll
 0005:00000650       __imp__GetTimeZoneInformation@4 00a7a650     kernel32:KERNEL32.dll
 0005:00000654       __imp__GetLocaleInfoW@16   00a7a654     kernel32:KERNEL32.dll
 0005:00000658       __imp__CreateFileA@28      00a7a658     kernel32:KERNEL32.dll
 0005:0000065c       __imp__GetConsoleOutputCP@0 00a7a65c     kernel32:KERNEL32.dll
 0005:00000660       __imp__WriteConsoleA@20    00a7a660     kernel32:KERNEL32.dll
 0005:00000664       __imp__SetStdHandle@8      00a7a664     kernel32:KERNEL32.dll
 0005:00000668       __imp__GetUserDefaultLCID@0 00a7a668     kernel32:KERNEL32.dll
 0005:0000066c       __imp__EnumSystemLocalesA@8 00a7a66c     kernel32:KERNEL32.dll
 0005:00000670       __imp__IsValidLocale@8     00a7a670     kernel32:KERNEL32.dll
 0005:00000674       __imp__GetDateFormatA@24   00a7a674     kernel32:KERNEL32.dll
 0005:00000678       __imp__GetTimeFormatA@24   00a7a678     kernel32:KERNEL32.dll
 0005:0000067c       __imp__GetStringTypeW@16   00a7a67c     kernel32:KERNEL32.dll
 0005:00000680       __imp__GetStringTypeA@20   00a7a680     kernel32:KERNEL32.dll
 0005:00000684       __imp__GetLocaleInfoA@16   00a7a684     kernel32:KERNEL32.dll
 0005:00000688       __imp__InterlockedExchange@8 00a7a688     kernel32:KERNEL32.dll
 0005:0000068c       __imp__VirtualAlloc@16     00a7a68c     kernel32:KERNEL32.dll
 0005:00000690       __imp__HeapReAlloc@16      00a7a690     kernel32:KERNEL32.dll
 0005:00000694       __imp__HeapSize@12         00a7a694     kernel32:KERNEL32.dll
 0005:00000698       __imp__InitializeCriticalSectionAndSpinCount@8 00a7a698     kernel32:KERNEL32.dll
 0005:0000069c       __imp__VirtualFree@12      00a7a69c     kernel32:KERNEL32.dll
 0005:000006a0       __imp__HeapCreate@12       00a7a6a0     kernel32:KERNEL32.dll
 0005:000006a4       __imp__HeapDestroy@4       00a7a6a4     kernel32:KERNEL32.dll
 0005:000006a8       __imp__GetEnvironmentStringsW@0 00a7a6a8     kernel32:KERNEL32.dll
 0005:000006ac       __imp__FreeEnvironmentStringsW@4 00a7a6ac     kernel32:KERNEL32.dll
 0005:000006b0       __imp__GetEnvironmentStrings@0 00a7a6b0     kernel32:KERNEL32.dll
 0005:000006b4       __imp__FreeEnvironmentStringsA@4 00a7a6b4     kernel32:KERNEL32.dll
 0005:000006b8       __imp__GetSystemTimeAsFileTime@4 00a7a6b8     kernel32:KERNEL32.dll
 0005:000006bc       __imp__GetCurrentProcessId@0 00a7a6bc     kernel32:KERNEL32.dll
 0005:000006c0       __imp__QueryPerformanceCounter@4 00a7a6c0     kernel32:KERNEL32.dll
 0005:000006c4       __imp__GetOEMCP@0          00a7a6c4     kernel32:KERNEL32.dll
 0005:000006c8       __imp__GetACP@0            00a7a6c8     kernel32:KERNEL32.dll
 0005:000006cc       __imp__LCMapStringW@24     00a7a6cc     kernel32:KERNEL32.dll
 0005:000006d0       __imp__LCMapStringA@24     00a7a6d0     kernel32:KERNEL32.dll
 0005:000006d4       __imp__FreeLibrary@4       00a7a6d4     kernel32:KERNEL32.dll
 0005:000006d8       __imp__VirtualQuery@12     00a7a6d8     kernel32:KERNEL32.dll
 0005:000006dc       __imp__GetProcessHeap@0    00a7a6dc     kernel32:KERNEL32.dll
 0005:000006e0       __imp__HeapAlloc@12        00a7a6e0     kernel32:KERNEL32.dll
 0005:000006e4       __imp__HeapFree@12         00a7a6e4     kernel32:KERNEL32.dll
 0005:000006e8       __imp__LoadLibraryW@4      00a7a6e8     kernel32:KERNEL32.dll
 0005:000006ec       __imp__SetConsoleCtrlHandler@8 00a7a6ec     kernel32:KERNEL32.dll
 0005:000006f0       __imp__ExitProcess@4       00a7a6f0     kernel32:KERNEL32.dll
 0005:000006f4       __imp__GetCurrentThread@0  00a7a6f4     kernel32:KERNEL32.dll
 0005:000006f8       __imp__InterlockedDecrement@4 00a7a6f8     kernel32:KERNEL32.dll
 0005:000006fc       __imp__SetLastError@4      00a7a6fc     kernel32:KERNEL32.dll
 0005:00000700       __imp__InterlockedIncrement@4 00a7a700     kernel32:KERNEL32.dll
 0005:00000704       __imp__TlsFree@4           00a7a704     kernel32:KERNEL32.dll
 0005:00000708       __imp__GetCurrentThreadId@0 00a7a708     kernel32:KERNEL32.dll
 0005:0000070c       __imp__TlsSetValue@8       00a7a70c     kernel32:KERNEL32.dll
 0005:00000710       __imp__TlsAlloc@0          00a7a710     kernel32:KERNEL32.dll
 0005:00000714       __imp__GetModuleHandleW@4  00a7a714     kernel32:KERNEL32.dll
 0005:00000718       __imp__SetEndOfFile@4      00a7a718     kernel32:KERNEL32.dll
 0005:0000071c       __imp__IsBadReadPtr@8      00a7a71c     kernel32:KERNEL32.dll
 0005:00000720       __imp__HeapValidate@12     00a7a720     kernel32:KERNEL32.dll
 0005:00000724       __imp__FatalAppExitA@8     00a7a724     kernel32:KERNEL32.dll
 0005:00000728       __imp__LeaveCriticalSection@4 00a7a728     kernel32:KERNEL32.dll
 0005:0000072c       __imp__EnterCriticalSection@4 00a7a72c     kernel32:KERNEL32.dll
 0005:00000730       __imp__GetModuleFileNameA@12 00a7a730     kernel32:KERNEL32.dll
 0005:00000734       __imp__GetStartupInfoA@4   00a7a734     kernel32:KERNEL32.dll
 0005:00000738       __imp__GetCommandLineA@0   00a7a738     kernel32:KERNEL32.dll
 0005:0000073c       __imp__DeleteFileA@4       00a7a73c     kernel32:KERNEL32.dll
 0005:00000740       __imp__GetLastError@0      00a7a740     kernel32:KERNEL32.dll
 0005:00000744       __imp__SetUnhandledExceptionFilter@4 00a7a744     kernel32:KERNEL32.dll
 0005:00000748       __imp__UnhandledExceptionFilter@4 00a7a748     kernel32:KERNEL32.dll
 0005:0000074c       __imp__GetCurrentProcess@0 00a7a74c     kernel32:KERNEL32.dll
 0005:00000750       __imp__TerminateProcess@8  00a7a750     kernel32:KERNEL32.dll
 0005:00000754       __imp__LoadLibraryA@4      00a7a754     kernel32:KERNEL32.dll
 0005:00000758       __imp__GetProcAddress@8    00a7a758     kernel32:KERNEL32.dll
 0005:0000075c       __imp__lstrlenA@4          00a7a75c     kernel32:KERNEL32.dll
 0005:00000760       __imp__MultiByteToWideChar@24 00a7a760     kernel32:KERNEL32.dll
 0005:00000764       __imp__WideCharToMultiByte@32 00a7a764     kernel32:KERNEL32.dll
 0005:00000768       __imp__DebugBreak@0        00a7a768     kernel32:KERNEL32.dll
 0005:0000076c       __imp__IsDebuggerPresent@0 00a7a76c     kernel32:KERNEL32.dll
 0005:00000770       __imp__RaiseException@16   00a7a770     kernel32:KERNEL32.dll
 0005:00000774       __imp__GetStdHandle@4      00a7a774     kernel32:KERNEL32.dll
 0005:00000778       __imp__GetFileType@4       00a7a778     kernel32:KERNEL32.dll
 0005:0000077c       __imp__WriteConsoleW@20    00a7a77c     kernel32:KERNEL32.dll
 0005:00000780       __imp__GetModuleFileNameW@12 00a7a780     kernel32:KERNEL32.dll
 0005:00000784       __imp__RtlUnwind@16        00a7a784     kernel32:KERNEL32.dll
 0005:00000788       __imp__IsValidCodePage@4   00a7a788     kernel32:KERNEL32.dll
 0005:0000078c       __imp__GetModuleHandleA@4  00a7a78c     kernel32:KERNEL32.dll
 0005:00000790       __imp__OutputDebugStringA@4 00a7a790     kernel32:KERNEL32.dll
 0005:00000794       __imp__Sleep@4             00a7a794     kernel32:KERNEL32.dll
 0005:00000798       __imp__GetTickCount@0      00a7a798     kernel32:KERNEL32.dll
 0005:0000079c       __imp__ResumeThread@4      00a7a79c     kernel32:KERNEL32.dll
 0005:000007a0       __imp__SetThreadPriority@8 00a7a7a0     kernel32:KERNEL32.dll
 0005:000007a4       __imp__CloseHandle@4       00a7a7a4     kernel32:KERNEL32.dll
 0005:000007a8       __imp__CreateEventA@16     00a7a7a8     kernel32:KERNEL32.dll
 0005:000007ac       __imp__CreateThread@24     00a7a7ac     kernel32:KERNEL32.dll
 0005:000007b0       __imp__InitializeCriticalSection@4 00a7a7b0     kernel32:KERNEL32.dll
 0005:000007b4       __imp__DeleteCriticalSection@4 00a7a7b4     kernel32:KERNEL32.dll
 0005:000007b8       __imp__WaitForSingleObject@8 00a7a7b8     kernel32:KERNEL32.dll
 0005:000007bc       __imp__SetEvent@4          00a7a7bc     kernel32:KERNEL32.dll
 0005:000007c0       __imp__SuspendThread@4     00a7a7c0     kernel32:KERNEL32.dll
 0005:000007c4       __imp__WriteFile@20        00a7a7c4     kernel32:KERNEL32.dll
 0005:000007c8       __imp__OutputDebugStringW@4 00a7a7c8     kernel32:KERNEL32.dll
 0005:000007cc       __imp__FlushFileBuffers@4  00a7a7cc     kernel32:KERNEL32.dll
 0005:000007d0       __imp__GetConsoleCP@0      00a7a7d0     kernel32:KERNEL32.dll
 0005:000007d4       __imp__GetConsoleMode@8    00a7a7d4     kernel32:KERNEL32.dll
 0005:000007d8       __imp__SetHandleCount@4    00a7a7d8     kernel32:KERNEL32.dll
 0005:000007dc       __imp__ReadFile@20         00a7a7dc     kernel32:KERNEL32.dll
 0005:000007e0       __imp__SetFilePointer@16   00a7a7e0     kernel32:KERNEL32.dll
 0005:000007e4       __imp__CompareStringA@24   00a7a7e4     kernel32:KERNEL32.dll
 0005:000007e8       __imp__CompareStringW@24   00a7a7e8     kernel32:KERNEL32.dll
 0005:000007ec       __imp__TlsGetValue@4       00a7a7ec     kernel32:KERNEL32.dll
 0005:000007f0       __imp__SetEnvironmentVariableA@8 00a7a7f0     kernel32:KERNEL32.dll
 0005:000007f4       __imp__GetCPInfo@8         00a7a7f4     kernel32:KERNEL32.dll
 0005:000007f8       \177KERNEL32_NULL_THUNK_DATA 00a7a7f8     kernel32:KERNEL32.dll
 0005:00000878       __imp__glViewport@16       00a7a878     opengl32:OPENGL32.dll
 0005:0000087c       __imp__glHint@8            00a7a87c     opengl32:OPENGL32.dll
 0005:00000880       __imp__glDepthFunc@4       00a7a880     opengl32:OPENGL32.dll
 0005:00000884       __imp__glEnable@4          00a7a884     opengl32:OPENGL32.dll
 0005:00000888       __imp__glClearDepth@8      00a7a888     opengl32:OPENGL32.dll
 0005:0000088c       __imp__glClearColor@16     00a7a88c     opengl32:OPENGL32.dll
 0005:00000890       __imp__glShadeModel@4      00a7a890     opengl32:OPENGL32.dll
 0005:00000894       __imp__wglMakeCurrent@8    00a7a894     opengl32:OPENGL32.dll
 0005:00000898       __imp__wglCreateContext@4  00a7a898     opengl32:OPENGL32.dll
 0005:0000089c       __imp__wglDeleteContext@4  00a7a89c     opengl32:OPENGL32.dll
 0005:000008a0       __imp__glClear@4           00a7a8a0     opengl32:OPENGL32.dll
 0005:000008a4       __imp__glDepthMask@4       00a7a8a4     opengl32:OPENGL32.dll
 0005:000008a8       __imp__glColor4ub@16       00a7a8a8     opengl32:OPENGL32.dll
 0005:000008ac       __imp__glPopMatrix@0       00a7a8ac     opengl32:OPENGL32.dll
 0005:000008b0       __imp__glDrawElements@16   00a7a8b0     opengl32:OPENGL32.dll
 0005:000008b4       __imp__glTexEnvi@12        00a7a8b4     opengl32:OPENGL32.dll
 0005:000008b8       __imp__glBindTexture@8     00a7a8b8     opengl32:OPENGL32.dll
 0005:000008bc       __imp__glLoadMatrixf@4     00a7a8bc     opengl32:OPENGL32.dll
 0005:000008c0       __imp__glScissor@16        00a7a8c0     opengl32:OPENGL32.dll
 0005:000008c4       __imp__glPixelStorei@8     00a7a8c4     opengl32:OPENGL32.dll
 0005:000008c8       __imp__glFogf@8            00a7a8c8     opengl32:OPENGL32.dll
 0005:000008cc       __imp__glFogfv@8           00a7a8cc     opengl32:OPENGL32.dll
 0005:000008d0       __imp__glGetString@4       00a7a8d0     opengl32:OPENGL32.dll
 0005:000008d4       __imp__wglGetProcAddress@4 00a7a8d4     opengl32:OPENGL32.dll
 0005:000008d8       __imp__glDeleteTextures@8  00a7a8d8     opengl32:OPENGL32.dll
 0005:000008dc       __imp__glGetIntegerv@8     00a7a8dc     opengl32:OPENGL32.dll
 0005:000008e0       __imp__glGenTextures@8     00a7a8e0     opengl32:OPENGL32.dll
 0005:000008e4       __imp__glTexImage2D@36     00a7a8e4     opengl32:OPENGL32.dll
 0005:000008e8       __imp__glOrtho@48          00a7a8e8     opengl32:OPENGL32.dll
 0005:000008ec       __imp__glScalef@12         00a7a8ec     opengl32:OPENGL32.dll
 0005:000008f0       __imp__glTexParameteri@12  00a7a8f0     opengl32:OPENGL32.dll
 0005:000008f4       __imp__glFrustum@48        00a7a8f4     opengl32:OPENGL32.dll
 0005:000008f8       __imp__glPolygonOffset@8   00a7a8f8     opengl32:OPENGL32.dll
 0005:000008fc       __imp__glColorMask@16      00a7a8fc     opengl32:OPENGL32.dll
 0005:00000900       __imp__glMultMatrixf@4     00a7a900     opengl32:OPENGL32.dll
 0005:00000904       __imp__glTexEnvfv@12       00a7a904     opengl32:OPENGL32.dll
 0005:00000908       __imp__glLoadIdentity@0    00a7a908     opengl32:OPENGL32.dll
 0005:0000090c       __imp__glTranslatef@12     00a7a90c     opengl32:OPENGL32.dll
 0005:00000910       __imp__glRotatef@16        00a7a910     opengl32:OPENGL32.dll
 0005:00000914       __imp__glDisable@4         00a7a914     opengl32:OPENGL32.dll
 0005:00000918       __imp__glBlendFunc@8       00a7a918     opengl32:OPENGL32.dll
 0005:0000091c       __imp__glCullFace@4        00a7a91c     opengl32:OPENGL32.dll
 0005:00000920       __imp__glEnableClientState@4 00a7a920     opengl32:OPENGL32.dll
 0005:00000924       __imp__glVertexPointer@16  00a7a924     opengl32:OPENGL32.dll
 0005:00000928       __imp__glTexCoordPointer@16 00a7a928     opengl32:OPENGL32.dll
 0005:0000092c       __imp__glColorPointer@16   00a7a92c     opengl32:OPENGL32.dll
 0005:00000930       __imp__glDisableClientState@4 00a7a930     opengl32:OPENGL32.dll
 0005:00000934       __imp__glNormalPointer@12  00a7a934     opengl32:OPENGL32.dll
 0005:00000938       __imp__glMatrixMode@4      00a7a938     opengl32:OPENGL32.dll
 0005:0000093c       __imp__glPushMatrix@0      00a7a93c     opengl32:OPENGL32.dll
 0005:00000940       \177OPENGL32_NULL_THUNK_DATA 00a7a940     opengl32:OPENGL32.dll
 0005:00000994       __imp__PathRemoveFileSpecA@4 00a7a994     shlwapi:SHLWAPI.dll
 0005:00000998       \177SHLWAPI_NULL_THUNK_DATA 00a7a998     shlwapi:SHLWAPI.dll
 0005:000009c4       __imp__InvalidateRect@12   00a7a9c4     user32:USER32.dll
 0005:000009c8       __imp__GetClientRect@8     00a7a9c8     user32:USER32.dll
 0005:000009cc       __imp__DispatchMessageA@4  00a7a9cc     user32:USER32.dll
 0005:000009d0       __imp__TranslateMessage@4  00a7a9d0     user32:USER32.dll
 0005:000009d4       __imp__PeekMessageA@20     00a7a9d4     user32:USER32.dll
 0005:000009d8       __imp__ReleaseDC@8         00a7a9d8     user32:USER32.dll
 0005:000009dc       __imp__GetWindowRect@8     00a7a9dc     user32:USER32.dll
 0005:000009e0       __imp__SetWindowPos@28     00a7a9e0     user32:USER32.dll
 0005:000009e4       __imp__ShowWindow@8        00a7a9e4     user32:USER32.dll
 0005:000009e8       __imp__DestroyWindow@4     00a7a9e8     user32:USER32.dll
 0005:000009ec       __imp__CreateWindowExA@48  00a7a9ec     user32:USER32.dll
 0005:000009f0       __imp__GetDesktopWindow@0  00a7a9f0     user32:USER32.dll
 0005:000009f4       __imp__GetDC@4             00a7a9f4     user32:USER32.dll
 0005:000009f8       __imp__DefWindowProcA@16   00a7a9f8     user32:USER32.dll
 0005:000009fc       __imp__LoadCursorA@8       00a7a9fc     user32:USER32.dll
 0005:00000a00       __imp__RegisterClassA@4    00a7aa00     user32:USER32.dll
 0005:00000a04       \177USER32_NULL_THUNK_DATA 00a7aa04     user32:USER32.dll
 0005:00000a3c       __imp__waveOutWrite@12     00a7aa3c     Winmm:WINMM.dll
 0005:00000a40       __imp__waveOutPrepareHeader@12 00a7aa40     Winmm:WINMM.dll
 0005:00000a44       __imp__waveOutPause@4      00a7aa44     Winmm:WINMM.dll
 0005:00000a48       __imp__waveOutOpen@24      00a7aa48     Winmm:WINMM.dll
 0005:00000a4c       __imp__waveOutGetNumDevs@0 00a7aa4c     Winmm:WINMM.dll
 0005:00000a50       __imp__waveOutClose@4      00a7aa50     Winmm:WINMM.dll
 0005:00000a54       __imp__waveOutUnprepareHeader@12 00a7aa54     Winmm:WINMM.dll
 0005:00000a58       __imp__waveOutReset@4      00a7aa58     Winmm:WINMM.dll
 0005:00000a5c       __imp__waveOutSetVolume@8  00a7aa5c     Winmm:WINMM.dll
 0005:00000a60       __imp__waveOutRestart@4    00a7aa60     Winmm:WINMM.dll
 0005:00000a64       \177WINMM_NULL_THUNK_DATA  00a7aa64     Winmm:WINMM.dll
 0005:00000a98       __imp__htons@4             00a7aa98     Ws2_32:WS2_32.dll
 0005:00000a9c       __imp__htonl@4             00a7aa9c     Ws2_32:WS2_32.dll
 0005:00000aa0       __imp__select@20           00a7aaa0     Ws2_32:WS2_32.dll
 0005:00000aa4       __imp__WSAGetLastError@0   00a7aaa4     Ws2_32:WS2_32.dll
 0005:00000aa8       __imp____WSAFDIsSet@8      00a7aaa8     Ws2_32:WS2_32.dll
 0005:00000aac       __imp__accept@12           00a7aaac     Ws2_32:WS2_32.dll
 0005:00000ab0       __imp__recv@16             00a7aab0     Ws2_32:WS2_32.dll
 0005:00000ab4       __imp__recvfrom@24         00a7aab4     Ws2_32:WS2_32.dll
 0005:00000ab8       __imp__sendto@24           00a7aab8     Ws2_32:WS2_32.dll
 0005:00000abc       __imp__WSAStartup@8        00a7aabc     Ws2_32:WS2_32.dll
 0005:00000ac0       __imp__WSACleanup@0        00a7aac0     Ws2_32:WS2_32.dll
 0005:00000ac4       __imp__gethostname@8       00a7aac4     Ws2_32:WS2_32.dll
 0005:00000ac8       __imp__connect@12          00a7aac8     Ws2_32:WS2_32.dll
 0005:00000acc       __imp__send@16             00a7aacc     Ws2_32:WS2_32.dll
 0005:00000ad0       __imp__closesocket@4       00a7aad0     Ws2_32:WS2_32.dll
 0005:00000ad4       __imp__setsockopt@20       00a7aad4     Ws2_32:WS2_32.dll
 0005:00000ad8       __imp__getaddrinfo@16      00a7aad8     Ws2_32:WS2_32.dll
 0005:00000adc       __imp__socket@12           00a7aadc     Ws2_32:WS2_32.dll
 0005:00000ae0       __imp__freeaddrinfo@4      00a7aae0     Ws2_32:WS2_32.dll
 0005:00000ae4       __imp__bind@12             00a7aae4     Ws2_32:WS2_32.dll
 0005:00000ae8       __imp__listen@8            00a7aae8     Ws2_32:WS2_32.dll
 0005:00000aec       \177WS2_32_NULL_THUNK_DATA 00a7aaec     Ws2_32:WS2_32.dll
 0005:00000b28       __imp__glTexImage2D        00a7ab28     libgles_cm:libGLES_CM.dll
 0005:00000b2c       __imp__glCompressedTexImage2D 00a7ab2c     libgles_cm:libGLES_CM.dll
 0005:00000b30       __imp__glGetError          00a7ab30     libgles_cm:libGLES_CM.dll
 0005:00000b34       __imp__glBindTexture       00a7ab34     libgles_cm:libGLES_CM.dll
 0005:00000b38       __imp__glGenTextures       00a7ab38     libgles_cm:libGLES_CM.dll
 0005:00000b3c       __imp__glPixelStorei       00a7ab3c     libgles_cm:libGLES_CM.dll
 0005:00000b40       __imp__glDeleteTextures    00a7ab40     libgles_cm:libGLES_CM.dll
 0005:00000b44       __imp__eglGetProcAddress@4 00a7ab44     libgles_cm:libGLES_CM.dll
 0005:00000b48       __imp__glGetString         00a7ab48     libgles_cm:libGLES_CM.dll
 0005:00000b4c       \177libGLES_CM_NULL_THUNK_DATA 00a7ab4c     libgles_cm:libGLES_CM.dll

 entry point at        0002:0000154a

