 Engine

 Timestamp is 4a6f401e (Wed Jul 29 03:14:54 2009)

 Preferred load address is 00400000

 Start         Length     Name                   Class
 0001:00000000 00078f32H .textbss                DATA
 0002:00000000 000f6eeeH .text                   CODE
 0002:000f6ef0 0000379eH .text$x                 CODE
 0002:000fa690 0000117dH .text$yc                CODE
 0002:000fb810 000011c3H .text$yd                CODE
 0003:00000000 00000104H .CRT$XCA                DATA
 0003:00000104 00000109H .CRT$XCC                DATA
 0003:00000210 0000011bH .CRT$XCU                DATA
 0003:0000032c 00000104H .CRT$XCZ                DATA
 0003:00000430 00000104H .CRT$XIA                DATA
 0003:00000534 00000118H .CRT$XIC                DATA
 0003:0000064c 00000104H .CRT$XIY                DATA
 0003:00000750 00000104H .CRT$XIZ                DATA
 0003:00000854 00000104H .CRT$XPA                DATA
 0003:00000958 00000109H .CRT$XPX                DATA
 0003:00000a64 00000104H .CRT$XPXA               DATA
 0003:00000b68 00000104H .CRT$XPZ                DATA
 0003:00000c6c 00000104H .CRT$XTA                DATA
 0003:00000d70 00000104H .CRT$XTZ                DATA
 0003:00000e80 00025b4aH .rdata                  DATA
 0003:000269cc 00000160H .rdata$debug            DATA
 0003:00026b2c 000010a0H .rdata$r                DATA
 0003:00027bcc 00000104H .rtc$IAA                DATA
 0003:00027cd0 00000220H .rtc$IMZ                DATA
 0003:00027ef0 00000104H .rtc$IZZ                DATA
 0003:00027ff4 00000104H .rtc$TAA                DATA
 0003:000280f8 00000220H .rtc$TMZ                DATA
 0003:00028318 00000104H .rtc$TZZ                DATA
 0003:00028420 000036f1H .xdata$x                DATA
 0003:0002bb11 00000000H .edata                  DATA
 0004:00000000 000037d8H .data                   DATA
 0004:000037e0 004d5df0H .bss                    DATA
 0005:00000000 000000a0H .idata$2                DATA
 0005:000000a0 00000014H .idata$3                DATA
 0005:000000b4 00000564H .idata$4                DATA
 0005:00000618 00000564H .idata$5                DATA
 0005:00000b7c 00001022H .idata$6                DATA
 0006:00000000 00000169H .rsrc$01                DATA
 0006:00000170 000002e9H .rsrc$02                DATA

  Address         Publics by Value              Rva+Base       Lib:Object

 0000:00000000       __except_list              00000000     <absolute>
 0000:00000000       ___safe_se_handler_count   00000000     <absolute>
 0000:00000000       ___safe_se_handler_table   00000000     <absolute>
 0000:00000000       ___ImageBase               00400000     <linker-defined>
 0001:00000000       __enc$textbss$begin        00401000     <linker-defined>
 0001:00078f32       __enc$textbss$end          00479f32     <linker-defined>
 0002:00007a60       ?dpf@@YAXPBDZZ             00481a60 f   DevUtil.obj
 0002:00007af0       ?Trace@@YAXPBD@Z           00481af0 f   DevUtil.obj
 0002:00007b50       ?TraceClear@@YAXXZ         00481b50 f   DevUtil.obj
 0002:00007b80       ?Trace1@@YAXPBDH@Z         00481b80 f   DevUtil.obj
 0002:00007c40       ??0CGapi@@QAE@XZ           00481c40 f   GapiMain.obj
 0002:00007db0       ??_G?$CSingletonNoAutoConstruct@$00VCHighGear@@@@UAEPAXI@Z 00481db0 f i HighGear.obj
 0002:00007db0       ??_E?$CSingletonNoAutoConstruct@$00VCHighGear@@@@UAEPAXI@Z 00481db0 f i HighGear.obj
 0002:00007e10       ?InitGame@CGapi@@QAEHPAX@Z 00481e10 f   GapiMain.obj
 0002:00007f20       ??$_Debug_pointer@V?$_Deque_const_iterator@VARect@@V?$allocator@VARect@@@std@@$00@std@@@std@@YAXAAV?$_Deque_const_iterator@VARect@@V?$allocator@VARect@@@std@@$00@0@PB_WI@Z 00481f20 f i HighGear.obj
 0002:00007f60       ?LoopGame@CGapi@@QAEHXZ    00481f60 f   GapiMain.obj
 0002:000080b0       ?EndGame@CGapi@@QAEXXZ     004820b0 f   GapiMain.obj
 0002:00008100       ?MakePath@CGapi@@QAEPADPBD@Z 00482100 f   GapiMain.obj
 0002:000081c0       ?KeyCode2Keypad@CGapi@@QAEHH@Z 004821c0 f   GapiMain.obj
 0002:000085d0       ?getEmptyActorIndex@CHighGear@@QAEHXZ 004825d0 f   HighGear.obj
 0002:00008640       ?begin@?$deque@VARect@@V?$allocator@VARect@@@std@@@std@@QBE?AV?$_Deque_const_iterator@VARect@@V?$allocator@VARect@@@std@@$00@2@XZ 00482640 f i HighGear.obj
 0002:000086d0       ?GetKeyBoardConfig@CHighGear@@QBEHXZ 004826d0 f i GapiMain.obj
 0002:00008710       ?KeyEvent@CGapi@@QAEX_NH@Z 00482710 f   GapiMain.obj
 0002:000087a0       ?UpdateDisplay@CGapi@@QBEXXZ 004827a0 f   GapiMain.obj
 0002:00008850       ?TurnOnBackLight@CGapi@@QAEXXZ 00482850 f   GapiMain.obj
 0002:000088a0       ?GetDisplayOrientation@CGapi@@QAEHXZ 004828a0 f   GapiMain.obj
 0002:000088e0       ?GetAvailableDirections@CGapi@@QAEHXZ 004828e0 f   GapiMain.obj
 0002:00008a30       ?GetAvailableOrientations@CGapi@@QAEHXZ 00482a30 f   GapiMain.obj
 0002:00008a70       ?ApplyDirection@CGapi@@QAEXH@Z 00482a70 f   GapiMain.obj
 0002:00008b90       ?ApplyOrientation@CGapi@@QAEXH@Z 00482b90 f   GapiMain.obj
 0002:00008bf0       ?allocate@?$_DebugHeapAllocator@D@std@@QAAPADIPBX@Z 00482bf0 f i GapiMain.obj
 0002:00008cb0       ??0bad_alloc@std@@QAE@PBD@Z 00482cb0 f i GapiMain.obj
 0002:00008d20       ??1bad_alloc@std@@UAE@XZ   00482d20 f i GapiMain.obj
 0002:00008d80       ??_Gbad_alloc@std@@UAEPAXI@Z 00482d80 f i GapiMain.obj
 0002:00008d80       ??_Ebad_alloc@std@@UAEPAXI@Z 00482d80 f i GapiMain.obj
 0002:00008df0       ?allocate@?$_DebugHeapAllocator@D@std@@QAEPADI@Z 00482df0 f i GapiMain.obj
 0002:00008eb0       ?deallocate@?$_DebugHeapAllocator@D@std@@QAEXPADI@Z 00482eb0 f i GapiMain.obj
 0002:00008f10       ?GetInstance@?$CSingletonNoAutoConstruct@$00VCHighGear@@@@SAPAVCHighGear@@XZ 00482f10 f i GapiMain.obj
 0002:00008f60       ??0bad_alloc@std@@QAE@ABV01@@Z 00482f60 f i GapiMain.obj
 0002:00008fd0       ??0?$_DebugHeapAllocator@D@std@@QAE@XZ 00482fd0 f i GapiMain.obj
 0002:00009030       ??0?$allocator@D@std@@QAE@XZ 00483030 f i GapiMain.obj
 0002:00009070       ?_GetInstance@?$CSingletonNoAutoConstruct@$00VCHighGear@@@@KAPAVCHighGear@@XZ 00483070 f i GapiMain.obj
 0002:000090c0       ?GetSingleton@CSingletonManager@@SAPAVISingleton@@H@Z 004830c0 f i GapiMain.obj
 0002:00009120       ?Inst_GetSingleton@CSingletonManager@@IAEPAVISingleton@@H@Z 00483120 f i GapiMain.obj
 0002:00009170       ??0?$_DebugHeapAllocator@D@std@@QAE@ABV01@@Z 00483170 f i GapiMain.obj
 0002:000091d0       ??0?$allocator@D@std@@QAE@ABV01@@Z 004831d0 f i GapiMain.obj
 0002:00009210       ??$_DebugHeapDelete@X@std@@YAXPAX@Z 00483210 f i GapiMain.obj
 0002:00009270       ??0CKeypad@@QAE@XZ         00483270 f   Keypad.obj
 0002:000092e0       ?Keypad_IsKeyPressed@CKeypad@@QAE_NI@Z 004832e0 f   Keypad.obj
 0002:00009340       ?Keypad_HasKeyChanged@CKeypad@@QAE_NI@Z 00483340 f   Keypad.obj
 0002:000093a0       ?Keypad_HasKeyBeenPressed@CKeypad@@QAE_NI@Z 004833a0 f   Keypad.obj
 0002:00009400       ?Keypad_IsAnyKeyPressed@CKeypad@@QAE_NXZ 00483400 f   Keypad.obj
 0002:00009450       ?Keypad_HasAnyKeyChanged@CKeypad@@QAE_NXZ 00483450 f   Keypad.obj
 0002:000094a0       ?Keypad_HasAnyKeyBeenPressed@CKeypad@@QAE_NXZ 004834a0 f   Keypad.obj
 0002:000094f0       ?Keypad_GetLastPressedKeyCode@CKeypad@@QAEHXZ 004834f0 f   Keypad.obj
 0002:00009570       ?Keypad_IsActionKeyBeenPressed@CKeypad@@QAE_NI_N@Z 00483570 f   Keypad.obj
 0002:00009650       ?Keypad_HasActionKeyBeenDoublePressed@CKeypad@@QAE_NI@Z 00483650 f   Keypad.obj
 0002:00009720       ?Keypad_RemoveActionKey@CKeypad@@QAEXI@Z 00483720 f   Keypad.obj
 0002:00009800       ?Keypad_AddEvent@CKeypad@@QAE_NII@Z 00483800 f   Keypad.obj
 0002:000098c0       ?Keypad_UpdateState@CKeypad@@QAEX_N@Z 004838c0 f   Keypad.obj
 0002:00009a80       ?Keypad_ResetQueue@CKeypad@@QAEXXZ 00483a80 f   Keypad.obj
 0002:00009ad0       ?Keypad_ResetStates@CKeypad@@QAEXXZ 00483ad0 f   Keypad.obj
 0002:00009b20       ?Keypad_Reset@CKeypad@@QAEXXZ 00483b20 f   Keypad.obj
 0002:00009b80       ?Keypad_IsKeyPressed_MenuUp@CKeypad@@QAE_NXZ 00483b80 f   Keypad.obj
 0002:00009d10       ?Gapi@CHighGear@@QAEAAVCGapi@@XZ 00483d10 f i Keypad.obj
 0002:00009d50       ?Keypad_IsKeyPressed_MenuDown@CKeypad@@QAE_NXZ 00483d50 f   Keypad.obj
 0002:00009ee0       ?Keypad_IsKeyPressed_MenuLeft@CKeypad@@QAE_NXZ 00483ee0 f   Keypad.obj
 0002:0000a070       ?Keypad_IsKeyPressed_MenuRight@CKeypad@@QAE_NXZ 00484070 f   Keypad.obj
 0002:0000a200       ?Keypad_HasKeyBeenPressed_MenuUp@CKeypad@@QAE_NXZ 00484200 f   Keypad.obj
 0002:0000a390       ?Keypad_HasKeyBeenPressed_MenuDown@CKeypad@@QAE_NXZ 00484390 f   Keypad.obj
 0002:0000a520       ?Keypad_HasKeyBeenPressed_MenuLeft@CKeypad@@QAE_NXZ 00484520 f   Keypad.obj
 0002:0000a6b0       ?Keypad_HasKeyBeenPressed_MenuRight@CKeypad@@QAE_NXZ 004846b0 f   Keypad.obj
 0002:0000a840       ?strlen@@YAHPBG@Z          00484840 f   str_utils.obj
 0002:0000a8a0       ?strcpy@@YAHPAGPBG@Z       004848a0 f   str_utils.obj
 0002:0000a920       ?strcpy@@YAHPAGPBD@Z       00484920 f   str_utils.obj
 0002:0000a9a0       ?strcpy@@YAHPADPBG@Z       004849a0 f   str_utils.obj
 0002:0000aa20       ?strcat@@YAHPAGPBG@Z       00484a20 f   str_utils.obj
 0002:0000aa90       ?strcat@@YAHPAGPBD@Z       00484a90 f   str_utils.obj
 0002:0000ab00       ?strcmp@@YAHPAG0@Z         00484b00 f   str_utils.obj
 0002:0000ab90       ?itoa@@YAHHPAG@Z           00484b90 f   str_utils.obj
 0002:0000ad50       ?sprintf@@YAXPAGPBGZZ      00484d50 f   str_utils.obj
 0002:0000aeb0       ??M?$_Deque_const_iterator@VARect@@V?$allocator@VARect@@@std@@$00@std@@QBE_NABV01@@Z 00484eb0 f i HighGear.obj
 0002:0000af10       ?sprintf@@YAXPAGPBDZZ      00484f10 f   str_utils.obj
 0002:0000b100       ?toUnicode@@YAPAGPAD@Z     00485100 f   str_utils.obj
 0002:0000b1b0       ?CharToUnicode@@YAXPAGPBD@Z 004851b0 f   str_utils.obj
 0002:0000b260       ?ToUpper@Util@@SAAAV?$basic_string@DU?$char_traits@D@std@@V?$allocator@D@2@@std@@AAV23@@Z 00485260 f   Util.obj
 0002:0000b2f0       ?Trim@Util@@SAAAV?$basic_string@DU?$char_traits@D@std@@V?$allocator@D@2@@std@@AAV23@@Z 004852f0 f   Util.obj
 0002:0000b460       ?Replace@Util@@SAAAV?$basic_string@DU?$char_traits@D@std@@V?$allocator@D@2@@std@@AAV23@V23@1@Z 00485460 f   Util.obj
 0002:0000b5d0       ?SplitLeft@Util@@SAXV?$basic_string@DU?$char_traits@D@std@@V?$allocator@D@2@@std@@AAV23@1PBD@Z 004855d0 f   Util.obj
 0002:0000b7f0       ?GetCompleteFileName@Util@@SA?AV?$basic_string@DU?$char_traits@D@std@@V?$allocator@D@2@@std@@ABV23@PBD@Z 004857f0 f   Util.obj
 0002:0000ba10       ??1?$_String_iterator@DU?$char_traits@D@std@@V?$allocator@D@2@@std@@QAE@XZ 00485a10 f i Util.obj
 0002:0000ba60       ??1?$_String_const_iterator@DU?$char_traits@D@std@@V?$allocator@D@2@@std@@QAE@XZ 00485a60 f i Util.obj
 0002:0000bab0       ??1?$_Ranit_base@DHPBDABDV_Iterator_base@std@@@std@@QAE@XZ 00485ab0 f i Util.obj
 0002:0000bb00       ??1_Iterator_base@std@@QAE@XZ 00485b00 f i Util.obj
 0002:0000bbf0       ?_Orphan_me@_Iterator_base@std@@QAEXXZ 00485bf0 f i Util.obj
 0002:0000bcc0       ?StrFindAndReplace@Util@@SAXPADPBD11@Z 00485cc0 f   Util.obj
 0002:0000bdf0       ?StrFindAndReplace@Util@@SAXPAGPBG11@Z 00485df0 f   Util.obj
 0002:0000bfa0       ?FindCharRight@Util@@SAPBGPBGG_N@Z 00485fa0 f   Util.obj
 0002:0000c0b0       ?Interp@Util@@SAHHHHHH@Z   004860b0 f   Util.obj
 0002:0000c100       ?Interp@Util@@SAMMMMMM@Z   00486100 f   Util.obj
 0002:0000c160       ??0?$basic_string@DU?$char_traits@D@std@@V?$allocator@D@2@@std@@QAE@ABV01@@Z 00486160 f i Util.obj
 0002:0000c230       ??1?$basic_string@DU?$char_traits@D@std@@V?$allocator@D@2@@std@@QAE@XZ 00486230 f i Util.obj
 0002:0000c2e0       ??4?$basic_string@DU?$char_traits@D@std@@V?$allocator@D@2@@std@@QAEAAV01@ABV01@@Z 004862e0 f i Util.obj
 0002:0000c340       ??4?$basic_string@DU?$char_traits@D@std@@V?$allocator@D@2@@std@@QAEAAV01@PBD@Z 00486340 f i Util.obj
 0002:0000c3a0       ?append@?$basic_string@DU?$char_traits@D@std@@V?$allocator@D@2@@std@@QAEAAV12@PBD@Z 004863a0 f i Util.obj
 0002:0000c430       ?length@?$char_traits@D@std@@SAIPBD@Z 00486430 f i Util.obj
 0002:0000c480       ?replace@?$basic_string@DU?$char_traits@D@std@@V?$allocator@D@2@@std@@QAEAAV12@IIABV12@@Z 00486480 f i Util.obj
 0002:0000c4f0       ?begin@?$basic_string@DU?$char_traits@D@std@@V?$allocator@D@2@@std@@QAE?AV?$_String_iterator@DU?$char_traits@D@std@@V?$allocator@D@2@@2@XZ 004864f0 f i Util.obj
 0002:0000c580       ?end@?$basic_string@DU?$char_traits@D@std@@V?$allocator@D@2@@std@@QAE?AV?$_String_iterator@DU?$char_traits@D@std@@V?$allocator@D@2@@2@XZ 00486580 f i Util.obj
 0002:0000c610       ?c_str@?$basic_string@DU?$char_traits@D@std@@V?$allocator@D@2@@std@@QBEPBDXZ 00486610 f i Util.obj
 0002:0000c660       ?size@?$basic_string@DU?$char_traits@D@std@@V?$allocator@D@2@@std@@QBEIXZ 00486660 f i Util.obj
 0002:0000c6a0       ?find@?$basic_string@DU?$char_traits@D@std@@V?$allocator@D@2@@std@@QBEIABV12@I@Z 004866a0 f i Util.obj
 0002:0000c710       ?find@?$basic_string@DU?$char_traits@D@std@@V?$allocator@D@2@@std@@QBEIPBDI@Z 00486710 f i Util.obj
 0002:0000c7a0       ?find_first_of@?$basic_string@DU?$char_traits@D@std@@V?$allocator@D@2@@std@@QBEIPBDI@Z 004867a0 f i Util.obj
 0002:0000c830       ?find_first_not_of@?$basic_string@DU?$char_traits@D@std@@V?$allocator@D@2@@std@@QBEIPBDI@Z 00486830 f i Util.obj
 0002:0000c8c0       ?find_last_not_of@?$basic_string@DU?$char_traits@D@std@@V?$allocator@D@2@@std@@QBEIPBDI@Z 004868c0 f i Util.obj
 0002:0000c950       ?substr@?$basic_string@DU?$char_traits@D@std@@V?$allocator@D@2@@std@@QBE?AV12@II@Z 00486950 f i Util.obj
 0002:0000c9f0       ??9?$_String_const_iterator@DU?$char_traits@D@std@@V?$allocator@D@2@@std@@QBE_NABV01@@Z 004869f0 f i Util.obj
 0002:0000ca60       ??D?$_String_iterator@DU?$char_traits@D@std@@V?$allocator@D@2@@std@@QBEAADXZ 00486a60 f i Util.obj
 0002:0000cab0       ??E?$_String_iterator@DU?$char_traits@D@std@@V?$allocator@D@2@@std@@QAEAAV01@XZ 00486ab0 f i Util.obj
 0002:0000cb10       ??1?$_String_val@DV?$allocator@D@std@@@std@@QAE@XZ 00486b10 f i Util.obj
 0002:0000cb60       ??1_String_base@std@@QAE@XZ 00486b60 f i Util.obj
 0002:0000cbb0       ??1_Container_base_secure@std@@QAE@XZ 00486bb0 f i Util.obj
 0002:0000cc00       ?_Orphan_all@_Container_base_secure@std@@QBEXXZ 00486c00 f i Util.obj
 0002:0000cce0       ??0?$basic_string@DU?$char_traits@D@std@@V?$allocator@D@2@@std@@QAE@ABV01@IIABV?$allocator@D@1@@Z 00486ce0 f i Util.obj
 0002:0000cdd0       ?append@?$basic_string@DU?$char_traits@D@std@@V?$allocator@D@2@@std@@QAEAAV12@PBDI@Z 00486dd0 f i Util.obj
 0002:0000cf30       ?assign@?$basic_string@DU?$char_traits@D@std@@V?$allocator@D@2@@std@@QAEAAV12@ABV12@@Z 00486f30 f i Util.obj
 0002:0000cf90       ?assign@?$basic_string@DU?$char_traits@D@std@@V?$allocator@D@2@@std@@QAEAAV12@ABV12@II@Z 00486f90 f i Util.obj
 0002:0000d0b0       ?assign@?$basic_string@DU?$char_traits@D@std@@V?$allocator@D@2@@std@@QAEAAV12@PBD@Z 004870b0 f i Util.obj
 0002:0000d140       ?replace@?$basic_string@DU?$char_traits@D@std@@V?$allocator@D@2@@std@@QAEAAV12@IIABV12@II@Z 00487140 f i Util.obj
 0002:0000d4a0       ?drawNum@CHighGear@@QAEXHHHH_N@Z 004874a0 f   HighGear.obj
 0002:0000d580       ?find@?$basic_string@DU?$char_traits@D@std@@V?$allocator@D@2@@std@@QBEIPBDII@Z 00487580 f i Util.obj
 0002:0000d6e0       ?compare@?$char_traits@D@std@@SAHPBD0I@Z 004876e0 f i Util.obj
 0002:0000d740       ?find@?$char_traits@D@std@@SAPBDPBDIABD@Z 00487740 f i Util.obj
 0002:0000d7a0       ?find_first_of@?$basic_string@DU?$char_traits@D@std@@V?$allocator@D@2@@std@@QBEIPBDII@Z 004877a0 f i Util.obj
 0002:0000d8a0       ?find_first_not_of@?$basic_string@DU?$char_traits@D@std@@V?$allocator@D@2@@std@@QBEIPBDII@Z 004878a0 f i Util.obj
 0002:0000d9a0       ?find_last_not_of@?$basic_string@DU?$char_traits@D@std@@V?$allocator@D@2@@std@@QBEIPBDII@Z 004879a0 f i Util.obj
 0002:0000dac0       ?get_allocator@?$basic_string@DU?$char_traits@D@std@@V?$allocator@D@2@@std@@QBE?AV?$allocator@D@2@XZ 00487ac0 f i Util.obj
 0002:0000db20       ?_Tidy@?$basic_string@DU?$char_traits@D@std@@V?$allocator@D@2@@std@@IAEX_NI@Z 00487b20 f i Util.obj
 0002:0000dbf0       ?_Myptr@?$basic_string@DU?$char_traits@D@std@@V?$allocator@D@2@@std@@IAEPADXZ 00487bf0 f i Util.obj
 0002:0000dc60       ?_Myptr@?$basic_string@DU?$char_traits@D@std@@V?$allocator@D@2@@std@@IBEPBDXZ 00487c60 f i Util.obj
 0002:0000dcd0       ??0?$_String_val@DV?$allocator@D@std@@@std@@IAE@V?$allocator@D@1@@Z 00487cd0 f i Util.obj
 0002:0000dd40       ??0?$_String_val@DV?$allocator@D@std@@@std@@QAE@ABV01@@Z 00487d40 f i Util.obj
 0002:0000ddc0       ??D?$_String_const_iterator@DU?$char_traits@D@std@@V?$allocator@D@2@@std@@QBEABDXZ 00487dc0 f i Util.obj
 0002:0000dec0       ??E?$_String_const_iterator@DU?$char_traits@D@std@@V?$allocator@D@2@@std@@QAEAAV01@XZ 00487ec0 f i Util.obj
 0002:0000e010       ?_Has_container@_Iterator_base@std@@QBE_NXZ 00488010 f i Util.obj
 0002:0000e060       ??8?$_String_const_iterator@DU?$char_traits@D@std@@V?$allocator@D@2@@std@@QBE_NABV01@@Z 00488060 f i Util.obj
 0002:0000e0d0       ??0?$_String_iterator@DU?$char_traits@D@std@@V?$allocator@D@2@@std@@QAE@PADPBV_Container_base_secure@1@@Z 004880d0 f i Util.obj
 0002:0000e130       ??0_String_base@std@@QAE@XZ 00488130 f i Util.obj
 0002:0000e190       ??0_Container_base_secure@std@@QAE@XZ 00488190 f i Util.obj
 0002:0000e1e0       ?append@?$basic_string@DU?$char_traits@D@std@@V?$allocator@D@2@@std@@QAEAAV12@ABV12@II@Z 004881e0 f i Util.obj
 0002:0000e320       ?assign@?$basic_string@DU?$char_traits@D@std@@V?$allocator@D@2@@std@@QAEAAV12@PBDI@Z 00488320 f i Util.obj
 0002:0000e420       ?erase@?$basic_string@DU?$char_traits@D@std@@V?$allocator@D@2@@std@@QAEAAV12@II@Z 00488420 f i Util.obj
 0002:0000e510       ?_Eos@?$basic_string@DU?$char_traits@D@std@@V?$allocator@D@2@@std@@IAEXI@Z 00488510 f i Util.obj
 0002:0000e590       ?assign@?$char_traits@D@std@@SAXAADABD@Z 00488590 f i Util.obj
 0002:0000e5d0       ?_Grow@?$basic_string@DU?$char_traits@D@std@@V?$allocator@D@2@@std@@IAE_NI_N@Z 004885d0 f i Util.obj
 0002:0000e6d0       ?_Inside@?$basic_string@DU?$char_traits@D@std@@V?$allocator@D@2@@std@@IAE_NPBD@Z 004886d0 f i Util.obj
 0002:0000e750       ?deallocate@?$allocator@D@std@@QAEXPADI@Z 00488750 f i Util.obj
 0002:0000e7b0       ??0?$_String_const_iterator@DU?$char_traits@D@std@@V?$allocator@D@2@@std@@QAE@PBDPBV_Container_base_secure@1@@Z 004887b0 f i Util.obj
 0002:0000e8f0       ?_Adopt@_Iterator_base@std@@QAEXPBV_Container_base_secure@2@@Z 004888f0 f i Util.obj
 0002:0000ea20       ?_Compat@?$_String_const_iterator@DU?$char_traits@D@std@@V?$allocator@D@2@@std@@QBEXABV12@@Z 00488a20 f i Util.obj
 0002:0000eaf0       ??0?$_Ranit_base@DHPBDABDV_Iterator_base@std@@@std@@QAE@XZ 00488af0 f i Util.obj
 0002:0000eb50       ??0_Iterator_base@std@@QAE@XZ 00488b50 f i Util.obj
 0002:0000eba0       ?max_size@?$basic_string@DU?$char_traits@D@std@@V?$allocator@D@2@@std@@QBEIXZ 00488ba0 f i Util.obj
 0002:0000ec30       ?_Copy@?$basic_string@DU?$char_traits@D@std@@V?$allocator@D@2@@std@@IAEXII@Z 00488c30 f i Util.obj
 0002:0000ee60       ?allocate@?$allocator@D@std@@QAEPADI@Z 00488e60 f i Util.obj
 0002:0000eec0       ?max_size@?$allocator@D@std@@QBEIXZ 00488ec0 f i Util.obj
 0002:0000ef30       ??$_Debug_pointer@D@std@@YAXPBDPB_WI@Z 00488f30 f i Util.obj
 0002:0000ef90       ??$copy_s@U?$char_traits@D@std@@@_Traits_helper@std@@YAPADPADIPBDI@Z 00488f90 f i Util.obj
 0002:0000f010       ??$move_s@U?$char_traits@D@std@@@_Traits_helper@std@@YAPADPADIPBDI@Z 00489010 f i Util.obj
 0002:0000f090       ??$_Allocate@D@std@@YAPADIPAD@Z 00489090 f i Util.obj
 0002:0000f130       ??$_Char_traits_cat@U?$char_traits@D@std@@@std@@YA?AU_Secure_char_traits_tag@0@XZ 00489130 f i Util.obj
 0002:0000f1a0       ??$copy_s@U?$char_traits@D@std@@@_Traits_helper@std@@YAPADPADIPBDIU_Secure_char_traits_tag@1@@Z 004891a0 f i Util.obj
 0002:0000f200       ?_Copy_s@?$char_traits@D@std@@SAPADPADIPBDI@Z 00489200 f i Util.obj
 0002:0000f260       ??$move_s@U?$char_traits@D@std@@@_Traits_helper@std@@YAPADPADIPBDIU_Secure_char_traits_tag@1@@Z 00489260 f i Util.obj
 0002:0000f2c0       ?_Move_s@?$char_traits@D@std@@SAPADPADIPBDI@Z 004892c0 f i Util.obj
 0002:0000f320       ?IsInBox@@YA_NHHHHHH@Z     00489320 f   WinMain.obj
 0002:0000f3a0       ?Zoom@@YAXH@Z              004893a0 f   WinMain.obj
 0002:0000f3d0       ?Resize@@YAXHH@Z           004893d0 f   WinMain.obj
 0002:0000f560       ?PCDisplayUpdate@@YAXXZ    00489560 f   WinMain.obj
 0002:0000f5b0       _WinMain@16                004895b0 f   WinMain.obj
 0002:0000fdf0       ??0CLib2D@@QAE@ABV0@@Z     00489df0 f i HighGear.obj
 0002:0000fef0       ??0?$CSingletonNoAutoConstruct@$00VCHighGear@@@@QAE@XZ 00489ef0 f i HighGear.obj
 0002:00010000       ?Quit@CGapi@@QAEXXZ        0048a000 f i WinMain.obj
 0002:00010050       ??_GLib3DGL@@QAEPAXI@Z     0048a050 f i WinMain.obj
 0002:000100c0       ?MainProc@@YGJPAUHWND__@@IIJ@Z 0048a0c0 f   WinMain.obj
 0002:00010480       ??G?$_Deque_const_iterator@VARect@@V?$allocator@VARect@@@std@@$00@std@@QBEHABV01@@Z 0048a480 f i HighGear.obj
 0002:00010560       ?GRGetTickCount@@YAKXZ     0048a560 f   WinMain.obj
 0002:000105c0       ?GRGetTickCountPeriod@@YAKXZ 0048a5c0 f   WinMain.obj
 0002:00010600       ?debug_out@@YAXPBDZZ       0048a600 f   WinMain.obj
 0002:000106d0       ?InitOpenGLESWindow@@YAHXZ 0048a6d0 f   WinMain.obj
 0002:000109e0       ?_Compat@?$_Deque_const_iterator@VARect@@V?$allocator@VARect@@@std@@$00@std@@QBEXABV12@@Z 0048a9e0 f i HighGear.obj
 0002:00010aa0       ?CloseOpenGLESWindow@@YAXXZ 0048aaa0 f   WinMain.obj
 0002:00010b80       ??_GTextureFBO@@QAEPAXI@Z  0048ab80 f i WinMain.obj
 0002:00010bf0       ?OGLRefresh3D@@YAXXZ       0048abf0 f   WinMain.obj
 0002:00010ce0       ?GetInstance@?$CSingleton@$09VCTouchZones@@@@SAPAVCTouchZones@@XZ 0048ace0 f i WinMain.obj
 0002:00010de0       ?_GetInstance@?$CSingletonNoAutoConstruct@$09VCTouchZones@@@@KAPAVCTouchZones@@XZ 0048ade0 f i WinMain.obj
 0002:00010e30       ??0CBoard3D@Lib3D@@QAE@XZ  0048ae30 f   Board3D.obj
 0002:00010f50       ??1CBoard3D@Lib3D@@QAE@XZ  0048af50 f   Board3D.obj
 0002:00010f90       ?InitInverseTable@CBoard3D@Lib3D@@AAEXXZ 0048af90 f   Board3D.obj
 0002:00011090       ?DrawEdgeH@CBoard3D@Lib3D@@AAEXHHHH@Z 0048b090 f   Board3D.obj
 0002:00011210       ?InverseTable@CBoard3D@Lib3D@@ABEHH@Z 0048b210 f i Board3D.obj
 0002:00011370       ??0_CMinMax@@QAE@PBD@Z     0048b370 f i Board3D.obj
 0002:000113d0       ??R_CMinMax@@QAEXH@Z       0048b3d0 f i Board3D.obj
 0002:00011440       ??1_CMinMax@@QAE@XZ        0048b440 f i Board3D.obj
 0002:000114f0       ?DrawEdgeV@CBoard3D@Lib3D@@AAEXHHHH@Z 0048b4f0 f   Board3D.obj
 0002:00011670       ?DrawEdgeHV@CBoard3D@Lib3D@@QAEXHHHH@Z 0048b670 f   Board3D.obj
 0002:00011830       ?DrawPolyEdge@CBoard3D@Lib3D@@QAEXPBVVector4s@@00@Z 0048b830 f   Board3D.obj
 0002:00011900       ?PrepareFace2@@YA_NPBVTFace@Lib3D@@PAPBVTVxuv@2@@Z 0048b900 f   Board3D.obj
 0002:00011a20       ?ScrVectorA@TFace@Lib3D@@QBEABVVector4s@@XZ 0048ba20 f i Board3D.obj
 0002:00011a60       ?ScrVectorB@TFace@Lib3D@@QBEABVVector4s@@XZ 0048ba60 f i Board3D.obj
 0002:00011aa0       ?ScrVectorC@TFace@Lib3D@@QBEABVVector4s@@XZ 0048baa0 f i Board3D.obj
 0002:00011ae0       ?GetVxuvA@TFace@Lib3D@@QBEPBVTVxuv@2@XZ 0048bae0 f i Board3D.obj
 0002:00011b20       ?GetVxuvB@TFace@Lib3D@@QBEPBVTVxuv@2@XZ 0048bb20 f i Board3D.obj
 0002:00011b60       ?GetVxuvC@TFace@Lib3D@@QBEPBVTVxuv@2@XZ 0048bb60 f i Board3D.obj
 0002:00011ba0       ?DrawFace@CBoard3D@Lib3D@@QAEXPBVTFace@2@I@Z 0048bba0 f   Board3D.obj
 0002:00011dd0       ?GetTexture@TFace@Lib3D@@QBEPBVTTexture@2@XZ 0048bdd0 f i Board3D.obj
 0002:00011e10       ?Clear@CBoard3D@Lib3D@@QAEXXZ 0048be10 f   Board3D.obj
 0002:00011ea0       ?Clear@CBoard3D@Lib3D@@QAEXG@Z 0048bea0 f   Board3D.obj
 0002:00011f30       ?DrawPolyGT3@CBoard3D@Lib3D@@AAEXPBVTVxuv@2@00@Z 0048bf30 f   Board3D.obj
 0002:00012950       ??0?$deque@VARect@@V?$allocator@VARect@@@std@@@std@@QAE@ABV01@@Z 0048c950 f i HighGear.obj
 0002:00012af0       ??H?$_Deque_iterator@VARect@@V?$allocator@VARect@@@std@@$00@std@@QBE?AV01@H@Z 0048caf0 f i HighGear.obj
 0002:00012bd0       ??0LineParamNoZ@Lib3D@@QAE@XZ 0048cbd0 f i Board3D.obj
 0002:00012c10       ??0LineParamNoZ@Lib3D@@QAE@HHHH@Z 0048cc10 f i Board3D.obj
 0002:00012c80       ?Set@LineParamNoZ@Lib3D@@QAEXHHHH@Z 0048cc80 f i Board3D.obj
 0002:00012cf0       ?Substact@LineParamNoZ@Lib3D@@QAEXHABU12@@Z 0048ccf0 f i Board3D.obj
 0002:00012da0       ?AddDelta@LineParamNoZ@Lib3D@@QAEXABU12@@Z 0048cda0 f i Board3D.obj
 0002:00012e30       ?DivideShift16@CBoard3D@Lib3D@@QBEHHH@Z 0048ce30 f i Board3D.obj
 0002:00012e90       ?LastLine@@YAHPBVTVxuv@Lib3D@@H@Z 0048ce90 f i Board3D.obj
 0002:00012ef0       ?DrawPolyGT3Additive@CBoard3D@Lib3D@@AAEXPBVTVxuv@2@00@Z 0048cef0 f   Board3D.obj
 0002:00013910       ??$insert@V?$_Deque_const_iterator@VARect@@V?$allocator@VARect@@@std@@$00@std@@@?$deque@VARect@@V?$allocator@VARect@@@std@@@std@@QAEXV?$_Deque_const_iterator@VARect@@V?$allocator@VARect@@@std@@$00@1@00@Z 0048d910 f i HighGear.obj
 0002:00013a40       ??E?$_Deque_const_iterator@VARect@@V?$allocator@VARect@@@std@@$00@std@@QAEAAV01@XZ 0048da40 f i HighGear.obj
 0002:00013b90       ?DrawPolyGT3AdditiveAlpha@CBoard3D@Lib3D@@AAEXPBVTVxuv@2@00@Z 0048db90 f   Board3D.obj
 0002:000145b0       ??$_Debug_range@V?$_Deque_const_iterator@VARect@@V?$allocator@VARect@@@std@@$00@std@@@std@@YAXV?$_Deque_const_iterator@VARect@@V?$allocator@VARect@@@std@@$00@0@0PB_WI@Z 0048e5b0 f i HighGear.obj
 0002:000146a0       ??$swap@VARect@@@std@@YAXAAVARect@@0@Z 0048e6a0 f i HighGear.obj
 0002:00014830       ?DrawPolyGT3AlphaMask@CBoard3D@Lib3D@@AAEXPBVTVxuv@2@00@Z 0048e830 f   Board3D.obj
 0002:000154d0       ?DrawPolyGT3Shadow@CBoard3D@Lib3D@@AAEXPBVTVxuv@2@00@Z 0048f4d0 f   Board3D.obj
 0002:00015ef0       ??0LineParamNoZUV@Lib3D@@QAE@XZ 0048fef0 f i Board3D.obj
 0002:00015f30       ??0LineParamNoZUV@Lib3D@@QAE@HH@Z 0048ff30 f i Board3D.obj
 0002:00015f80       ?Set@LineParamNoZUV@Lib3D@@QAEXHH@Z 0048ff80 f i Board3D.obj
 0002:00015fd0       ?Substact@LineParamNoZUV@Lib3D@@QAEXHABU12@@Z 0048ffd0 f i Board3D.obj
 0002:00016040       ?AddDelta@LineParamNoZUV@Lib3D@@QAEXABU12@@Z 00490040 f i Board3D.obj
 0002:000160a0       ?DrawPolyGT3Substractive@CBoard3D@Lib3D@@AAEXPBVTVxuv@2@00@Z 004900a0 f   Board3D.obj
 0002:00016d40       ?DrawPolyG3@CBoard3D@Lib3D@@AAEXPBVTVxuv@2@00II@Z 00490d40 f   Board3D.obj
 0002:00017970       ?PrepareFace@CBoard3D@Lib3D@@AAE_NPBVTFace@2@PAPBVTVxuv@2@@Z 00491970 f   Board3D.obj
 0002:00017e20       ?DrawPolyGT3z@CBoard3D@Lib3D@@AAEXPBVTVxuv@2@00@Z 00491e20 f   Board3D.obj
 0002:00018cd0       ??0LineParamZ@Lib3D@@QAE@XZ 00492cd0 f i Board3D.obj
 0002:00018d30       ??0LineParamZ@Lib3D@@QAE@HHHHH@Z 00492d30 f i Board3D.obj
 0002:00018db0       ?Set@LineParamZ@Lib3D@@QAEXHHHHH@Z 00492db0 f i Board3D.obj
 0002:00018e20       ?Substact@LineParamZ@Lib3D@@QAEXHABU12@@Z 00492e20 f i Board3D.obj
 0002:00018ea0       ?AddDelta@LineParamZ@Lib3D@@QAEXABU12@@Z 00492ea0 f i Board3D.obj
 0002:00018f10       ?DrawPolyGT3zCar@CBoard3D@Lib3D@@AAEXPBVTVxuv@2@00@Z 00492f10 f   Board3D.obj
 0002:00019dc0       ?DrawBillboard@CBoard3D@Lib3D@@QAEXABVVector4s@@ABVTTexture@2@HHHHHH@Z 00493dc0 f   Board3D.obj
 0002:0001a880       ?SizeX@TTexture@Lib3D@@QBEHXZ 00494880 f i Board3D.obj
 0002:0001a8c0       ?SizeY@TTexture@Lib3D@@QBEHXZ 004948c0 f i Board3D.obj
 0002:0001a900       ?Data@TTexture@Lib3D@@QBEPAGXZ 00494900 f i Board3D.obj
 0002:0001a940       ?DrawMaskX@TTexture@Lib3D@@QBEKXZ 00494940 f i Board3D.obj
 0002:0001a980       ?DrawMaskY@TTexture@Lib3D@@QBEKXZ 00494980 f i Board3D.obj
 0002:0001a9c0       ?VShift@TTexture@Lib3D@@QBEHXZ 004949c0 f i Board3D.obj
 0002:0001aa00       ?InvRhTable@CBoard3D@Lib3D@@ABEHH@Z 00494a00 f i Board3D.obj
 0002:0001aa80       ?DrawBillboard@CBoard3D@Lib3D@@QAEXABVVector4s@@ABVTTexture@2@HHHH@Z 00494a80 f   Board3D.obj
 0002:0001b6a0       ?XShift@TTexture@Lib3D@@QBEHXZ 004956a0 f i Board3D.obj
 0002:0001b6e0       ?YShift@TTexture@Lib3D@@QBEHXZ 004956e0 f i Board3D.obj
 0002:0001b720       ?DrawLine@CBoard3D@Lib3D@@QAEXVVector4s@@0HHABVCColor@2@_N@Z 00495720 f   Board3D.obj
 0002:0001bd70       ?Abs@Lib3D@@YAHH@Z         00495d70 f i Board3D.obj
 0002:0001bdd0       ??0Vector4s@@QAE@XZ        00495dd0 f i Board3D.obj
 0002:0001be10       ??$FastColorAdd@IG@CLib2D@@SAHIG@Z 00495e10 f i Board3D.obj
 0002:0001bec0       ??$MixColor@HGH@CLib2D@@SAHHGH@Z 00495ec0 f i Board3D.obj
 0002:0001bf70       ??0CCameraAsphalt@Lib3D@@QAE@XZ 00495f70 f   Camera.obj
 0002:0001c010       ?Init@Vector4s@@QAEXJJJ@Z  00496010 f i Camera.obj
 0002:0001c070       ?Set@CCameraAsphalt@Lib3D@@QAEXABVVector4s@@0ABVCMatrix44@2@@Z 00496070 f   Camera.obj
 0002:0001c170       ?isLeft@CConvexHull@@AAEHABVConvexHullAtom@@00@Z 00496170 f   ConvexHull.obj
 0002:0001c1f0       ??1CConvexHull@@QAE@XZ     004961f0 f   ConvexHull.obj
 0002:0001c280       ?TooClose@CConvexHull@@AAE_NABVVector4s@@0@Z 00496280 f   ConvexHull.obj
 0002:0001c410       ?Abs@Lib3D@@YAJJ@Z         00496410 f i ConvexHull.obj
 0002:0001c470       ?isValid@CConvexHull@@AAE_NABVVector4s@@@Z 00496470 f   ConvexHull.obj
 0002:0001c5a0       ?CompareConvexHullAtom@@YAHPBX0@Z 004965a0 f   ConvexHull.obj
 0002:0001c640       ?PrepareVertices@CConvexHull@@AAEXABVCGLMesh@Lib3D@@W4ProjectionPlane@1@HH@Z 00496640 f   ConvexHull.obj
 0002:0001cbd0       ??0Vector2s@@QAE@JJ@Z      00496bd0 f i ConvexHull.obj
 0002:0001cc20       ??0ConvexHullAtom@@QAE@XZ  00496c20 f i ConvexHull.obj
 0002:0001cc80       ??0Vector2s@@QAE@XZ        00496c80 f i ConvexHull.obj
 0002:0001ccc0       ??0ConvexHullAtom@@QAE@ABVVector2s@@H@Z 00496cc0 f i ConvexHull.obj
 0002:0001cd20       ??4ConvexHullAtom@@QAEAAV0@ABV0@@Z 00496d20 f i ConvexHull.obj
 0002:0001cd90       ?NbVertex@CGLMesh@Lib3D@@QBEHXZ 00496d90 f i ConvexHull.obj
 0002:0001cdd0       ?GetVertices@CGLMesh@Lib3D@@QBEPAMXZ 00496dd0 f i ConvexHull.obj
 0002:0001ce10       ??0ConvexHullAtomAccessor@@QAE@PAVConvexHullAtom@@H@Z 00496e10 f i ConvexHull.obj
 0002:0001ce60       ??AConvexHullAtomAccessor@@QBEAAVConvexHullAtom@@H@Z 00496e60 f i ConvexHull.obj
 0002:0001cef0       ?Size@ConvexHullAtomAccessor@@QBEHXZ 00496ef0 f i ConvexHull.obj
 0002:0001cf30       ??_H@YGXPAXIHP6EPAX0@Z@Z   00496f30 f i ConvexHull.obj
 0002:0001cfa0       ??0CConvexHull@@QAE@AAVCGLMesh@Lib3D@@W4ProjectionPlane@0@HH@Z 00496fa0 f   ConvexHull.obj
 0002:0001d2e0       ?ComputeHull@CConvexHull@@AAEHXZ 004972e0 f   ConvexHull.obj
 0002:0001d980       ?ApplyContraints@CConvexHull@@QAEXAAVCGLMesh@Lib3D@@W4ProjectionPlane@1@HH@Z 00497980 f   ConvexHull.obj
 0002:0001dc20       ??0IndexArray@@QAE@H@Z     00497c20 f i ConvexHull.obj
 0002:0001dcf0       ??1IndexArray@@QAE@XZ      00497cf0 f i ConvexHull.obj
 0002:0001dd60       ??AIndexArray@@QAEAAHH@Z   00497d60 f i ConvexHull.obj
 0002:0001ddf0       ?TestConstraint@CConvexHull@@QAEHAAVCGLMesh@Lib3D@@W4ProjectionPlane@1@HH@Z 00497df0 f   ConvexHull.obj
 0002:0001df00       ??0TFace@Lib3D@@QAE@PAVTVertex@1@@Z 00497f00 f   Face.obj
 0002:0001dff0       ??0COTObject@Lib3D@@IAE@XZ 00497ff0 f i Face.obj
 0002:0001e040       ?GetGLTextureName@COTObject@Lib3D@@UAEIXZ 00498040 f i Face.obj
 0002:0001e080       ??_ECOTObject@Lib3D@@MAEPAXI@Z 00498080 f i Face.obj
 0002:0001e080       ??_GCOTObject@Lib3D@@MAEPAXI@Z 00498080 f i Face.obj
 0002:0001e0f0       ??1COTObject@Lib3D@@MAE@XZ 004980f0 f i Face.obj
 0002:0001e140       ??_GTFace@Lib3D@@UAEPAXI@Z 00498140 f i Face.obj
 0002:0001e1b0       ??1TFace@Lib3D@@UAE@XZ     004981b0 f i Face.obj
 0002:0001e200       ??0TFace@Lib3D@@QAE@PBVTTexture@1@AAVTVertex@1@HH1HH1HHD@Z 00498200 f   Face.obj
 0002:0001e2d0       ?AddToOGLRenderingPipeline@TFace@Lib3D@@UAEXAAHAAPAUtagOTGroupInfo@2@AAPAM2HAAPAGAAPAE@Z 004982d0 f   Face.obj
 0002:0001e9e0       ?VectorA@TFace@Lib3D@@QBEABVVector4s@@W4eVextexVxIndex@2@@Z 004989e0 f i Face.obj
 0002:0001ea30       ?VectorB@TFace@Lib3D@@QBEABVVector4s@@W4eVextexVxIndex@2@@Z 00498a30 f i Face.obj
 0002:0001ea80       ?VectorC@TFace@Lib3D@@QBEABVVector4s@@W4eVextexVxIndex@2@@Z 00498a80 f i Face.obj
 0002:0001ead0       ?GetGLTextureName@TFace@Lib3D@@UAEIXZ 00498ad0 f   Face.obj
 0002:0001eb40       ?Draw@TFace@Lib3D@@UAEXAAVCLib3D@2@@Z 00498b40 f   Face.obj
 0002:0001eb80       ?CullingTest@TFace@Lib3D@@QBE_NXZ 00498b80 f   Face.obj
 0002:0001ecb0       ?Dot@Vector4s@@SAHABV1@0@Z 00498cb0 f i Face.obj
 0002:0001ed20       ?Cross@Vector4s@@SA?AV1@ABV1@0@Z 00498d20 f i Face.obj
 0002:0001ede0       ??0Vector4s@@QAE@HHH@Z     00498de0 f i Face.obj
 0002:0001ee40       ??G@YA?AVVector4s@@ABV0@0@Z 00498e40 f i Face.obj
 0002:0001eec0       ?VertexA@TFace@Lib3D@@QBEPBVTVertex@2@XZ 00498ec0 f i Face.obj
 0002:0001ef00       ?VertexB@TFace@Lib3D@@QBEPBVTVertex@2@XZ 00498f00 f i Face.obj
 0002:0001ef40       ?VertexC@TFace@Lib3D@@QBEPBVTVertex@2@XZ 00498f40 f i Face.obj
 0002:0001ef80       ?GetZForOrderingTable@TFace@Lib3D@@UBEHXZ 00498f80 f   Face.obj
 0002:0001f040       ?GetZForOrderingTable@TBillboard@Lib3D@@UBEHXZ 00499040 f   Face.obj
 0002:0001f0a0       ?AddToOGLRenderingPipeline@TBillboard@Lib3D@@UAEXAAHAAPAUtagOTGroupInfo@2@AAPAM2HAAPAGAAPAE@Z 004990a0 f   Face.obj
 0002:0001f870       ?GetFlags@TTexture@Lib3D@@QAEHXZ 00499870 f i Face.obj
 0002:0001f8b0       ?Draw@TBillboard@Lib3D@@UAEXAAVCLib3D@2@@Z 004998b0 f   Face.obj
 0002:0001f980       ?GetFoV@CLib3D@Lib3D@@QBEHXZ 00499980 f i Face.obj
 0002:0001f9e0       ?GetFoV@CRender@Lib3D@@QBEHXZ 004999e0 f i Face.obj
 0002:0001fa20       ?FSqrt@Lib3D@@YAHH@Z       00499a20 f   FSqrt.obj
 0002:0001fb60       ?FSqrtI@Lib3D@@YAHH@Z      00499b60 f   FSqrt.obj
 0002:0001fd40       ?FSqrt4@Lib3D@@YAHH@Z      00499d40 f   FSqrt.obj
 0002:0001fdf0       ?FSqrt8@Lib3D@@YAHH@Z      00499df0 f   FSqrt.obj
 0002:0001fea0       ?Atan2i@@YAHHH@Z           00499ea0 f   IMath.obj
 0002:000200b0       ?GetYOrient@Lib3D@@YAHABVVector4s@@0@Z 0049a0b0 f   IMath.obj
 0002:00020120       ?GetXOrient@Lib3D@@YAHABVVector4s@@0@Z 0049a120 f   IMath.obj
 0002:000201f0       ?AngleDiff@Lib3D@@YAHHH@Z  0049a1f0 f   IMath.obj
 0002:00020250       ?Log2@Lib3D@@YAHH@Z        0049a250 f   IMath.obj
 0002:000202b0       ?GetFovFromXAngle@Lib3D@@YAHH@Z 0049a2b0 f   IMath.obj
 0002:00020380       ?Sinus@Lib3D@@YAFH@Z       0049a380 f i IMath.obj
 0002:000203d0       ?Cosinus@Lib3D@@YAFH@Z     0049a3d0 f i IMath.obj
 0002:00020420       ?GetFovFromYAngle@Lib3D@@YAHH@Z 0049a420 f   IMath.obj
 0002:000204f0       ?GetXAngleFromFov@Lib3D@@YAHH@Z 0049a4f0 f   IMath.obj
 0002:00020560       ?GetYAngleFromFov@Lib3D@@YAHH@Z 0049a560 f   IMath.obj
 0002:000205d0       ?PositiveQuadraticRoot12@Lib3D@@YAHHHH@Z 0049a5d0 f   IMath.obj
 0002:000207b0       ?Max@Lib3D@@YAHHH@Z        0049a7b0 f i IMath.obj
 0002:00020810       ?Quotient12@Lib3D@@YAHHH@Z 0049a810 f i IMath.obj
 0002:00020890       ?Product12@Lib3D@@YAHHH@Z  0049a890 f i IMath.obj
 0002:00020930       ?_Check_Int_Limit@@YAXN@Z  0049a930 f   IMath.obj
 0002:000209d0       ?_Check_Short_Limit@@YAXN@Z 0049a9d0 f   IMath.obj
 0002:00020a70       ?_Check_Precision@@YAXNHN@Z 0049aa70 f   IMath.obj
 0002:00020b40       ?CreateFace@@YAXAAVFile@@AAVTFace@Lib3D@@PAVTVertex@3@PBVTTexture@3@@Z 0049ab40 f   Keyframed.obj
 0002:00020c80       ?ReadInt@File@@QAEJXZ      0049ac80 f i Keyframed.obj
 0002:00020d10       ?ShiftUV@@YAXAAVTFace@Lib3D@@H@Z 0049ad10 f   Keyframed.obj
 0002:00020dc0       ??_ETFace@Lib3D@@UAEPAXI@Z 0049adc0 f i Keyframed.obj
 0002:00020e80       ??0TKeyFramed@@QAE@H@Z     0049ae80 f   Keyframed.obj
 0002:00020ee0       ??1TKeyFramed@@QAE@XZ      0049aee0 f   Keyframed.obj
 0002:00020fc0       ?Load@TKeyFramed@@AAEXPBD00H@Z 0049afc0 f   Keyframed.obj
 0002:000210e0       ??0SubMesh@TKeyFramed@@QAE@PBD00H@Z 0049b0e0 f i Keyframed.obj
 0002:000217a0       ??0File@@QAE@PBD@Z         0049b7a0 f i Keyframed.obj
 0002:00021810       ??1File@@QAE@XZ            0049b810 f i Keyframed.obj
 0002:00021870       ?Close@File@@QAEXXZ        0049b870 f i Keyframed.obj
 0002:000218e0       ??0TFace@Lib3D@@QAE@XZ     0049b8e0 f i Keyframed.obj
 0002:00021970       ?SetUV@SubMesh@TKeyFramed@@QAEXPBVTTexture@Lib3D@@@Z 0049b970 f i Keyframed.obj
 0002:00021aa0       ?Draw@SubMesh@TKeyFramed@@UAEXAAVCLib3D@Lib3D@@H@Z 0049baa0 f i Keyframed.obj
 0002:00021bf0       ?PushMatrix@CLib3D@Lib3D@@QAEAAVCMatrix44@2@XZ 0049bbf0 f i Keyframed.obj
 0002:00021c50       ?MatrixStack@CRender@Lib3D@@QAEAAVCMatrixStack@2@XZ 0049bc50 f i Keyframed.obj
 0002:00021c90       ?PopMatrix@CLib3D@Lib3D@@QAEXXZ 0049bc90 f i Keyframed.obj
 0002:00021cf0       ?DrawMeshOTFace@CLib3D@Lib3D@@QAEXAAVCMesh@2@H@Z 0049bcf0 f i Keyframed.obj
 0002:00021d60       ?SetPosition@SubMesh@TKeyFramed@@UAEXAAVCMatrix44@Lib3D@@@Z 0049bd60 f i Keyframed.obj
 0002:00021df0       ?Translate@CMatrix44@Lib3D@@QAEXABVVector4s@@@Z 0049bdf0 f i Keyframed.obj
 0002:00021e60       ?SetRotation@SubMesh@TKeyFramed@@UAEXAAVCMatrix44@Lib3D@@@Z 0049be60 f i Keyframed.obj
 0002:00021f10       ??_GSubMesh@TKeyFramed@@UAEPAXI@Z 0049bf10 f i Keyframed.obj
 0002:00021f10       ??_ESubMesh@TKeyFramed@@UAEPAXI@Z 0049bf10 f i Keyframed.obj
 0002:00021f80       ??1SubMesh@TKeyFramed@@UAE@XZ 0049bf80 f i Keyframed.obj
 0002:000220a0       ??0TVertex@Lib3D@@QAE@XZ   0049c0a0 f i Keyframed.obj
 0002:00022110       ??_GTTexture@Lib3D@@QAEPAXI@Z 0049c110 f i Keyframed.obj
 0002:00022180       ?Draw@TKeyFramed@@QAEXAAVCLib3D@Lib3D@@H@Z 0049c180 f   Keyframed.obj
 0002:00022230       ??0?$vector@VVector4s@@V?$allocator@VVector4s@@@std@@@std@@QAE@XZ 0049c230 f i Keyframed.obj
 0002:000222f0       ??1?$vector@VVector4s@@V?$allocator@VVector4s@@@std@@@std@@QAE@XZ 0049c2f0 f i Keyframed.obj
 0002:00022390       ?resize@?$vector@VVector4s@@V?$allocator@VVector4s@@@std@@@std@@QAEXI@Z 0049c390 f i Keyframed.obj
 0002:00022400       ?size@?$vector@VVector4s@@V?$allocator@VVector4s@@@std@@@std@@QBEIXZ 0049c400 f i Keyframed.obj
 0002:00022450       ??A?$vector@VVector4s@@V?$allocator@VVector4s@@@std@@@std@@QAEAAVVector4s@@I@Z 0049c450 f i Keyframed.obj
 0002:00022590       ??1?$_Vector_val@VVector4s@@V?$allocator@VVector4s@@@std@@@std@@QAE@XZ 0049c590 f i Keyframed.obj
 0002:000225e0       ?resize@?$vector@VVector4s@@V?$allocator@VVector4s@@@std@@@std@@QAEXIVVector4s@@@Z 0049c5e0 f i Keyframed.obj
 0002:00022880       ?_Buy@?$vector@VVector4s@@V?$allocator@VVector4s@@@std@@@std@@IAE_NI@Z 0049c880 f i Keyframed.obj
 0002:00022960       ?_Tidy@?$vector@VVector4s@@V?$allocator@VVector4s@@@std@@@std@@IAEXXZ 0049c960 f i Keyframed.obj
 0002:00022a30       ??0?$_Vector_val@VVector4s@@V?$allocator@VVector4s@@@std@@@std@@IAE@V?$allocator@VVector4s@@@1@@Z 0049ca30 f i Keyframed.obj
 0002:00022ab0       ??1?$_Container_base_aux_alloc_empty@V?$allocator@VVector4s@@@std@@@std@@IAE@XZ 0049cab0 f i Keyframed.obj
 0002:00022b00       ??0?$allocator@VVector4s@@@std@@QAE@XZ 0049cb00 f i Keyframed.obj
 0002:00022b40       ??1?$_Vector_iterator@VVector4s@@V?$allocator@VVector4s@@@std@@@std@@QAE@XZ 0049cb40 f i Keyframed.obj
 0002:00022b90       ??0?$_Vector_const_iterator@VVector4s@@V?$allocator@VVector4s@@@std@@@std@@QAE@ABV01@@Z 0049cb90 f i Keyframed.obj
 0002:00022c00       ??1?$_Vector_const_iterator@VVector4s@@V?$allocator@VVector4s@@@std@@@std@@QAE@XZ 0049cc00 f i Keyframed.obj
 0002:00022c50       ??0?$_Ranit@VVector4s@@HPBV1@ABV1@@std@@QAE@ABU01@@Z 0049cc50 f i Keyframed.obj
 0002:00022cb0       ??1?$_Ranit@VVector4s@@HPBV1@ABV1@@std@@QAE@XZ 0049ccb0 f i Keyframed.obj
 0002:00022d00       ??0?$_Iterator_with_base@Urandom_access_iterator_tag@std@@VVector4s@@HPBV3@ABV3@V_Iterator_base@2@@std@@QAE@ABU01@@Z 0049cd00 f i Keyframed.obj
 0002:00022d60       ??0_Iterator_base@std@@QAE@ABV01@@Z 0049cd60 f i Keyframed.obj
 0002:00022de0       ??4_Iterator_base@std@@QAEAAV01@ABV01@@Z 0049cde0 f i Keyframed.obj
 0002:00022ef0       ??1?$_Iterator_with_base@Urandom_access_iterator_tag@std@@VVector4s@@HPBV3@ABV3@V_Iterator_base@2@@std@@QAE@XZ 0049cef0 f i Keyframed.obj
 0002:00022f40       ?begin@?$vector@VVector4s@@V?$allocator@VVector4s@@@std@@@std@@QAE?AV?$_Vector_iterator@VVector4s@@V?$allocator@VVector4s@@@std@@@2@XZ 0049cf40 f i Keyframed.obj
 0002:00022fd0       ?end@?$vector@VVector4s@@V?$allocator@VVector4s@@@std@@@std@@QAE?AV?$_Vector_iterator@VVector4s@@V?$allocator@VVector4s@@@std@@@2@XZ 0049cfd0 f i Keyframed.obj
 0002:00023060       ?max_size@?$vector@VVector4s@@V?$allocator@VVector4s@@@std@@@std@@QBEIXZ 0049d060 f i Keyframed.obj
 0002:000230c0       ?erase@?$vector@VVector4s@@V?$allocator@VVector4s@@@std@@@std@@QAE?AV?$_Vector_iterator@VVector4s@@V?$allocator@VVector4s@@@std@@@2@V?$_Vector_const_iterator@VVector4s@@V?$allocator@VVector4s@@@std@@@2@0@Z 0049d0c0 f i Keyframed.obj
 0002:00023350       ?_Destroy@?$vector@VVector4s@@V?$allocator@VVector4s@@@std@@@std@@IAEXPAVVector4s@@0@Z 0049d350 f i Keyframed.obj
 0002:000233c0       ?_Insert_n@?$vector@VVector4s@@V?$allocator@VVector4s@@@std@@@std@@IAEXV?$_Vector_const_iterator@VVector4s@@V?$allocator@VVector4s@@@std@@@2@IABVVector4s@@@Z 0049d3c0 f i Keyframed.obj
 0002:00023990       ??0Vector4s@@QAE@ABV0@@Z   0049d990 f i Keyframed.obj
 0002:00023a00       ?_Xlen@?$vector@VVector4s@@V?$allocator@VVector4s@@@std@@@std@@KAXXZ 0049da00 f i Keyframed.obj
 0002:00023ae0       ??0length_error@std@@QAE@ABV?$basic_string@DU?$char_traits@D@std@@V?$allocator@D@2@@1@@Z 0049dae0 f i Keyframed.obj
 0002:00023b50       ??0logic_error@std@@QAE@ABV?$basic_string@DU?$char_traits@D@std@@V?$allocator@D@2@@1@@Z 0049db50 f i Keyframed.obj
 0002:00023c10       ?what@logic_error@std@@UBEPBDXZ 0049dc10 f i Keyframed.obj
 0002:00023c70       ??_Glogic_error@std@@UAEPAXI@Z 0049dc70 f i Keyframed.obj
 0002:00023c70       ??_Elogic_error@std@@UAEPAXI@Z 0049dc70 f i Keyframed.obj
 0002:00023ce0       ??1logic_error@std@@UAE@XZ 0049dce0 f i Keyframed.obj
 0002:00023d50       ??1length_error@std@@UAE@XZ 0049dd50 f i Keyframed.obj
 0002:00023db0       ??_Glength_error@std@@UAEPAXI@Z 0049ddb0 f i Keyframed.obj
 0002:00023db0       ??_Elength_error@std@@UAEPAXI@Z 0049ddb0 f i Keyframed.obj
 0002:00023e20       ??0logic_error@std@@QAE@ABV01@@Z 0049de20 f i Keyframed.obj
 0002:00023ef0       ??0?$basic_string@DU?$char_traits@D@std@@V?$allocator@D@2@@std@@QAE@PBD@Z 0049def0 f i Keyframed.obj
 0002:00023fc0       ??0?$_Container_base_aux_alloc_empty@V?$allocator@VVector4s@@@std@@@std@@IAE@V?$allocator@VVector4s@@@1@@Z 0049dfc0 f i Keyframed.obj
 0002:00024020       ??0?$allocator@VVector4s@@@std@@QAE@ABV01@@Z 0049e020 f i Keyframed.obj
 0002:00024060       ?deallocate@?$allocator@VVector4s@@@std@@QAEXPAVVector4s@@I@Z 0049e060 f i Keyframed.obj
 0002:000240c0       ?allocate@?$allocator@VVector4s@@@std@@QAEPAVVector4s@@I@Z 0049e0c0 f i Keyframed.obj
 0002:00024120       ??H?$_Vector_iterator@VVector4s@@V?$allocator@VVector4s@@@std@@@std@@QBE?AV01@H@Z 0049e120 f i Keyframed.obj
 0002:00024240       ??0length_error@std@@QAE@ABV01@@Z 0049e240 f i Keyframed.obj
 0002:000242b0       ??0?$_Vector_iterator@VVector4s@@V?$allocator@VVector4s@@@std@@@std@@QAE@ABV01@@Z 0049e2b0 f i Keyframed.obj
 0002:00024310       ?capacity@?$vector@VVector4s@@V?$allocator@VVector4s@@@std@@@std@@QBEIXZ 0049e310 f i Keyframed.obj
 0002:00024390       ?_Make_iter@?$vector@VVector4s@@V?$allocator@VVector4s@@@std@@@std@@QBE?AV?$_Vector_iterator@VVector4s@@V?$allocator@VVector4s@@@std@@@2@V?$_Vector_const_iterator@VVector4s@@V?$allocator@VVector4s@@@std@@@2@@Z 0049e390 f i Keyframed.obj
 0002:00024460       ?_Ufill@?$vector@VVector4s@@V?$allocator@VVector4s@@@std@@@std@@IAEPAVVector4s@@PAV3@IABV3@@Z 0049e460 f i Keyframed.obj
 0002:000244e0       ?_Orphan_range@?$vector@VVector4s@@V?$allocator@VVector4s@@@std@@@std@@IBEXPAVVector4s@@0@Z 0049e4e0 f i Keyframed.obj
 0002:000245e0       ?max_size@?$allocator@VVector4s@@@std@@QBEIXZ 0049e5e0 f i Keyframed.obj
 0002:00024650       ??0?$_Vector_iterator@VVector4s@@V?$allocator@VVector4s@@@std@@@std@@QAE@PAVVector4s@@PBV_Container_base_secure@1@@Z 0049e650 f i Keyframed.obj
 0002:000246b0       ??Y?$_Vector_iterator@VVector4s@@V?$allocator@VVector4s@@@std@@@std@@QAEAAV01@H@Z 0049e6b0 f i Keyframed.obj
 0002:00024710       ??9?$_Vector_const_iterator@VVector4s@@V?$allocator@VVector4s@@@std@@@std@@QBE_NABV01@@Z 0049e710 f i Keyframed.obj
 0002:00024780       ??M?$_Vector_const_iterator@VVector4s@@V?$allocator@VVector4s@@@std@@@std@@QBE_NABV01@@Z 0049e780 f i Keyframed.obj
 0002:000247f0       ??0?$_Vector_const_iterator@VVector4s@@V?$allocator@VVector4s@@@std@@@std@@QAE@PAVVector4s@@PBV_Container_base_secure@1@@Z 0049e7f0 f i Keyframed.obj
 0002:00024920       ??Y?$_Vector_const_iterator@VVector4s@@V?$allocator@VVector4s@@@std@@@std@@QAEAAV01@H@Z 0049e920 f i Keyframed.obj
 0002:00024a90       ?_Getmycont@_Iterator_base@std@@QBEPBV_Container_base_secure@2@XZ 0049ea90 f i Keyframed.obj
 0002:00024ad0       ??8?$_Vector_const_iterator@VVector4s@@V?$allocator@VVector4s@@@std@@@std@@QBE_NABV01@@Z 0049ead0 f i Keyframed.obj
 0002:00024b40       ?_Compat@?$_Vector_const_iterator@VVector4s@@V?$allocator@VVector4s@@@std@@@std@@QBEXABV12@@Z 0049eb40 f i Keyframed.obj
 0002:00024c10       ??0?$_Ranit@VVector4s@@HPBV1@ABV1@@std@@QAE@XZ 0049ec10 f i Keyframed.obj
 0002:00024c70       ??0?$_Iterator_with_base@Urandom_access_iterator_tag@std@@VVector4s@@HPBV3@ABV3@V_Iterator_base@2@@std@@QAE@XZ 0049ec70 f i Keyframed.obj
 0002:00024cd0       ??$unchecked_copy@PAVVector4s@@PAV1@@stdext@@YAPAVVector4s@@PAV1@00@Z 0049ecd0 f i Keyframed.obj
 0002:00024da0       ??$_Destroy_range@V?$allocator@VVector4s@@@std@@@std@@YAXPAVVector4s@@0AAV?$allocator@VVector4s@@@0@@Z 0049eda0 f i Keyframed.obj
 0002:00024e20       ??$_Umove@PAVVector4s@@@?$vector@VVector4s@@V?$allocator@VVector4s@@@std@@@std@@IAEPAVVector4s@@PAV2@00@Z 0049ee20 f i Keyframed.obj
 0002:00024e90       ??$fill@PAVVector4s@@V1@@std@@YAXPAVVector4s@@0ABV1@@Z 0049ee90 f i Keyframed.obj
 0002:00024f00       ??$_Unchecked_move_backward@PAVVector4s@@PAV1@@stdext@@YAPAVVector4s@@PAV1@00@Z 0049ef00 f i Keyframed.obj
 0002:00024fd0       ??$_Allocate@VVector4s@@@std@@YAPAVVector4s@@IPAV1@@Z 0049efd0 f i Keyframed.obj
 0002:00025070       ??$unchecked_uninitialized_fill_n@PAVVector4s@@IV1@V?$allocator@VVector4s@@@std@@@stdext@@YAXPAVVector4s@@IABV1@AAV?$allocator@VVector4s@@@std@@@Z 0049f070 f i Keyframed.obj
 0002:00025110       ??$_Checked_base@PAVVector4s@@@std@@YAPAVVector4s@@AAPAV1@@Z 0049f110 f i Keyframed.obj
 0002:000251a0       ??$_Iter_random@PAVVector4s@@PAV1@@std@@YA?AUrandom_access_iterator_tag@0@ABQAVVector4s@@0@Z 0049f1a0 f i Keyframed.obj
 0002:00025210       ??$_Ptr_cat@PAVVector4s@@PAV1@@std@@YA?AU_Nonscalar_ptr_iterator_tag@0@AAPAVVector4s@@0@Z 0049f210 f i Keyframed.obj
 0002:00025280       ??$_Copy_opt@PAVVector4s@@PAV1@@std@@YAPAVVector4s@@PAV1@00Urandom_access_iterator_tag@0@U_Nonscalar_ptr_iterator_tag@0@U_Range_checked_iterator_tag@0@@Z 0049f280 f i Keyframed.obj
 0002:00025340       ??$_Destroy_range@V?$allocator@VVector4s@@@std@@@std@@YAXPAVVector4s@@0AAV?$allocator@VVector4s@@@0@U_Nonscalar_ptr_iterator_tag@0@@Z 0049f340 f i Keyframed.obj
 0002:000253b0       ??$_Unchecked_uninitialized_move@PAVVector4s@@PAV1@V?$allocator@VVector4s@@@std@@@stdext@@YAPAVVector4s@@PAV1@00AAV?$allocator@VVector4s@@@std@@@Z 0049f3b0 f i Keyframed.obj
 0002:00025460       ??$_Fill@PAVVector4s@@V1@@std@@YAXPAVVector4s@@0ABV1@@Z 0049f460 f i Keyframed.obj
 0002:00025500       ??$_Move_cat@PAVVector4s@@@std@@YA?AU_Undefined_move_tag@0@ABQAVVector4s@@@Z 0049f500 f i Keyframed.obj
 0002:00025570       ??$_Move_backward_opt@PAVVector4s@@PAV1@Urandom_access_iterator_tag@std@@U_Undefined_move_tag@3@@std@@YAPAVVector4s@@PAV1@00Urandom_access_iterator_tag@0@U_Undefined_move_tag@0@U_Range_checked_iterator_tag@0@@Z 0049f570 f i Keyframed.obj
 0002:00025610       ??$_Uninit_fill_n@PAVVector4s@@IV1@V?$allocator@VVector4s@@@std@@@std@@YAXPAVVector4s@@IABV1@AAV?$allocator@VVector4s@@@0@U_Nonscalar_ptr_iterator_tag@0@U_Range_checked_iterator_tag@0@@Z 0049f610 f i Keyframed.obj
 0002:00025720       ?construct@?$allocator@VVector4s@@@std@@QAEXPAVVector4s@@ABV3@@Z 0049f720 f i Keyframed.obj
 0002:00025780       ?destroy@?$allocator@VVector4s@@@std@@QAEXPAVVector4s@@@Z 0049f780 f i Keyframed.obj
 0002:000257e0       ??$_Checked_base@PAVVector4s@@@std@@YAPAVVector4s@@AAPAV1@U_Unchanged_checked_iterator_base_type_tag@0@@Z 0049f7e0 f i Keyframed.obj
 0002:00025820       ??$_Copy_opt@PAVVector4s@@PAV1@Uforward_iterator_tag@std@@@std@@YAPAVVector4s@@PAV1@00Uforward_iterator_tag@0@U_Nonscalar_ptr_iterator_tag@0@U_Range_checked_iterator_tag@0@@Z 0049f820 f i Keyframed.obj
 0002:000258d0       ??$_Uninit_move@PAVVector4s@@PAV1@V?$allocator@VVector4s@@@std@@U_Undefined_move_tag@3@@std@@YAPAVVector4s@@PAV1@00AAV?$allocator@VVector4s@@@0@U_Undefined_move_tag@0@U_Range_checked_iterator_tag@0@@Z 0049f8d0 f i Keyframed.obj
 0002:00025930       ??$_Debug_range@PAVVector4s@@@std@@YAXPAVVector4s@@0PB_WI@Z 0049f930 f i Keyframed.obj
 0002:000259b0       ??$_Copy_backward_opt@PAVVector4s@@PAV1@@std@@YAPAVVector4s@@PAV1@00Urandom_access_iterator_tag@0@U_Nonscalar_ptr_iterator_tag@0@U_Range_checked_iterator_tag@0@@Z 0049f9b0 f i Keyframed.obj
 0002:00025a70       ??$_Construct@VVector4s@@V1@@std@@YAXPAVVector4s@@ABV1@@Z 0049fa70 f i Keyframed.obj
 0002:00025b60       ??2@YAPAXIPAX@Z            0049fb60 f i Keyframed.obj
 0002:00025ba0       ??3@YAXPAX0@Z              0049fba0 f i Keyframed.obj
 0002:00025bd0       ??$_Destroy@VVector4s@@@std@@YAXPAVVector4s@@@Z 0049fbd0 f i Keyframed.obj
 0002:00025c00       ??$unchecked_uninitialized_copy@PAVVector4s@@PAV1@V?$allocator@VVector4s@@@std@@@stdext@@YAPAVVector4s@@PAV1@00AAV?$allocator@VVector4s@@@std@@@Z 0049fc00 f i Keyframed.obj
 0002:00025cb0       ??$_Iter_cat@PAVVector4s@@@std@@YA?AUrandom_access_iterator_tag@0@ABQAVVector4s@@@Z 0049fcb0 f i Keyframed.obj
 0002:00025d20       ??$_Debug_range2@PAVVector4s@@@std@@YAXPAVVector4s@@0PB_WIUrandom_access_iterator_tag@0@@Z 0049fd20 f i Keyframed.obj
 0002:00025dc0       ??$_Copy_backward_opt@PAVVector4s@@PAV1@Uforward_iterator_tag@std@@@std@@YAPAVVector4s@@PAV1@00Uforward_iterator_tag@0@U_Nonscalar_ptr_iterator_tag@0@U_Range_checked_iterator_tag@0@@Z 0049fdc0 f i Keyframed.obj
 0002:00025e70       ??$_Uninit_copy@PAVVector4s@@PAV1@V?$allocator@VVector4s@@@std@@@std@@YAPAVVector4s@@PAV1@00AAV?$allocator@VVector4s@@@0@U_Nonscalar_ptr_iterator_tag@0@U_Range_checked_iterator_tag@0@@Z 0049fe70 f i Keyframed.obj
 0002:00025fc0       ??$_Debug_pointer@VVector4s@@@std@@YAXPAVVector4s@@PB_WI@Z 0049ffc0 f i Keyframed.obj
 0002:00026020       ??0CLib3D@Lib3D@@QAE@XZ    004a0020 f   Lib3d.obj
 0002:000264a0       ??1CLib3D@Lib3D@@QAE@XZ    004a04a0 f   Lib3d.obj
 0002:000266d0       ??_GCBoard3D@Lib3D@@QAEPAXI@Z 004a06d0 f i Lib3d.obj
 0002:00026740       ??_GCRender@Lib3D@@QAEPAXI@Z 004a0740 f i Lib3d.obj
 0002:000267b0       ?Init@CLib3D@Lib3D@@QAEXXZ 004a07b0 f   Lib3d.obj
 0002:00026870       ?Draw@CLib3D@Lib3D@@QAEXPAURoadStruct@@HHHPAVTTexture@2@PAUsAtlasTextureTile@42@_N@Z 004a0870 f   Lib3d.obj
 0002:000268f0       ?Draw@CLib3D@Lib3D@@QAEXAAVCSkyBox@2@AAVSunFX@@_N@Z 004a08f0 f   Lib3d.obj
 0002:00026a50       ?GetRotation@CCameraAsphalt@Lib3D@@QBEABVVector4s@@XZ 004a0a50 f i Lib3d.obj
 0002:00026a90       ?Draw@CLib3D@Lib3D@@QAEXABVVector4s@@0H@Z 004a0a90 f   Lib3d.obj
 0002:00026b20       ?SetWireFrame@CBoard3D@Lib3D@@QAEXH@Z 004a0b20 f i Lib3d.obj
 0002:00026b70       ?ClearWireFrame@CBoard3D@Lib3D@@QAEXXZ 004a0b70 f i Lib3d.obj
 0002:00026bc0       ?SetFov@CLib3D@Lib3D@@QAEXH@Z 004a0bc0 f   Lib3d.obj
 0002:00026c20       ?GetVisionAngle@CLib3D@Lib3D@@QBEXAAH0@Z 004a0c20 f   Lib3d.obj
 0002:00026cf0       ?GetCameraPosition@CLib3D@Lib3D@@QBEABVVector4s@@XZ 004a0cf0 f   Lib3d.obj
 0002:00026d50       ?GetPosition@CCameraAsphalt@Lib3D@@QBEABVVector4s@@XZ 004a0d50 f i Lib3d.obj
 0002:00026d90       ?GetCameraRotation@CLib3D@Lib3D@@QBEABVVector4s@@XZ 004a0d90 f   Lib3d.obj
 0002:00026df0       ?GetCameraMatrix@CLib3D@Lib3D@@QAEPBVCMatrix44@2@XZ 004a0df0 f   Lib3d.obj
 0002:00026e50       ?GetMatrix@CCameraAsphalt@Lib3D@@QBEABVCMatrix44@2@XZ 004a0e50 f i Lib3d.obj
 0002:00026e90       ?BeginRendering@CLib3D@Lib3D@@QAEXABVVector4s@@0ABVCMatrix44@2@@Z 004a0e90 f   Lib3d.obj
 0002:00026fb0       ?SetFrameEven@CBoard3D@Lib3D@@QAEX_N@Z 004a0fb0 f i Lib3d.obj
 0002:00027000       ?EndRendering@CLib3D@Lib3D@@QAEXXZ 004a1000 f   Lib3d.obj
 0002:00027190       ?DrawBillboard@CLib3D@Lib3D@@QAEXABVVector4s@@_NABVTTexture@2@HH@Z 004a1190 f   Lib3d.obj
 0002:00027340       ?TransformVectorz@CMatrix44@Lib3D@@QBEXPBVVector4s@@PAV3@@Z 004a1340 f i Lib3d.obj
 0002:000273a0       ?TransformVectorz@CMatrix44@Lib3D@@QBEHPBVVector4s@@@Z 004a13a0 f i Lib3d.obj
 0002:00027470       ?INDEX@CMatrix44@Lib3D@@CAHHH@Z 004a1470 f i Lib3d.obj
 0002:000274b0       ?TransformVectorxy@CMatrix44@Lib3D@@QBEXPBVVector4s@@PAV3@@Z 004a14b0 f i Lib3d.obj
 0002:00027530       ?TransformVectorx@CMatrix44@Lib3D@@QBEHPBVVector4s@@@Z 004a1530 f i Lib3d.obj
 0002:00027600       ?TransformVectory@CMatrix44@Lib3D@@QBEHPBVVector4s@@@Z 004a1600 f i Lib3d.obj
 0002:000276d0       ?CurrentMatrix@CLib3D@Lib3D@@QBEABVCMatrix44@2@XZ 004a16d0 f i Lib3d.obj
 0002:00027730       ?CurrentMatrix@CMatrixStack@Lib3D@@QBEABVCMatrix44@2@XZ 004a1730 f i Lib3d.obj
 0002:00027770       ?DrawLine@CLib3D@Lib3D@@QAEXABVVector4s@@0HH_N@Z 004a1770 f   Lib3d.obj
 0002:00027800       ?DefProjection@CLib3D@Lib3D@@QBEXPBVVector4s@@PAV3@@Z 004a1800 f   Lib3d.obj
 0002:00027870       ?DefProjection@CBoard3D@Lib3D@@QAEXPBVVector4s@@PAV3@H@Z 004a1870 f i Lib3d.obj
 0002:00027980       ?DefProjectionNear@CBoard3D@Lib3D@@AAEXPBVVector4s@@PAV3@HH@Z 004a1980 f i Lib3d.obj
 0002:00027ac0       ?DefProjectionFar@CBoard3D@Lib3D@@AAEXPBVVector4s@@PAV3@H@Z 004a1ac0 f i Lib3d.obj
 0002:00027bd0       ?AllocateFaces@CLib3D@Lib3D@@QAEPAVTFace@2@H@Z 004a1bd0 f   Lib3d.obj
 0002:00027c70       ?AllocateVertex@CLib3D@Lib3D@@QAEPAVTVertex@2@H@Z 004a1c70 f   Lib3d.obj
 0002:00027d10       ?MemAllocInit@@YAXXZ       004a1d10 f   Malloc.obj
 0002:00027d80       ?Malloc@@YAPAXH@Z          004a1d80 f   Malloc.obj
 0002:00027ee0       ?Realloc@@YAPAXPAXH@Z      004a1ee0 f   Malloc.obj
 0002:000280c0       ?Free@@YAXPAX@Z            004a20c0 f   Malloc.obj
 0002:000281e0       ?TagCurrentAlloc@@YAXXZ    004a21e0 f   Malloc.obj
 0002:00028280       ?CheckAllocTag@@YAXXZ      004a2280 f   Malloc.obj
 0002:00028380       ?GetMatrixFloat@CMatrix44@Lib3D@@QBEXPAM@Z 004a2380 f   Matrix.obj
 0002:000285a0       ?Load@CMatrix44@Lib3D@@QAEXPBV12@@Z 004a25a0 f   Matrix.obj
 0002:00028690       ?LoadIdentity@CMatrix44@Lib3D@@QAEXXZ 004a2690 f   Matrix.obj
 0002:00028820       ?Mult@CMatrix44@Lib3D@@QAEXPBV12@@Z 004a2820 f   Matrix.obj
 0002:00028ef0       ?MultFlipX@CMatrix44@Lib3D@@QAEXPBV12@@Z 004a2ef0 f   Matrix.obj
 0002:000295e0       ?GetProduct@CMatrix44@Lib3D@@QAEXPBV12@0@Z 004a35e0 f   Matrix.obj
 0002:00029ec0       ?InvRotateVector@CMatrix44@Lib3D@@QAEXPBVVector4s@@PAV3@@Z 004a3ec0 f   Matrix.obj
 0002:0002a050       ?DefScale@CMatrix44@Lib3D@@QAEXH@Z 004a4050 f   Matrix.obj
 0002:0002a0f0       ?Scale@CMatrix44@Lib3D@@QAEXH@Z 004a40f0 f   Matrix.obj
 0002:0002a190       ?DefTranslate@CMatrix44@Lib3D@@QAEXJJJ@Z 004a4190 f   Matrix.obj
 0002:0002a230       ?Translate@CMatrix44@Lib3D@@QAEXJJJ@Z 004a4230 f   Matrix.obj
 0002:0002a570       ?DefRotateX@CMatrix44@Lib3D@@QAEXH@Z 004a4570 f   Matrix.obj
 0002:0002a730       ?DefRotateY@CMatrix44@Lib3D@@QAEXH@Z 004a4730 f   Matrix.obj
 0002:0002a8f0       ?DefRotateZ@CMatrix44@Lib3D@@QAEXH@Z 004a48f0 f   Matrix.obj
 0002:0002aab0       ?Component@@YAHHHHHH@Z     004a4ab0 f   Matrix.obj
 0002:0002ab20       ?RotateX@CMatrix44@Lib3D@@QAEXH@Z 004a4b20 f   Matrix.obj
 0002:0002ac10       ?RotateY@CMatrix44@Lib3D@@QAEXH@Z 004a4c10 f   Matrix.obj
 0002:0002ad00       ?RotateZ@CMatrix44@Lib3D@@QAEXH@Z 004a4d00 f   Matrix.obj
 0002:0002adf0       ?ScaleX@CMatrix44@Lib3D@@QAEXH@Z 004a4df0 f   Matrix.obj
 0002:0002aeb0       ?ScaleY@CMatrix44@Lib3D@@QAEXH@Z 004a4eb0 f   Matrix.obj
 0002:0002af70       ?ScaleZ@CMatrix44@Lib3D@@QAEXH@Z 004a4f70 f   Matrix.obj
 0002:0002b030       ?Transpose@CMatrix44@Lib3D@@QAEXXZ 004a5030 f   Matrix.obj
 0002:0002b1a0       ?ProjectToXZ@CMatrix44@Lib3D@@QAEXXZ 004a51a0 f   Matrix.obj
 0002:0002b240       ?ProjectToXZAvoidZeroScale@CMatrix44@Lib3D@@QAEXXZ 004a5240 f   Matrix.obj
 0002:0002b300       ??8CMatrix44@Lib3D@@QBE_NABV01@@Z 004a5300 f   Matrix.obj
 0002:0002b380       ??0CMatrixStack@Lib3D@@QAE@H@Z 004a5380 f   Matrix.obj
 0002:0002b430       ??1CMatrixStack@Lib3D@@QAE@XZ 004a5430 f   Matrix.obj
 0002:0002b4d0       ?PushMatrix@CMatrixStack@Lib3D@@QAEAAVCMatrix44@2@XZ 004a54d0 f   Matrix.obj
 0002:0002b590       ?PopMatrix@CMatrixStack@Lib3D@@QAEXXZ 004a5590 f   Matrix.obj
 0002:0002b630       ?ResetStack@CMatrixStack@Lib3D@@QAEAAVCMatrix44@2@XZ 004a5630 f   Matrix.obj
 0002:0002b6d0       ??0CMesh@Lib3D@@QAE@PBDHPAVTVertex@1@HPAVTFace@1@HHH_N@Z 004a56d0 f   Mesh.obj
 0002:0002b7b0       ??_GCMesh@Lib3D@@UAEPAXI@Z 004a57b0 f i Mesh.obj
 0002:0002b7b0       ??_ECMesh@Lib3D@@UAEPAXI@Z 004a57b0 f i Mesh.obj
 0002:0002b820       ??1CMesh@Lib3D@@UAE@XZ     004a5820 f   Mesh.obj
 0002:0002b980       ?ClearFaces@CMesh@Lib3D@@QAEXXZ 004a5980 f   Mesh.obj
 0002:0002baa0       ?GetLimits@CMesh@Lib3D@@QBEXPAVVector4s@@0@Z 004a5aa0 f   Mesh.obj
 0002:0002bb90       ?Init@Vector4s@@QAEXPBV1@@Z 004a5b90 f i Mesh.obj
 0002:0002bc00       ?NbVertex@CMesh@Lib3D@@QBEHXZ 004a5c00 f i Mesh.obj
 0002:0002bc40       ?AnimationAlloc@CMesh@Lib3D@@QAEXH@Z 004a5c40 f   Mesh.obj
 0002:0002bdc0       ?AnimationLoad@CMesh@Lib3D@@QAEXHPAVVector4s@@@Z 004a5dc0 f   Mesh.obj
 0002:0002be70       ?AnimationPlay@CMesh@Lib3D@@QAEXHHH@Z 004a5e70 f   Mesh.obj
 0002:0002c210       ?AnimationPlay3@CMesh@Lib3D@@QAEXHHHHHH@Z 004a6210 f   Mesh.obj
 0002:0002c450       ??H@YA?AVVector4s@@ABV0@0@Z 004a6450 f i Mesh.obj
 0002:0002c4d0       ??D@YA?AVVector4s@@HABV0@@Z 004a64d0 f i Mesh.obj
 0002:0002c550       ??5@YA?AVVector4s@@ABV0@H@Z 004a6550 f i Mesh.obj
 0002:0002c5d0       ??0CGLMesh@Lib3D@@QAE@HHPAHPAM11PAPAGPAPBVTTexture@1@HHHH@Z 004a65d0 f   Mesh.obj
 0002:0002c860       ??_ECGLMesh@Lib3D@@UAEPAXI@Z 004a6860 f i Mesh.obj
 0002:0002c860       ??_GCGLMesh@Lib3D@@UAEPAXI@Z 004a6860 f i Mesh.obj
 0002:0002c8d0       ??1CGLMesh@Lib3D@@UAE@XZ   004a68d0 f   Mesh.obj
 0002:0002cbf0       ?SetGlobalColor@CGLMesh@Lib3D@@QAEXH@Z 004a6bf0 f   Mesh.obj
 0002:0002cc80       ?ComputeSphereTexCoord@CGLMesh@Lib3D@@QAEXHABVCMatrix44@2@@Z 004a6c80 f   Mesh.obj
 0002:0002d1e0       ?Sub@Vector4s@@QAEXPBV1@@Z 004a71e0 f i Mesh.obj
 0002:0002d260       ?Length2@Vector4s@@QBEHXZ  004a7260 f i Mesh.obj
 0002:0002d2d0       ?TransformVector@CMatrix44@Lib3D@@QBEXPBVVector4s@@PAV3@@Z 004a72d0 f i Mesh.obj
 0002:0002d4c0       ?RotateVector@CMatrix44@Lib3D@@QBEXPBVVector4s@@PAV3@@Z 004a74c0 f i Mesh.obj
 0002:0002d650       ?atan2@@YAMMM@Z            004a7650 f i Mesh.obj
 0002:0002d6b0       _atan2f                    004a76b0 f i Mesh.obj
 0002:0002d720       ?cos@@YAMM@Z               004a7720 f i Mesh.obj
 0002:0002d780       _cosf                      004a7780 f i Mesh.obj
 0002:0002d7f0       ?sin@@YAMM@Z               004a77f0 f i Mesh.obj
 0002:0002d850       _sinf                      004a7850 f i Mesh.obj
 0002:0002d8c0       ?Draw@CGLMesh@Lib3D@@QAEXABVCMatrix44@2@@Z 004a78c0 f   Mesh.obj
 0002:0002dee0       ?DrawEnvMap@CGLMesh@Lib3D@@QAEXABVCMatrix44@2@@Z 004a7ee0 f   Mesh.obj
 0002:0002ec00       ?GetVector@CGLMesh@Lib3D@@QAE?AVVector4s@@H@Z 004a8c00 f   Mesh.obj
 0002:0002ed30       ?DrawAsShadow@CGLMesh@Lib3D@@QAEXEEEEPBVCMatrix44@2@@Z 004a8d30 f   Mesh.obj
 0002:0002f4f0       ?AnimationAlloc@CGLMesh@Lib3D@@QAEXH@Z 004a94f0 f   Mesh.obj
 0002:0002f5c0       ?AnimationLoad@CGLMesh@Lib3D@@QAEXHPAM@Z 004a95c0 f   Mesh.obj
 0002:0002f680       ?AnimationPlay@CGLMesh@Lib3D@@QAEXHHH@Z 004a9680 f   Mesh.obj
 0002:0002f980       ?AnimationPlay3@CGLMesh@Lib3D@@QAEXHHHHHH@Z 004a9980 f   Mesh.obj
 0002:0002fb70       ??0CBasicMesh@Lib3D@@QAE@PBD0H@Z 004a9b70 f   Mesh.obj
 0002:00030120       ??_ECBasicMesh@Lib3D@@UAEPAXI@Z 004aa120 f i Mesh.obj
 0002:00030120       ??_GCBasicMesh@Lib3D@@UAEPAXI@Z 004aa120 f i Mesh.obj
 0002:00030190       ??0CBasicMesh@Lib3D@@QAE@PBDPAPBDHH@Z 004aa190 f   Mesh.obj
 0002:000306e0       ??1CBasicMesh@Lib3D@@UAE@XZ 004aa6e0 f   Mesh.obj
 0002:00030820       ?SetUV@CBasicMesh@Lib3D@@QAEXH@Z 004aa820 f   Mesh.obj
 0002:000308b0       ?Draw@CBasicMesh@Lib3D@@QAEXAAVCLib3D@2@@Z 004aa8b0 f   Mesh.obj
 0002:00030910       ?ShiftUV@CBasicMesh@Lib3D@@AAEXAAVTFace@2@@Z 004aa910 f   Mesh.obj
 0002:00030a20       ?CreateFace@CBasicMesh@Lib3D@@AAEXPAVA_IFile@@AAVTFace@2@PAVTVertex@2@@Z 004aaa20 f   Mesh.obj
 0002:00030ba0       ?ComputeBB@CBasicMesh@Lib3D@@QAEXAAVVector4s@@0@Z 004aaba0 f   Mesh.obj
 0002:00030d30       ?DrawScanLineZCorrected@Lib3D@@YAXAAVCBoard3D@1@HABULineParamZ@1@H@Z 004aad30 f   rasterize.obj
 0002:00031480       ?LineEnd@@YAPAGHPAGPAVCHighGear@@@Z 004ab480 f i rasterize.obj
 0002:000314f0       ?WritePixel@@YAXGPAG@Z     004ab4f0 f i rasterize.obj
 0002:00031550       ?DrawScanLineZCorrectedCar@Lib3D@@YAXAAVCBoard3D@1@HABULineParamZ@1@H@Z 004ab550 f   rasterize.obj
 0002:00031580       ?DrawScanLine@Lib3D@@YAXAAVCBoard3D@1@HABULineParamNoZ@1@H@Z 004ab580 f   rasterize.obj
 0002:00031c70       ?DrawScanLineFlat@Lib3D@@YAXAAVCBoard3D@1@HABULineParamNoZ@1@H@Z 004abc70 f   rasterize.obj
 0002:00031de0       ?DrawScanLineFlatTrans@Lib3D@@YAXAAVCBoard3D@1@HABULineParamNoZ@1@H@Z 004abde0 f   rasterize.obj
 0002:00032030       ?DrawScanLineFlatTransNeon@Lib3D@@YAXAAVCBoard3D@1@HABULineParamNoZ@1@H@Z 004ac030 f   rasterize.obj
 0002:00032310       ?DrawScanLineAdditive@Lib3D@@YAXAAVCBoard3D@1@HABULineParamNoZ@1@H@Z 004ac310 f   rasterize.obj
 0002:00032580       ?DrawScanLineAdditiveAlpha@Lib3D@@YAXAAVCBoard3D@1@HABULineParamNoZ@1@H@Z 004ac580 f   rasterize.obj
 0002:00032840       ?DrawScanLineAlphaMask@Lib3D@@YAXAAVCBoard3D@1@HABULineParamNoZ@1@H@Z 004ac840 f   rasterize.obj
 0002:00032af0       ?DrawScanLineShadow@Lib3D@@YAXAAVCBoard3D@1@HABULineParamNoZUV@1@H@Z 004acaf0 f   rasterize.obj
 0002:00032cd0       ?GetLib3D@CHighGear@@QAEAAVCLib3D@Lib3D@@XZ 004accd0 f i rasterize.obj
 0002:00032d10       ?DrawScanLineSubstractive@Lib3D@@YAXAAVCBoard3D@1@HABULineParamNoZ@1@H@Z 004acd10 f   rasterize.obj
 0002:000330d0       ?GetDestPtr@CLib2D@@QBEPAGXZ 004ad0d0 f i rasterize.obj
 0002:00033110       ?GetLib2D@CHighGear@@QAEAAVCLib2D@@XZ 004ad110 f i rasterize.obj
 0002:00033190       ??$ApproximateColorAdd@II@CLib2D@@SAHII@Z 004ad190 f i rasterize.obj
 0002:00033200       ??$ApproximateColorAdd@IG@CLib2D@@SAHIG@Z 004ad200 f i rasterize.obj
 0002:00033270       ??$ApproximateColorAdd@HH@CLib2D@@SAHHH@Z 004ad270 f i rasterize.obj
 0002:000332e0       ??$ApproximateColorMix50_50@GH@CLib2D@@SAHGH@Z 004ad2e0 f i rasterize.obj
 0002:00033330       ??$ApproximateColorMix2Pixel50_50@K@CLib2D@@SAKKK@Z 004ad330 f i rasterize.obj
 0002:00033380       ??$FastColorAdd@GG@CLib2D@@SAHGG@Z 004ad380 f i rasterize.obj
 0002:00033440       ??$MixBlack16@GH@CLib2D@@SAHGH@Z 004ad440 f i rasterize.obj
 0002:000334c0       ?InitVtxStorageArrays@CRender@Lib3D@@SAXXZ 004ad4c0 f   Render.obj
 0002:00033610       ?RenderOpaqueFenceQuads@CRender@Lib3D@@QAEXXZ 004ad610 f   Render.obj
 0002:00033900       ??0CRender@Lib3D@@QAE@H@Z  004ad900 f   Render.obj
 0002:00033d10       ??_ETBillboard@Lib3D@@UAEPAXI@Z 004add10 f i Render.obj
 0002:00033dd0       ??0TBillboard@Lib3D@@QAE@XZ 004addd0 f i Render.obj
 0002:00033e90       ??1TBillboard@Lib3D@@UAE@XZ 004ade90 f i Render.obj
 0002:00033ee0       ??1CRender@Lib3D@@QAE@XZ   004adee0 f   Render.obj
 0002:000341e0       ?SetFoV@CRender@Lib3D@@QAEXH@Z 004ae1e0 f   Render.obj
 0002:00034530       ?Init@Vector3i@@QAEXHHH@Z  004ae530 f i Render.obj
 0002:00034590       ?sqrt@@YAMM@Z              004ae590 f i Render.obj
 0002:000345f0       _sqrtf                     004ae5f0 f i Render.obj
 0002:00034660       ?FaceSubdivide@CRender@Lib3D@@QAEXPAVTFace@2@ABVCBoard3D@2@@Z 004ae660 f   Render.obj
 0002:00034da0       ?ScrVectorA@TFace@Lib3D@@QAEAAVVector4s@@XZ 004aeda0 f i Render.obj
 0002:00034de0       ?InitSubDivFace@TFace@Lib3D@@QAEXABV12@@Z 004aede0 f i Render.obj
 0002:00034e30       ?SetFlag@TFace@Lib3D@@QAEXE@Z 004aee30 f i Render.obj
 0002:00034e80       ?ClearFlag@TFace@Lib3D@@QAEXE@Z 004aee80 f i Render.obj
 0002:00034ed0       ??0MidPoint@@QAE@XZ        004aeed0 f i Render.obj
 0002:00034f30       ??4VertexUV@@QAEXABVMidPoint@@@Z 004aef30 f i Render.obj
 0002:00034fb0       ??4VertexUV@@QAEXABV0@@Z   004aefb0 f i Render.obj
 0002:00035110       ?FrustrumSubdiv@CRender@Lib3D@@QAEXPBVTFace@2@AAVCBoard3D@2@I_N@Z 004af110 f   Render.obj
 0002:00035830       ?Vmask@TVertex@Lib3D@@QBEHXZ 004af830 f i Render.obj
 0002:00035870       ?ScrVectorB@TFace@Lib3D@@QAEAAVVector4s@@XZ 004af870 f i Render.obj
 0002:000358b0       ?ScrVectorC@TFace@Lib3D@@QAEAAVVector4s@@XZ 004af8b0 f i Render.obj
 0002:000358f0       ?TestAnyFlag@TFace@Lib3D@@QBE_NXZ 004af8f0 f i Render.obj
 0002:00035940       ?ClearAllFlags@TFace@Lib3D@@QAEXXZ 004af940 f i Render.obj
 0002:00035990       ?TransformVertexFakeZ@CRender@Lib3D@@QBEKPAVTVertex@2@0@Z 004af990 f   Render.obj
 0002:00035ae0       ?SetVMask@TVertex@Lib3D@@QAEXH@Z 004afae0 f i Render.obj
 0002:00035b30       ?TransformVertex@CRender@Lib3D@@QBEKPAVTVertex@2@0@Z 004afb30 f   Render.obj
 0002:00035c70       ?TransformVertex_Test@CRender@Lib3D@@QAEKPAVTVertex@2@0@Z 004afc70 f   Render.obj
 0002:00035dd0       ?TransformVertexPointerArray@CRender@Lib3D@@QBEKPAPAVTVertex@2@H@Z 004afdd0 f   Render.obj
 0002:00035f30       ?TransformVertexNoClip@CRender@Lib3D@@QBEXPAVTVertex@2@0@Z 004aff30 f   Render.obj
 0002:00035fd0       ?FrustrumDraw@CRender@Lib3D@@QAEXPAVTFace@2@AAVCBoard3D@2@I@Z 004affd0 f   Render.obj
 0002:000360f0       ?FrustrumDrawCull@CRender@Lib3D@@QAEXPAVTFace@2@AAVCBoard3D@2@I@Z 004b00f0 f   Render.obj
 0002:000362f0       ?VertexA@TFace@Lib3D@@QAEPAVTVertex@2@XZ 004b02f0 f i Render.obj
 0002:00036330       ?VertexB@TFace@Lib3D@@QAEPAVTVertex@2@XZ 004b0330 f i Render.obj
 0002:00036370       ?VertexC@TFace@Lib3D@@QAEPAVTVertex@2@XZ 004b0370 f i Render.obj
 0002:000363b0       ?RenderLine@CRender@Lib3D@@QAEXABVVector4s@@0AAVCBoard3D@2@@Z 004b03b0 f   Render.obj
 0002:00036800       ?TransformVertex@CRender@Lib3D@@QBEKPAVTVertex@2@@Z 004b0800 f i Render.obj
 0002:00036860       ?RenderRoad@CRender@Lib3D@@QAEXPAURoadStruct@@HHHPAVTTexture@2@PAUsAtlasTextureTile@42@_N@Z 004b0860 f   Render.obj
 0002:00038bc0       ?procLoading@CHighGear@@QAEXXZ 004b2bc0 f   HighGear.obj
 0002:000394a0       ?RenderMeshOTFace@CRender@Lib3D@@QAEXPAVTVertex@2@HPAVTFace@2@HAAVCBoard3D@2@H_N@Z 004b34a0 f   Render.obj
 0002:00039820       ?RenderMeshOTFace@CRender@Lib3D@@QAEXPAVCMesh@2@AAVCBoard3D@2@H@Z 004b3820 f   Render.obj
 0002:000398c0       ?NbFaces@CMesh@Lib3D@@QBEHXZ 004b38c0 f i Render.obj
 0002:00039900       ?FirstFace@CMesh@Lib3D@@QAEPAVTFace@2@XZ 004b3900 f i Render.obj
 0002:00039970       ?FirstVertex@CMesh@Lib3D@@QAEPAVTVertex@2@XZ 004b3970 f i Render.obj
 0002:000399e0       ?IsDoubleFaced@CMesh@Lib3D@@QBE_NXZ 004b39e0 f i Render.obj
 0002:00039a20       ?TestSphereInFrustum@CRender@Lib3D@@QBE_NABVVector4s@@H@Z 004b3a20 f   Render.obj
 0002:00039c40       ?FrustrumRejectionTest@CRender@Lib3D@@QBEIABVVector4s@@@Z 004b3c40 f   Render.obj
 0002:00039d10       ?CurrentMatrix@CRender@Lib3D@@QBEABVCMatrix44@2@XZ 004b3d10 f i Render.obj
 0002:00039d70       ?OTTableClear@CRender@Lib3D@@QAEXXZ 004b3d70 f   Render.obj
 0002:00039e40       ?OTTableAdd@CRender@Lib3D@@QAEXPAVCOTObject@2@_N@Z 004b3e40 f   Render.obj
 0002:00039f70       ?OTTableDraw@CRender@Lib3D@@QAEXAAVCLib3D@2@_N@Z 004b3f70 f   Render.obj
 0002:0003ab70       ?OTTableDrawReverse@CRender@Lib3D@@QAEXAAVCLib3D@2@@Z 004b4b70 f   Render.obj
 0002:0003ad10       ??0tagOTGroupInfo@Lib3D@@QAE@XZ 004b4d10 f i Render.obj
 0002:0003ad80       ??0OTTableStats@@QAE@XZ    004b4d80 f i Render.obj
 0002:0003adf0       ??1OTTableStats@@QAE@XZ    004b4df0 f i Render.obj
 0002:0003af80       ?DrawScanline@CSoftLine3D@@CAXAAVCLib3D@Lib3D@@QAGHHHHQBH@Z 004b4f80 f   SoftLine.obj
 0002:0003b170       ?GetImageBuffer@CBoard3D@Lib3D@@QAEPAGXZ 004b5170 f i SoftLine.obj
 0002:0003b1b0       ?Width@CLib3D@Lib3D@@QAEHXZ 004b51b0 f i SoftLine.obj
 0002:0003b200       ?Height@CLib3D@Lib3D@@QAEHXZ 004b5200 f i SoftLine.obj
 0002:0003b250       ?Draw@CSoftLine3D@@UAEXAAVCLib3D@Lib3D@@@Z 004b5250 f   SoftLine.obj
 0002:0003bab0       ?Clamped@Lib3D@@YAHHHH@Z   004b5ab0 f i SoftLine.obj
 0002:0003bb30       ?AddToOGLRenderingPipeline@CSoftLine3D@@UAEXAAHAAPAUtagOTGroupInfo@Lib3D@@AAPAM2HAAPAGAAPAE@Z 004b5b30 f   SoftLine.obj
 0002:0003bb80       ?Draw@CFakeZAALine3D@@UAEXAAVCLib3D@Lib3D@@@Z 004b5b80 f   SoftLine.obj
 0002:0003bc40       ?Draw@CFakeZAALine3DGradient@@UAEXAAVCLib3D@Lib3D@@@Z 004b5c40 f   SoftLine.obj
 0002:0003be00       ?AddToOGLRenderingPipeline@CFakeZAALine3DGradient@@UAEXAAHAAPAUtagOTGroupInfo@Lib3D@@AAPAM2HAAPAGAAPAE@Z 004b5e00 f   SoftLine.obj
 0002:0003be50       ??$FastColorAdd@GH@CLib2D@@SAHGH@Z 004b5e50 f i SoftLine.obj
 0002:0003bf00       ??$Swap@VVector4s@@@Util@@SAXAAVVector4s@@0@Z 004b5f00 f i SoftLine.obj
 0002:0003bfc0       ?GetMaskShift@@YAXHAAH0@Z  004b5fc0 f   texture.obj
 0002:0003c050       ?COLOR_AVERAGE@@YAGGG@Z    004b6050 f   texture.obj
 0002:0003c100       ??0TTexture@Lib3D@@QAE@HH@Z 004b6100 f   texture.obj
 0002:0003c230       ?LoadTexture@TTexture@Lib3D@@AAEXPBD_N011H@Z 004b6230 f   texture.obj
 0002:0003d420       ??$_Insert@V?$_Deque_const_iterator@VARect@@V?$allocator@VARect@@@std@@$00@std@@@?$deque@VARect@@V?$allocator@VARect@@@std@@@std@@QAEXV?$_Deque_const_iterator@VARect@@V?$allocator@VARect@@@std@@$00@1@00Uinput_iterator_tag@1@@Z 004b7420 f i HighGear.obj
 0002:0003d8a0       ?CreateKeyForGLTexName@TTexture@Lib3D@@SAXAAFI@Z 004b78a0 f i texture.obj
 0002:0003d9d0       ?CleanBuffers@TTexture@Lib3D@@QAEXXZ 004b79d0 f   texture.obj
 0002:0003dab0       ??0TTexture@Lib3D@@QAE@PBD_N011H@Z 004b7ab0 f   texture.obj
 0002:0003db80       ??0TTexture@Lib3D@@QAE@PBDH@Z 004b7b80 f   texture.obj
 0002:0003dc40       ??0TTexture@Lib3D@@QAE@AAVA_IFile@@_N@Z 004b7c40 f   texture.obj
 0002:0003e6c0       ??1TTexture@Lib3D@@QAE@XZ  004b86c0 f   texture.obj
 0002:0003e7a0       ?FreeKeyForGLTexName@TTexture@Lib3D@@SAXAAF@Z 004b87a0 f i texture.obj
 0002:0003e840       ??0TTexture@Lib3D@@QAE@XZ  004b8840 f   texture.obj
 0002:0003e8e0       ?Init@TTexture@Lib3D@@AAEXKKW4e_RasterMode@12@@Z 004b88e0 f   texture.obj
 0002:0003ea00       ?FlipHorizontal@TTexture@Lib3D@@QAEXXZ 004b8a00 f   texture.obj
 0002:0003eb40       ?SaveTarga@TTexture@Lib3D@@QBEXPBD@Z 004b8b40 f   texture.obj
 0002:0003ee20       ?findFirstEmptyCell@@YA_NPAPAEHHAAH1@Z 004b8e20 f   texture.obj
 0002:0003f070       ?findMaxHeight@@YAHPAPAE@Z 004b9070 f   texture.obj
 0002:0003f130       ?CreateAtlasTexture@TTexture@Lib3D@@SAXPAV12@0PAUsAtlasTextureTile@12@1HHPAPAV12@H@Z 004b9130 f   texture.obj
 0002:0003fbd0       ?GetGlobalAlpha@TTexture@Lib3D@@QAEHXZ 004b9bd0 f i texture.obj
 0002:0003fc10       ?Length@Vector2s@@QBEJXZ   004b9c10 f   Vector.obj
 0002:0003fc70       ?Length2@Vector2s@@QBEJXZ  004b9c70 f i Vector.obj
 0002:0003fcd0       ?SafeLength@Vector2s@@QBEJXZ 004b9cd0 f   Vector.obj
 0002:0003fdb0       ?Square@Lib3D@@YAHH@Z      004b9db0 f i Vector.obj
 0002:0003fdf0       ?L1Norm@Vector2s@@QBEJXZ   004b9df0 f i Vector.obj
 0002:0003fe70       ?RightSide@Vector2s@@SA_NABV1@0@Z 004b9e70 f   Vector.obj
 0002:0003fee0       ?Normal@Vector2s@@QBE?AV1@XZ 004b9ee0 f i Vector.obj
 0002:0003ff50       ?Dot@Vector2s@@SAHABV1@0@Z 004b9f50 f i Vector.obj
 0002:0003ffa0       ?NullVector@Vector4s@@SAABV1@XZ 004b9fa0 f   Vector.obj
 0002:0003ffe0       ?_CheckLimit@@YAXN@Z       004b9fe0 f   Vector.obj
 0002:00040070       ?Normalize@Vector2s@@QAEXXZ 004ba070 f   Vector.obj
 0002:00040120       ?SafeNormalize@Vector2s@@QAE_NXZ 004ba120 f   Vector.obj
 0002:000401c0       ?QuotientCOS_SIN_SHIFT@Lib3D@@YAHHH@Z 004ba1c0 f i Vector.obj
 0002:00040240       ?Resize@Vector2s@@QAEXH@Z  004ba240 f   Vector.obj
 0002:000402f0       ?SafeResize@Vector2s@@QAE_NH@Z 004ba2f0 f   Vector.obj
 0002:000403a0       ?ProductQuotient@Lib3D@@YAHHHH@Z 004ba3a0 f i Vector.obj
 0002:00040440       ?LinIndex@Vector4s@@QAEHHHH@Z 004ba440 f   Vector.obj
 0002:000404b0       ?Scale@Vector4s@@QAEXH@Z   004ba4b0 f   Vector.obj
 0002:00040530       ?GetMin@Vector4s@@QAEXPBV1@@Z 004ba530 f   Vector.obj
 0002:000405d0       ?GetMax@Vector4s@@QAEXPBV1@@Z 004ba5d0 f   Vector.obj
 0002:00040670       ?CrossShift@Vector4s@@QBEXPBV1@PAV1@@Z 004ba670 f   Vector.obj
 0002:00040730       ?Length@Vector4s@@QBEHXZ   004ba730 f   Vector.obj
 0002:00040790       ?SafeLength@Vector4s@@QBEJXZ 004ba790 f   Vector.obj
 0002:00040890       ?L1Norm@Vector4s@@QBEJXZ   004ba890 f i Vector.obj
 0002:00040930       ?Normalize@Vector4s@@QAEXXZ 004ba930 f   Vector.obj
 0002:00040a10       ?SafeNormalize@Vector4s@@QAE_NXZ 004baa10 f   Vector.obj
 0002:00040ad0       ?Resize@Vector4s@@QAEXH@Z  004baad0 f   Vector.obj
 0002:00040bb0       ?SafeResize@Vector4s@@QAE_NH@Z 004babb0 f   Vector.obj
 0002:00040c80       ?GetReciprocalAxis@Vector4s@@SAPBHH@Z 004bac80 f   Vector.obj
 0002:00040d00       ?GetMainAxis@Vector4s@@QBEHXZ 004bad00 f   Vector.obj
 0002:00040dd0       ?SelfRotateY@Vector4s@@QAEXH@Z 004badd0 f   Vector.obj
 0002:00040eb0       ?GetRotatedY@Vector4s@@QBE?AV1@H@Z 004baeb0 f   Vector.obj
 0002:00040f90       ?GetProjection@Vector4s@@SA?AV1@ABV1@0@Z 004baf90 f   Vector.obj
 0002:00041090       ?GetReflexion@Vector4s@@SA?AV1@ABV1@0@Z 004bb090 f   Vector.obj
 0002:00041160       ?SelfRotate@Vector2s@@QAEXH@Z 004bb160 f   Vector.obj
 0002:00041240       ?GetRotated@Vector2s@@QBE?AV1@H@Z 004bb240 f   Vector.obj
 0002:00041310       ?RayPlaneInter@@YA_NABVVector4s@@000AAV1@@Z 004bb310 f   Vector.obj
 0002:000414d0       ?RaytriangleIntersect@@YA_NABVVector4s@@00000_N@Z 004bb4d0 f   Vector.obj
 0002:00041850       ?GetVector2s@Vector4s@@QBE?AVVector2s@@PBH@Z 004bb850 f i Vector.obj
 0002:000418d0       ??AVector4s@@QBEJH@Z       004bb8d0 f i Vector.obj
 0002:00041950       ??G@YA?AVVector2s@@ABV0@0@Z 004bb950 f i Vector.obj
 0002:000419c0       ?FrontSide@@YA_NABVVector4s@@00@Z 004bb9c0 f i Vector.obj
 0002:00041ac0       ?FindRaytriangleIntersectionPoint@@YAHABVVector4s@@0000AAV1@_N@Z 004bbac0 f   Vector.obj
 0002:00041ef0       ?PointRayDist2@@YAHABVVector4s@@00@Z 004bbef0 f   Vector.obj
 0002:00041fd0       ?Intersect@Vector2s@@SA_NABV1@000@Z 004bbfd0 f   Vector.obj
 0002:00042170       ?ComputeOutCode@@YAHABVVector2s@@00@Z 004bc170 f   aaline.obj
 0002:00042220       ?ClipLine@@YA_NAAVVector2s@@0ABV1@1@Z 004bc220 f   aaline.obj
 0002:00042510       ?ComposeColor@@YAXPAGGH@Z  004bc510 f   aaline.obj
 0002:000426a0       ?DrawAALine@@YA_NAAUImage@@ABVVector2s@@111GW4AALINE_MODE@@@Z 004bc6a0 f   aaline.obj
 0002:00043070       ?data@Image@@QAEPAGXZ      004bd070 f i aaline.obj
 0002:000430b0       ?width@Image@@QBEIXZ       004bd0b0 f i aaline.obj
 0002:000430f0       ?DrawAALineGradient@@YA_NAAUImage@@ABVVector2s@@111PAGHW4AALINE_MODE@@@Z 004bd0f0 f   aaline.obj
 0002:00043c90       ??$FastColorMix75_25@GG@CLib2D@@SAHGG@Z 004bdc90 f i aaline.obj
 0002:00043d40       ??$FastColorMix63_37@GG@CLib2D@@SAHGG@Z 004bdd40 f i aaline.obj
 0002:00043df0       ??$FastColorMix50_50@GG@CLib2D@@SAHGG@Z 004bddf0 f i aaline.obj
 0002:00043e50       ??$FastColorMix88_12@GG@CLib2D@@SAHGG@Z 004bde50 f i aaline.obj
 0002:00043fc0       ??$MixColor16@GGH@CLib2D@@SAHGGH@Z 004bdfc0 f i aaline.obj
 0002:00044070       ??$FastColorAddAlphaHD@GGH@CLib2D@@SAHGGH@Z 004be070 f i aaline.obj
 0002:00044150       ??0CModule@@QAE@HHHHH@Z    004be150 f   AuroraSprite.obj
 0002:00044220       ??_GCModule@@UAEPAXI@Z     004be220 f i AuroraSprite.obj
 0002:00044220       ??_ECModule@@UAEPAXI@Z     004be220 f i AuroraSprite.obj
 0002:00044290       ??1CModule@@UAE@XZ         004be290 f   AuroraSprite.obj
 0002:000442d0       ??0CAuroraPalette@@QAE@F@Z 004be2d0 f   AuroraSprite.obj
 0002:00044380       ??_ECAuroraPalette@@UAEPAXI@Z 004be380 f i AuroraSprite.obj
 0002:00044380       ??_GCAuroraPalette@@UAEPAXI@Z 004be380 f i AuroraSprite.obj
 0002:000443f0       ??1CAuroraPalette@@UAE@XZ  004be3f0 f   AuroraSprite.obj
 0002:00044480       ??0CFrame@@QAE@F@Z         004be480 f   AuroraSprite.obj
 0002:00044530       ??1CFrame@@QAE@XZ          004be530 f   AuroraSprite.obj
 0002:00044630       ??0CAnim@@QAE@F@Z          004be630 f   AuroraSprite.obj
 0002:000446e0       ??1CAnim@@QAE@XZ           004be6e0 f   AuroraSprite.obj
 0002:000447e0       ?initKerning@CSprite@@IAEX_N@Z 004be7e0 f   AuroraSprite.obj
 0002:00044830       ?GetKerningSpacing@CSprite@@IAEHG@Z 004be830 f   AuroraSprite.obj
 0002:00044920       ??0CSprite@@QAE@PBDH@Z     004be920 f   AuroraSprite.obj
 0002:000466c0       ??_ECSprite@@UAEPAXI@Z     004c06c0 f i AuroraSprite.obj
 0002:000466c0       ??_GCSprite@@UAEPAXI@Z     004c06c0 f i AuroraSprite.obj
 0002:00046730       ??1CSprite@@UAE@XZ         004c0730 f   AuroraSprite.obj
 0002:00046c90       ??_GCFrame@@QAEPAXI@Z      004c0c90 f i AuroraSprite.obj
 0002:00046d00       ??_GCAnim@@QAEPAXI@Z       004c0d00 f i AuroraSprite.obj
 0002:00046d70       ?DrawAFrame@CSprite@@QBEXAAVCLib2D@@HHHH@Z 004c0d70 f   AuroraSprite.obj
 0002:00046e20       ?GetNumAFrames@CSprite@@QBEHH@Z 004c0e20 f   AuroraSprite.obj
 0002:00046e70       ?GetAFrameTime@CSprite@@QBEHHH@Z 004c0e70 f   AuroraSprite.obj
 0002:00046ed0       ?DrawFrame@CSprite@@QBEXAAVCLib2D@@HHHHH@Z 004c0ed0 f   AuroraSprite.obj
 0002:00046fc0       ?DrawFrame@CSprite@@QBEXAAVCLib2D@@HHPAVCFrame@@HH@Z 004c0fc0 f   AuroraSprite.obj
 0002:00047090       ?GetFrameWidth@CSprite@@QBEFH@Z 004c1090 f   AuroraSprite.obj
 0002:00047180       ?GetFrameHeight@CSprite@@QBEFH@Z 004c1180 f   AuroraSprite.obj
 0002:00047280       ?GetAFrameRect@CSprite@@QBEXHHAAH000@Z 004c1280 f   AuroraSprite.obj
 0002:00047430       ?DrawModule@CSprite@@QBEXAAVCLib2D@@HHHHHHH@Z 004c1430 f   AuroraSprite.obj
 0002:000474c0       ?DrawModule@CSprite@@QBEXAAVCLib2D@@HHPAVCModule@@HHHH@Z 004c14c0 f   AuroraSprite.obj
 0002:000482e0       ?GetClipX@CLib2D@@QBEFXZ   004c22e0 f i AuroraSprite.obj
 0002:00048320       ?GetClipY@CLib2D@@QBEFXZ   004c2320 f i AuroraSprite.obj
 0002:00048360       ?GetClipWidth@CLib2D@@QBEFXZ 004c2360 f i AuroraSprite.obj
 0002:000483a0       ?GetClipHeight@CLib2D@@QBEFXZ 004c23a0 f i AuroraSprite.obj
 0002:000483e0       ?SetClip@CLib2D@@QAEXFFFF@Z 004c23e0 f i AuroraSprite.obj
 0002:00048450       ?GetDestWidth@CLib2D@@QBEGXZ 004c2450 f i AuroraSprite.obj
 0002:00048490       ?GetDestHeight@CLib2D@@QBEGXZ 004c2490 f i AuroraSprite.obj
 0002:000484d0       ?FormatStringWithLimitedWidth@CSprite@@QAEHPBGPAGH_N2@Z 004c24d0 f   AuroraSprite.obj
 0002:00048870       ?GetStringWidthLimited@CSprite@@QAEHPBGH_N@Z 004c2870 f   AuroraSprite.obj
[...]
 0004:004d95a4       ___env_initialized         00a7c5a4     <common>
 0004:004d95b4       ___onexitend               00a7c5b4     <common>
 0004:004d95b8       ___onexitbegin             00a7c5b8     <common>
 0004:004d95bc       ___mbctype_initialized     00a7c5bc     <common>
 0004:004d95c0       ___dyn_tls_init_callback   00a7c5c0     <common>
 0004:004d95c4       __acmdln                   00a7c5c4     <common>
 0005:00000000       __IMPORT_DESCRIPTOR_WS2_32 00a7d000     Ws2_32:WS2_32.dll
 0005:00000014       __IMPORT_DESCRIPTOR_WINMM  00a7d014     Winmm:WINMM.dll
 0005:00000028       __IMPORT_DESCRIPTOR_OPENGL32 00a7d028     opengl32:OPENGL32.dll
 0005:0000003c       __IMPORT_DESCRIPTOR_KERNEL32 00a7d03c     kernel32:KERNEL32.dll
 0005:00000050       __IMPORT_DESCRIPTOR_USER32 00a7d050     user32:USER32.dll
 0005:00000064       __IMPORT_DESCRIPTOR_GDI32  00a7d064     gdi32:GDI32.dll
 0005:00000078       __IMPORT_DESCRIPTOR_SHLWAPI 00a7d078     shlwapi:SHLWAPI.dll
 0005:0000008c       __IMPORT_DESCRIPTOR_libGLES_CM 00a7d08c     libgles_cm:libGLES_CM.dll
 0005:000000a0       __NULL_IMPORT_DESCRIPTOR   00a7d0a0     Ws2_32:WS2_32.dll
 0005:00000618       __imp__SwapBuffers@4       00a7d618     gdi32:GDI32.dll
 0005:0000061c       __imp__ChoosePixelFormat@8 00a7d61c     gdi32:GDI32.dll
 0005:00000620       __imp__SetPixelFormat@12   00a7d620     gdi32:GDI32.dll
 0005:00000624       \177GDI32_NULL_THUNK_DATA  00a7d624     gdi32:GDI32.dll
 0005:00000650       __imp__GetTimeZoneInformation@4 00a7d650     kernel32:KERNEL32.dll
 0005:00000654       __imp__GetLocaleInfoW@16   00a7d654     kernel32:KERNEL32.dll
 0005:00000658       __imp__CreateFileA@28      00a7d658     kernel32:KERNEL32.dll
 0005:0000065c       __imp__GetConsoleOutputCP@0 00a7d65c     kernel32:KERNEL32.dll
 0005:00000660       __imp__WriteConsoleA@20    00a7d660     kernel32:KERNEL32.dll
 0005:00000664       __imp__SetStdHandle@8      00a7d664     kernel32:KERNEL32.dll
 0005:00000668       __imp__GetUserDefaultLCID@0 00a7d668     kernel32:KERNEL32.dll
 0005:0000066c       __imp__EnumSystemLocalesA@8 00a7d66c     kernel32:KERNEL32.dll
 0005:00000670       __imp__IsValidLocale@8     00a7d670     kernel32:KERNEL32.dll
 0005:00000674       __imp__GetDateFormatA@24   00a7d674     kernel32:KERNEL32.dll
 0005:00000678       __imp__GetTimeFormatA@24   00a7d678     kernel32:KERNEL32.dll
 0005:0000067c       __imp__GetStringTypeW@16   00a7d67c     kernel32:KERNEL32.dll
 0005:00000680       __imp__GetStringTypeA@20   00a7d680     kernel32:KERNEL32.dll
 0005:00000684       __imp__GetLocaleInfoA@16   00a7d684     kernel32:KERNEL32.dll
 0005:00000688       __imp__InterlockedExchange@8 00a7d688     kernel32:KERNEL32.dll
 0005:0000068c       __imp__VirtualAlloc@16     00a7d68c     kernel32:KERNEL32.dll
 0005:00000690       __imp__HeapReAlloc@16      00a7d690     kernel32:KERNEL32.dll
 0005:00000694       __imp__HeapSize@12         00a7d694     kernel32:KERNEL32.dll
 0005:00000698       __imp__InitializeCriticalSectionAndSpinCount@8 00a7d698     kernel32:KERNEL32.dll
 0005:0000069c       __imp__VirtualFree@12      00a7d69c     kernel32:KERNEL32.dll
 0005:000006a0       __imp__HeapCreate@12       00a7d6a0     kernel32:KERNEL32.dll
 0005:000006a4       __imp__HeapDestroy@4       00a7d6a4     kernel32:KERNEL32.dll
 0005:000006a8       __imp__GetEnvironmentStringsW@0 00a7d6a8     kernel32:KERNEL32.dll
 0005:000006ac       __imp__FreeEnvironmentStringsW@4 00a7d6ac     kernel32:KERNEL32.dll
 0005:000006b0       __imp__GetEnvironmentStrings@0 00a7d6b0     kernel32:KERNEL32.dll
 0005:000006b4       __imp__FreeEnvironmentStringsA@4 00a7d6b4     kernel32:KERNEL32.dll
 0005:000006b8       __imp__GetSystemTimeAsFileTime@4 00a7d6b8     kernel32:KERNEL32.dll
 0005:000006bc       __imp__GetCurrentProcessId@0 00a7d6bc     kernel32:KERNEL32.dll
 0005:000006c0       __imp__QueryPerformanceCounter@4 00a7d6c0     kernel32:KERNEL32.dll
 0005:000006c4       __imp__GetOEMCP@0          00a7d6c4     kernel32:KERNEL32.dll
 0005:000006c8       __imp__GetACP@0            00a7d6c8     kernel32:KERNEL32.dll
 0005:000006cc       __imp__LCMapStringW@24     00a7d6cc     kernel32:KERNEL32.dll
 0005:000006d0       __imp__LCMapStringA@24     00a7d6d0     kernel32:KERNEL32.dll
 0005:000006d4       __imp__FreeLibrary@4       00a7d6d4     kernel32:KERNEL32.dll
 0005:000006d8       __imp__VirtualQuery@12     00a7d6d8     kernel32:KERNEL32.dll
 0005:000006dc       __imp__GetProcessHeap@0    00a7d6dc     kernel32:KERNEL32.dll
 0005:000006e0       __imp__HeapAlloc@12        00a7d6e0     kernel32:KERNEL32.dll
 0005:000006e4       __imp__HeapFree@12         00a7d6e4     kernel32:KERNEL32.dll
 0005:000006e8       __imp__LoadLibraryW@4      00a7d6e8     kernel32:KERNEL32.dll
 0005:000006ec       __imp__SetConsoleCtrlHandler@8 00a7d6ec     kernel32:KERNEL32.dll
 0005:000006f0       __imp__ExitProcess@4       00a7d6f0     kernel32:KERNEL32.dll
 0005:000006f4       __imp__GetCurrentThread@0  00a7d6f4     kernel32:KERNEL32.dll
 0005:000006f8       __imp__InterlockedDecrement@4 00a7d6f8     kernel32:KERNEL32.dll
 0005:000006fc       __imp__SetLastError@4      00a7d6fc     kernel32:KERNEL32.dll
 0005:00000700       __imp__InterlockedIncrement@4 00a7d700     kernel32:KERNEL32.dll
 0005:00000704       __imp__TlsFree@4           00a7d704     kernel32:KERNEL32.dll
 0005:00000708       __imp__GetCurrentThreadId@0 00a7d708     kernel32:KERNEL32.dll
 0005:0000070c       __imp__TlsSetValue@8       00a7d70c     kernel32:KERNEL32.dll
 0005:00000710       __imp__TlsAlloc@0          00a7d710     kernel32:KERNEL32.dll
 0005:00000714       __imp__GetModuleHandleW@4  00a7d714     kernel32:KERNEL32.dll
 0005:00000718       __imp__SetEndOfFile@4      00a7d718     kernel32:KERNEL32.dll
 0005:0000071c       __imp__IsBadReadPtr@8      00a7d71c     kernel32:KERNEL32.dll
 0005:00000720       __imp__HeapValidate@12     00a7d720     kernel32:KERNEL32.dll
 0005:00000724       __imp__FatalAppExitA@8     00a7d724     kernel32:KERNEL32.dll
 0005:00000728       __imp__LeaveCriticalSection@4 00a7d728     kernel32:KERNEL32.dll
 0005:0000072c       __imp__EnterCriticalSection@4 00a7d72c     kernel32:KERNEL32.dll
 0005:00000730       __imp__GetModuleFileNameA@12 00a7d730     kernel32:KERNEL32.dll
 0005:00000734       __imp__GetStartupInfoA@4   00a7d734     kernel32:KERNEL32.dll
 0005:00000738       __imp__GetCommandLineA@0   00a7d738     kernel32:KERNEL32.dll
 0005:0000073c       __imp__DeleteFileA@4       00a7d73c     kernel32:KERNEL32.dll
 0005:00000740       __imp__GetLastError@0      00a7d740     kernel32:KERNEL32.dll
 0005:00000744       __imp__SetUnhandledExceptionFilter@4 00a7d744     kernel32:KERNEL32.dll
 0005:00000748       __imp__UnhandledExceptionFilter@4 00a7d748     kernel32:KERNEL32.dll
 0005:0000074c       __imp__GetCurrentProcess@0 00a7d74c     kernel32:KERNEL32.dll
 0005:00000750       __imp__TerminateProcess@8  00a7d750     kernel32:KERNEL32.dll
 0005:00000754       __imp__LoadLibraryA@4      00a7d754     kernel32:KERNEL32.dll
 0005:00000758       __imp__GetProcAddress@8    00a7d758     kernel32:KERNEL32.dll
 0005:0000075c       __imp__lstrlenA@4          00a7d75c     kernel32:KERNEL32.dll
 0005:00000760       __imp__MultiByteToWideChar@24 00a7d760     kernel32:KERNEL32.dll
 0005:00000764       __imp__WideCharToMultiByte@32 00a7d764     kernel32:KERNEL32.dll
 0005:00000768       __imp__DebugBreak@0        00a7d768     kernel32:KERNEL32.dll
 0005:0000076c       __imp__IsDebuggerPresent@0 00a7d76c     kernel32:KERNEL32.dll
 0005:00000770       __imp__RaiseException@16   00a7d770     kernel32:KERNEL32.dll
 0005:00000774       __imp__GetStdHandle@4      00a7d774     kernel32:KERNEL32.dll
 0005:00000778       __imp__GetFileType@4       00a7d778     kernel32:KERNEL32.dll
 0005:0000077c       __imp__WriteConsoleW@20    00a7d77c     kernel32:KERNEL32.dll
 0005:00000780       __imp__GetModuleFileNameW@12 00a7d780     kernel32:KERNEL32.dll
 0005:00000784       __imp__RtlUnwind@16        00a7d784     kernel32:KERNEL32.dll
 0005:00000788       __imp__IsValidCodePage@4   00a7d788     kernel32:KERNEL32.dll
 0005:0000078c       __imp__GetModuleHandleA@4  00a7d78c     kernel32:KERNEL32.dll
 0005:00000790       __imp__OutputDebugStringA@4 00a7d790     kernel32:KERNEL32.dll
 0005:00000794       __imp__Sleep@4             00a7d794     kernel32:KERNEL32.dll
 0005:00000798       __imp__GetTickCount@0      00a7d798     kernel32:KERNEL32.dll
 0005:0000079c       __imp__ResumeThread@4      00a7d79c     kernel32:KERNEL32.dll
 0005:000007a0       __imp__SetThreadPriority@8 00a7d7a0     kernel32:KERNEL32.dll
 0005:000007a4       __imp__CloseHandle@4       00a7d7a4     kernel32:KERNEL32.dll
 0005:000007a8       __imp__CreateEventA@16     00a7d7a8     kernel32:KERNEL32.dll
 0005:000007ac       __imp__CreateThread@24     00a7d7ac     kernel32:KERNEL32.dll
 0005:000007b0       __imp__InitializeCriticalSection@4 00a7d7b0     kernel32:KERNEL32.dll
 0005:000007b4       __imp__DeleteCriticalSection@4 00a7d7b4     kernel32:KERNEL32.dll
 0005:000007b8       __imp__WaitForSingleObject@8 00a7d7b8     kernel32:KERNEL32.dll
 0005:000007bc       __imp__SetEvent@4          00a7d7bc     kernel32:KERNEL32.dll
 0005:000007c0       __imp__SuspendThread@4     00a7d7c0     kernel32:KERNEL32.dll
 0005:000007c4       __imp__WriteFile@20        00a7d7c4     kernel32:KERNEL32.dll
 0005:000007c8       __imp__OutputDebugStringW@4 00a7d7c8     kernel32:KERNEL32.dll
 0005:000007cc       __imp__FlushFileBuffers@4  00a7d7cc     kernel32:KERNEL32.dll
 0005:000007d0       __imp__GetConsoleCP@0      00a7d7d0     kernel32:KERNEL32.dll
 0005:000007d4       __imp__GetConsoleMode@8    00a7d7d4     kernel32:KERNEL32.dll
 0005:000007d8       __imp__SetHandleCount@4    00a7d7d8     kernel32:KERNEL32.dll
 0005:000007dc       __imp__ReadFile@20         00a7d7dc     kernel32:KERNEL32.dll
 0005:000007e0       __imp__SetFilePointer@16   00a7d7e0     kernel32:KERNEL32.dll
 0005:000007e4       __imp__CompareStringA@24   00a7d7e4     kernel32:KERNEL32.dll
 0005:000007e8       __imp__CompareStringW@24   00a7d7e8     kernel32:KERNEL32.dll
 0005:000007ec       __imp__TlsGetValue@4       00a7d7ec     kernel32:KERNEL32.dll
 0005:000007f0       __imp__SetEnvironmentVariableA@8 00a7d7f0     kernel32:KERNEL32.dll
 0005:000007f4       __imp__GetCPInfo@8         00a7d7f4     kernel32:KERNEL32.dll
 0005:000007f8       \177KERNEL32_NULL_THUNK_DATA 00a7d7f8     kernel32:KERNEL32.dll
 0005:00000878       __imp__glViewport@16       00a7d878     opengl32:OPENGL32.dll
 0005:0000087c       __imp__glHint@8            00a7d87c     opengl32:OPENGL32.dll
 0005:00000880       __imp__glDepthFunc@4       00a7d880     opengl32:OPENGL32.dll
 0005:00000884       __imp__glEnable@4          00a7d884     opengl32:OPENGL32.dll
 0005:00000888       __imp__glClearDepth@8      00a7d888     opengl32:OPENGL32.dll
 0005:0000088c       __imp__glClearColor@16     00a7d88c     opengl32:OPENGL32.dll
 0005:00000890       __imp__glShadeModel@4      00a7d890     opengl32:OPENGL32.dll
 0005:00000894       __imp__wglMakeCurrent@8    00a7d894     opengl32:OPENGL32.dll
 0005:00000898       __imp__wglCreateContext@4  00a7d898     opengl32:OPENGL32.dll
 0005:0000089c       __imp__wglDeleteContext@4  00a7d89c     opengl32:OPENGL32.dll
 0005:000008a0       __imp__glClear@4           00a7d8a0     opengl32:OPENGL32.dll
 0005:000008a4       __imp__glDepthMask@4       00a7d8a4     opengl32:OPENGL32.dll
 0005:000008a8       __imp__glColor4ub@16       00a7d8a8     opengl32:OPENGL32.dll
 0005:000008ac       __imp__glPopMatrix@0       00a7d8ac     opengl32:OPENGL32.dll
 0005:000008b0       __imp__glDrawElements@16   00a7d8b0     opengl32:OPENGL32.dll
 0005:000008b4       __imp__glTexEnvi@12        00a7d8b4     opengl32:OPENGL32.dll
 0005:000008b8       __imp__glBindTexture@8     00a7d8b8     opengl32:OPENGL32.dll
 0005:000008bc       __imp__glLoadMatrixf@4     00a7d8bc     opengl32:OPENGL32.dll
 0005:000008c0       __imp__glScissor@16        00a7d8c0     opengl32:OPENGL32.dll
 0005:000008c4       __imp__glPixelStorei@8     00a7d8c4     opengl32:OPENGL32.dll
 0005:000008c8       __imp__glFogf@8            00a7d8c8     opengl32:OPENGL32.dll
 0005:000008cc       __imp__glFogfv@8           00a7d8cc     opengl32:OPENGL32.dll
 0005:000008d0       __imp__glGetString@4       00a7d8d0     opengl32:OPENGL32.dll
 0005:000008d4       __imp__wglGetProcAddress@4 00a7d8d4     opengl32:OPENGL32.dll
 0005:000008d8       __imp__glDeleteTextures@8  00a7d8d8     opengl32:OPENGL32.dll
 0005:000008dc       __imp__glGetIntegerv@8     00a7d8dc     opengl32:OPENGL32.dll
 0005:000008e0       __imp__glGenTextures@8     00a7d8e0     opengl32:OPENGL32.dll
 0005:000008e4       __imp__glTexImage2D@36     00a7d8e4     opengl32:OPENGL32.dll
 0005:000008e8       __imp__glOrtho@48          00a7d8e8     opengl32:OPENGL32.dll
 0005:000008ec       __imp__glScalef@12         00a7d8ec     opengl32:OPENGL32.dll
 0005:000008f0       __imp__glTexParameteri@12  00a7d8f0     opengl32:OPENGL32.dll
 0005:000008f4       __imp__glFrustum@48        00a7d8f4     opengl32:OPENGL32.dll
 0005:000008f8       __imp__glPolygonOffset@8   00a7d8f8     opengl32:OPENGL32.dll
 0005:000008fc       __imp__glColorMask@16      00a7d8fc     opengl32:OPENGL32.dll
 0005:00000900       __imp__glMultMatrixf@4     00a7d900     opengl32:OPENGL32.dll
 0005:00000904       __imp__glTexEnvfv@12       00a7d904     opengl32:OPENGL32.dll
 0005:00000908       __imp__glLoadIdentity@0    00a7d908     opengl32:OPENGL32.dll
 0005:0000090c       __imp__glTranslatef@12     00a7d90c     opengl32:OPENGL32.dll
 0005:00000910       __imp__glRotatef@16        00a7d910     opengl32:OPENGL32.dll
 0005:00000914       __imp__glDisable@4         00a7d914     opengl32:OPENGL32.dll
 0005:00000918       __imp__glBlendFunc@8       00a7d918     opengl32:OPENGL32.dll
 0005:0000091c       __imp__glCullFace@4        00a7d91c     opengl32:OPENGL32.dll
 0005:00000920       __imp__glEnableClientState@4 00a7d920     opengl32:OPENGL32.dll
 0005:00000924       __imp__glVertexPointer@16  00a7d924     opengl32:OPENGL32.dll
 0005:00000928       __imp__glTexCoordPointer@16 00a7d928     opengl32:OPENGL32.dll
 0005:0000092c       __imp__glColorPointer@16   00a7d92c     opengl32:OPENGL32.dll
 0005:00000930       __imp__glDisableClientState@4 00a7d930     opengl32:OPENGL32.dll
 0005:00000934       __imp__glNormalPointer@12  00a7d934     opengl32:OPENGL32.dll
 0005:00000938       __imp__glMatrixMode@4      00a7d938     opengl32:OPENGL32.dll
 0005:0000093c       __imp__glPushMatrix@0      00a7d93c     opengl32:OPENGL32.dll
 0005:00000940       \177OPENGL32_NULL_THUNK_DATA 00a7d940     opengl32:OPENGL32.dll
 0005:00000994       __imp__PathRemoveFileSpecA@4 00a7d994     shlwapi:SHLWAPI.dll
 0005:00000998       \177SHLWAPI_NULL_THUNK_DATA 00a7d998     shlwapi:SHLWAPI.dll
 0005:000009c4       __imp__InvalidateRect@12   00a7d9c4     user32:USER32.dll
 0005:000009c8       __imp__GetClientRect@8     00a7d9c8     user32:USER32.dll
 0005:000009cc       __imp__DispatchMessageA@4  00a7d9cc     user32:USER32.dll
 0005:000009d0       __imp__TranslateMessage@4  00a7d9d0     user32:USER32.dll
 0005:000009d4       __imp__PeekMessageA@20     00a7d9d4     user32:USER32.dll
 0005:000009d8       __imp__ReleaseDC@8         00a7d9d8     user32:USER32.dll
 0005:000009dc       __imp__GetWindowRect@8     00a7d9dc     user32:USER32.dll
 0005:000009e0       __imp__SetWindowPos@28     00a7d9e0     user32:USER32.dll
 0005:000009e4       __imp__ShowWindow@8        00a7d9e4     user32:USER32.dll
 0005:000009e8       __imp__DestroyWindow@4     00a7d9e8     user32:USER32.dll
 0005:000009ec       __imp__CreateWindowExA@48  00a7d9ec     user32:USER32.dll
 0005:000009f0       __imp__GetDesktopWindow@0  00a7d9f0     user32:USER32.dll
 0005:000009f4       __imp__GetDC@4             00a7d9f4     user32:USER32.dll
 0005:000009f8       __imp__DefWindowProcA@16   00a7d9f8     user32:USER32.dll
 0005:000009fc       __imp__LoadCursorA@8       00a7d9fc     user32:USER32.dll
 0005:00000a00       __imp__RegisterClassA@4    00a7da00     user32:USER32.dll
 0005:00000a04       \177USER32_NULL_THUNK_DATA 00a7da04     user32:USER32.dll
 0005:00000a3c       __imp__waveOutWrite@12     00a7da3c     Winmm:WINMM.dll
 0005:00000a40       __imp__waveOutPrepareHeader@12 00a7da40     Winmm:WINMM.dll
 0005:00000a44       __imp__waveOutPause@4      00a7da44     Winmm:WINMM.dll
 0005:00000a48       __imp__waveOutOpen@24      00a7da48     Winmm:WINMM.dll
 0005:00000a4c       __imp__waveOutGetNumDevs@0 00a7da4c     Winmm:WINMM.dll
 0005:00000a50       __imp__waveOutClose@4      00a7da50     Winmm:WINMM.dll
 0005:00000a54       __imp__waveOutUnprepareHeader@12 00a7da54     Winmm:WINMM.dll
 0005:00000a58       __imp__waveOutReset@4      00a7da58     Winmm:WINMM.dll
 0005:00000a5c       __imp__waveOutSetVolume@8  00a7da5c     Winmm:WINMM.dll
 0005:00000a60       __imp__waveOutRestart@4    00a7da60     Winmm:WINMM.dll
 0005:00000a64       \177WINMM_NULL_THUNK_DATA  00a7da64     Winmm:WINMM.dll
 0005:00000a98       __imp__htons@4             00a7da98     Ws2_32:WS2_32.dll
 0005:00000a9c       __imp__htonl@4             00a7da9c     Ws2_32:WS2_32.dll
 0005:00000aa0       __imp__select@20           00a7daa0     Ws2_32:WS2_32.dll
 0005:00000aa4       __imp__WSAGetLastError@0   00a7daa4     Ws2_32:WS2_32.dll
 0005:00000aa8       __imp____WSAFDIsSet@8      00a7daa8     Ws2_32:WS2_32.dll
 0005:00000aac       __imp__accept@12           00a7daac     Ws2_32:WS2_32.dll
 0005:00000ab0       __imp__recv@16             00a7dab0     Ws2_32:WS2_32.dll
 0005:00000ab4       __imp__recvfrom@24         00a7dab4     Ws2_32:WS2_32.dll
 0005:00000ab8       __imp__sendto@24           00a7dab8     Ws2_32:WS2_32.dll
 0005:00000abc       __imp__WSAStartup@8        00a7dabc     Ws2_32:WS2_32.dll
 0005:00000ac0       __imp__WSACleanup@0        00a7dac0     Ws2_32:WS2_32.dll
 0005:00000ac4       __imp__gethostname@8       00a7dac4     Ws2_32:WS2_32.dll
 0005:00000ac8       __imp__connect@12          00a7dac8     Ws2_32:WS2_32.dll
 0005:00000acc       __imp__send@16             00a7dacc     Ws2_32:WS2_32.dll
 0005:00000ad0       __imp__closesocket@4       00a7dad0     Ws2_32:WS2_32.dll
 0005:00000ad4       __imp__setsockopt@20       00a7dad4     Ws2_32:WS2_32.dll
 0005:00000ad8       __imp__getaddrinfo@16      00a7dad8     Ws2_32:WS2_32.dll
 0005:00000adc       __imp__socket@12           00a7dadc     Ws2_32:WS2_32.dll
 0005:00000ae0       __imp__freeaddrinfo@4      00a7dae0     Ws2_32:WS2_32.dll
 0005:00000ae4       __imp__bind@12             00a7dae4     Ws2_32:WS2_32.dll
 0005:00000ae8       __imp__listen@8            00a7dae8     Ws2_32:WS2_32.dll
 0005:00000aec       \177WS2_32_NULL_THUNK_DATA 00a7daec     Ws2_32:WS2_32.dll
 0005:00000b28       __imp__glTexImage2D        00a7db28     libgles_cm:libGLES_CM.dll
 0005:00000b2c       __imp__glCompressedTexImage2D 00a7db2c     libgles_cm:libGLES_CM.dll
 0005:00000b30       __imp__glGetError          00a7db30     libgles_cm:libGLES_CM.dll
 0005:00000b34       __imp__glBindTexture       00a7db34     libgles_cm:libGLES_CM.dll
 0005:00000b38       __imp__glGenTextures       00a7db38     libgles_cm:libGLES_CM.dll
 0005:00000b3c       __imp__glPixelStorei       00a7db3c     libgles_cm:libGLES_CM.dll
 0005:00000b40       __imp__glDeleteTextures    00a7db40     libgles_cm:libGLES_CM.dll
 0005:00000b44       __imp__eglGetProcAddress@4 00a7db44     libgles_cm:libGLES_CM.dll
 0005:00000b48       __imp__glGetString         00a7db48     libgles_cm:libGLES_CM.dll
 0005:00000b4c       \177libGLES_CM_NULL_THUNK_DATA 00a7db4c     libgles_cm:libGLES_CM.dll

 entry point at        0002:00001568

