 Engine

 Timestamp is 4a5f35fc (Thu Jul 16 23:15:24 2009)

 Preferred load address is 00400000

 Start         Length     Name                   Class
 0001:00000000 00078822H .textbss                DATA
 0002:00000000 000f60aeH .text                   CODE
 0002:000f60b0 0000378eH .text$x                 CODE
 0002:000f9840 0000117dH .text$yc                CODE
 0002:000fa9c0 000011c3H .text$yd                CODE
 0003:00000000 00000104H .CRT$XCA                DATA
 0003:00000104 00000109H .CRT$XCC                DATA
 0003:00000210 0000011bH .CRT$XCU                DATA
 0003:0000032c 00000104H .CRT$XCZ                DATA
 0003:00000430 00000104H .CRT$XIA                DATA
 0003:00000534 00000118H .CRT$XIC                DATA
 0003:0000064c 00000104H .CRT$XIY                DATA
 0003:00000750 00000104H .CRT$XIZ                DATA
 0003:00000854 00000104H .CRT$XPA                DATA
 0003:00000958 00000109H .CRT$XPX                DATA
 0003:00000a64 00000104H .CRT$XPXA               DATA
 0003:00000b68 00000104H .CRT$XPZ                DATA
 0003:00000c6c 00000104H .CRT$XTA                DATA
 0003:00000d70 00000104H .CRT$XTZ                DATA
 0003:00000e80 00025aaaH .rdata                  DATA
 0003:0002692c 00000160H .rdata$debug            DATA
 0003:00026a8c 000010a0H .rdata$r                DATA
 0003:00027b2c 00000104H .rtc$IAA                DATA
 0003:00027c30 00000220H .rtc$IMZ                DATA
 0003:00027e50 00000104H .rtc$IZZ                DATA
 0003:00027f54 00000104H .rtc$TAA                DATA
 0003:00028058 00000220H .rtc$TMZ                DATA
 0003:00028278 00000104H .rtc$TZZ                DATA
 0003:00028380 000036e9H .xdata$x                DATA
 0003:0002ba69 00000000H .edata                  DATA
 0004:00000000 000037d8H .data                   DATA
 0004:000037e0 004d5df0H .bss                    DATA
 0005:00000000 000000a0H .idata$2                DATA
 0005:000000a0 00000014H .idata$3                DATA
 0005:000000b4 00000564H .idata$4                DATA
 0005:00000618 00000564H .idata$5                DATA
 0005:00000b7c 00001022H .idata$6                DATA
 0006:00000000 00000169H .rsrc$01                DATA
 0006:00000170 000002e9H .rsrc$02                DATA

  Address         Publics by Value              Rva+Base       Lib:Object

 0000:00000000       __except_list              00000000     <absolute>
 0000:00000000       ___safe_se_handler_table   00000000     <absolute>
 0000:00000000       ___safe_se_handler_count   00000000     <absolute>
 0000:00000000       ___ImageBase               00400000     <linker-defined>
 0001:00000000       __enc$textbss$begin        00401000     <linker-defined>
 0001:00078822       __enc$textbss$end          00479822     <linker-defined>
 0002:00007a30       ?dpf@@YAXPBDZZ             00481a30 f   DevUtil.obj
 0002:00007ac0       ?Trace@@YAXPBD@Z           00481ac0 f   DevUtil.obj
 0002:00007b20       ?TraceClear@@YAXXZ         00481b20 f   DevUtil.obj
 0002:00007b50       ?Trace1@@YAXPBDH@Z         00481b50 f   DevUtil.obj
 0002:00007c10       ??0CGapi@@QAE@XZ           00481c10 f   GapiMain.obj
 0002:00007d80       ?isEnemy@CActor@@QAE_NXZ   00481d80 f   Actor.obj
 0002:00007de0       ?InitGame@CGapi@@QAEHPAX@Z 00481de0 f   GapiMain.obj
 0002:00007ef0       ?canFire@CActor@@QAE_NXZ   00481ef0 f   Actor.obj
 0002:00007f30       ?LoopGame@CGapi@@QAEHXZ    00481f30 f   GapiMain.obj
 0002:00008080       ?EndGame@CGapi@@QAEXXZ     00482080 f   GapiMain.obj
 0002:000080d0       ?MakePath@CGapi@@QAEPADPBD@Z 004820d0 f   GapiMain.obj
 0002:00008190       ?KeyCode2Keypad@CGapi@@QAEHH@Z 00482190 f   GapiMain.obj
 0002:000085a0       ?notifyState@CActor@@QAEXHH@Z 004825a0 f   Actor.obj
 0002:000086a0       ?GetKeyBoardConfig@CHighGear@@QBEHXZ 004826a0 f i GapiMain.obj
 0002:000086e0       ?KeyEvent@CGapi@@QAEX_NH@Z 004826e0 f   GapiMain.obj
 0002:00008770       ?UpdateDisplay@CGapi@@QBEXXZ 00482770 f   GapiMain.obj
 0002:00008820       ?TurnOnBackLight@CGapi@@QAEXXZ 00482820 f   GapiMain.obj
 0002:00008870       ?GetDisplayOrientation@CGapi@@QAEHXZ 00482870 f   GapiMain.obj
 0002:000088b0       ?GetAvailableDirections@CGapi@@QAEHXZ 004828b0 f   GapiMain.obj
 0002:00008a00       ?GetAvailableOrientations@CGapi@@QAEHXZ 00482a00 f   GapiMain.obj
 0002:00008a40       ?ApplyDirection@CGapi@@QAEXH@Z 00482a40 f   GapiMain.obj
 0002:00008b60       ?ApplyOrientation@CGapi@@QAEXH@Z 00482b60 f   GapiMain.obj
 0002:00008bc0       ?allocate@?$_DebugHeapAllocator@D@std@@QAAPADIPBX@Z 00482bc0 f i GapiMain.obj
 0002:00008c80       ??0bad_alloc@std@@QAE@PBD@Z 00482c80 f i GapiMain.obj
 0002:00008cf0       ??1bad_alloc@std@@UAE@XZ   00482cf0 f i GapiMain.obj
 0002:00008d50       ??_Ebad_alloc@std@@UAEPAXI@Z 00482d50 f i GapiMain.obj
 0002:00008d50       ??_Gbad_alloc@std@@UAEPAXI@Z 00482d50 f i GapiMain.obj
 0002:00008dc0       ?allocate@?$_DebugHeapAllocator@D@std@@QAEPADI@Z 00482dc0 f i GapiMain.obj
 0002:00008e80       ?deallocate@?$_DebugHeapAllocator@D@std@@QAEXPADI@Z 00482e80 f i GapiMain.obj
 0002:00008ee0       ?GetInstance@?$CSingletonNoAutoConstruct@$00VCHighGear@@@@SAPAVCHighGear@@XZ 00482ee0 f i GapiMain.obj
 0002:00008f30       ??0bad_alloc@std@@QAE@ABV01@@Z 00482f30 f i GapiMain.obj
 0002:00008fa0       ??0?$_DebugHeapAllocator@D@std@@QAE@XZ 00482fa0 f i GapiMain.obj
 0002:00009000       ??0?$allocator@D@std@@QAE@XZ 00483000 f i GapiMain.obj
 0002:00009040       ?_GetInstance@?$CSingletonNoAutoConstruct@$00VCHighGear@@@@KAPAVCHighGear@@XZ 00483040 f i GapiMain.obj
 0002:00009090       ?GetSingleton@CSingletonManager@@SAPAVISingleton@@H@Z 00483090 f i GapiMain.obj
 0002:000090f0       ?Inst_GetSingleton@CSingletonManager@@IAEPAVISingleton@@H@Z 004830f0 f i GapiMain.obj
 0002:00009140       ??0?$_DebugHeapAllocator@D@std@@QAE@ABV01@@Z 00483140 f i GapiMain.obj
 0002:000091a0       ??0?$allocator@D@std@@QAE@ABV01@@Z 004831a0 f i GapiMain.obj
 0002:000091e0       ??$_DebugHeapDelete@X@std@@YAXPAX@Z 004831e0 f i GapiMain.obj
 0002:00009240       ??0CKeypad@@QAE@XZ         00483240 f   Keypad.obj
 0002:000092b0       ?Keypad_IsKeyPressed@CKeypad@@QAE_NI@Z 004832b0 f   Keypad.obj
 0002:00009310       ?Keypad_HasKeyChanged@CKeypad@@QAE_NI@Z 00483310 f   Keypad.obj
 0002:00009370       ?Keypad_HasKeyBeenPressed@CKeypad@@QAE_NI@Z 00483370 f   Keypad.obj
 0002:000093d0       ?Keypad_IsAnyKeyPressed@CKeypad@@QAE_NXZ 004833d0 f   Keypad.obj
 0002:00009420       ?Keypad_HasAnyKeyChanged@CKeypad@@QAE_NXZ 00483420 f   Keypad.obj
 0002:00009470       ?Keypad_HasAnyKeyBeenPressed@CKeypad@@QAE_NXZ 00483470 f   Keypad.obj
 0002:000094c0       ?Keypad_GetLastPressedKeyCode@CKeypad@@QAEHXZ 004834c0 f   Keypad.obj
 0002:00009540       ?Keypad_IsActionKeyBeenPressed@CKeypad@@QAE_NI_N@Z 00483540 f   Keypad.obj
 0002:00009620       ?Keypad_HasActionKeyBeenDoublePressed@CKeypad@@QAE_NI@Z 00483620 f   Keypad.obj
 0002:000096f0       ?Keypad_RemoveActionKey@CKeypad@@QAEXI@Z 004836f0 f   Keypad.obj
 0002:000097d0       ?Keypad_AddEvent@CKeypad@@QAE_NII@Z 004837d0 f   Keypad.obj
 0002:00009890       ?Keypad_UpdateState@CKeypad@@QAEX_N@Z 00483890 f   Keypad.obj
 0002:00009a50       ?Keypad_ResetQueue@CKeypad@@QAEXXZ 00483a50 f   Keypad.obj
 0002:00009aa0       ?Keypad_ResetStates@CKeypad@@QAEXXZ 00483aa0 f   Keypad.obj
 0002:00009af0       ?Keypad_Reset@CKeypad@@QAEXXZ 00483af0 f   Keypad.obj
 0002:00009b50       ?Keypad_IsKeyPressed_MenuUp@CKeypad@@QAE_NXZ 00483b50 f   Keypad.obj
 0002:00009ce0       ?Gapi@CHighGear@@QAEAAVCGapi@@XZ 00483ce0 f i Keypad.obj
 0002:00009d20       ?Keypad_IsKeyPressed_MenuDown@CKeypad@@QAE_NXZ 00483d20 f   Keypad.obj
 0002:00009eb0       ?Keypad_IsKeyPressed_MenuLeft@CKeypad@@QAE_NXZ 00483eb0 f   Keypad.obj
 0002:0000a040       ?Keypad_IsKeyPressed_MenuRight@CKeypad@@QAE_NXZ 00484040 f   Keypad.obj
 0002:0000a1d0       ?Keypad_HasKeyBeenPressed_MenuUp@CKeypad@@QAE_NXZ 004841d0 f   Keypad.obj
 0002:0000a360       ?Keypad_HasKeyBeenPressed_MenuDown@CKeypad@@QAE_NXZ 00484360 f   Keypad.obj
 0002:0000a4f0       ?Keypad_HasKeyBeenPressed_MenuLeft@CKeypad@@QAE_NXZ 004844f0 f   Keypad.obj
 0002:0000a680       ?Keypad_HasKeyBeenPressed_MenuRight@CKeypad@@QAE_NXZ 00484680 f   Keypad.obj
 0002:0000a810       ?strlen@@YAHPBG@Z          00484810 f   str_utils.obj
 0002:0000a870       ?strcpy@@YAHPAGPBG@Z       00484870 f   str_utils.obj
 0002:0000a8f0       ?strcpy@@YAHPAGPBD@Z       004848f0 f   str_utils.obj
 0002:0000a970       ?strcpy@@YAHPADPBG@Z       00484970 f   str_utils.obj
 0002:0000a9f0       ?strcat@@YAHPAGPBG@Z       004849f0 f   str_utils.obj
 0002:0000aa60       ?strcat@@YAHPAGPBD@Z       00484a60 f   str_utils.obj
 0002:0000aad0       ?strcmp@@YAHPAG0@Z         00484ad0 f   str_utils.obj
 0002:0000ab60       ?itoa@@YAHHPAG@Z           00484b60 f   str_utils.obj
 0002:0000ad20       ?sprintf@@YAXPAGPBGZZ      00484d20 f   str_utils.obj
 0002:0000aee0       ?sprintf@@YAXPAGPBDZZ      00484ee0 f   str_utils.obj
 0002:0000b0d0       ?toUnicode@@YAPAGPAD@Z     004850d0 f   str_utils.obj
 0002:0000b180       ?CharToUnicode@@YAXPAGPBD@Z 00485180 f   str_utils.obj
 0002:0000b230       ?ToUpper@Util@@SAAAV?$basic_string@DU?$char_traits@D@std@@V?$allocator@D@2@@std@@AAV23@@Z 00485230 f   Util.obj
 0002:0000b2c0       ?Trim@Util@@SAAAV?$basic_string@DU?$char_traits@D@std@@V?$allocator@D@2@@std@@AAV23@@Z 004852c0 f   Util.obj
 0002:0000b430       ?Replace@Util@@SAAAV?$basic_string@DU?$char_traits@D@std@@V?$allocator@D@2@@std@@AAV23@V23@1@Z 00485430 f   Util.obj
 0002:0000b5a0       ?SplitLeft@Util@@SAXV?$basic_string@DU?$char_traits@D@std@@V?$allocator@D@2@@std@@AAV23@1PBD@Z 004855a0 f   Util.obj
 0002:0000b7c0       ?GetCompleteFileName@Util@@SA?AV?$basic_string@DU?$char_traits@D@std@@V?$allocator@D@2@@std@@ABV23@PBD@Z 004857c0 f   Util.obj
 0002:0000b9e0       ??1?$_String_iterator@DU?$char_traits@D@std@@V?$allocator@D@2@@std@@QAE@XZ 004859e0 f i Util.obj
 0002:0000ba30       ??1?$_String_const_iterator@DU?$char_traits@D@std@@V?$allocator@D@2@@std@@QAE@XZ 00485a30 f i Util.obj
 0002:0000ba80       ??1?$_Ranit_base@DHPBDABDV_Iterator_base@std@@@std@@QAE@XZ 00485a80 f i Util.obj
 0002:0000bad0       ??1_Iterator_base@std@@QAE@XZ 00485ad0 f i Util.obj
 0002:0000bbc0       ?_Orphan_me@_Iterator_base@std@@QAEXXZ 00485bc0 f i Util.obj
 0002:0000bc90       ?StrFindAndReplace@Util@@SAXPADPBD11@Z 00485c90 f   Util.obj
 0002:0000bdc0       ?StrFindAndReplace@Util@@SAXPAGPBG11@Z 00485dc0 f   Util.obj
 0002:0000bf70       ?FindCharRight@Util@@SAPBGPBGG_N@Z 00485f70 f   Util.obj
 0002:0000c080       ?Interp@Util@@SAHHHHHH@Z   00486080 f   Util.obj
 0002:0000c0d0       ?Interp@Util@@SAMMMMMM@Z   004860d0 f   Util.obj
 0002:0000c130       ??0?$basic_string@DU?$char_traits@D@std@@V?$allocator@D@2@@std@@QAE@ABV01@@Z 00486130 f i Util.obj
 0002:0000c200       ??1?$basic_string@DU?$char_traits@D@std@@V?$allocator@D@2@@std@@QAE@XZ 00486200 f i Util.obj
 0002:0000c2b0       ??4?$basic_string@DU?$char_traits@D@std@@V?$allocator@D@2@@std@@QAEAAV01@ABV01@@Z 004862b0 f i Util.obj
 0002:0000c310       ??4?$basic_string@DU?$char_traits@D@std@@V?$allocator@D@2@@std@@QAEAAV01@PBD@Z 00486310 f i Util.obj
 0002:0000c370       ?append@?$basic_string@DU?$char_traits@D@std@@V?$allocator@D@2@@std@@QAEAAV12@PBD@Z 00486370 f i Util.obj
 0002:0000c400       ?length@?$char_traits@D@std@@SAIPBD@Z 00486400 f i Util.obj
 0002:0000c450       ?replace@?$basic_string@DU?$char_traits@D@std@@V?$allocator@D@2@@std@@QAEAAV12@IIABV12@@Z 00486450 f i Util.obj
 0002:0000c4c0       ?begin@?$basic_string@DU?$char_traits@D@std@@V?$allocator@D@2@@std@@QAE?AV?$_String_iterator@DU?$char_traits@D@std@@V?$allocator@D@2@@2@XZ 004864c0 f i Util.obj
 0002:0000c550       ?end@?$basic_string@DU?$char_traits@D@std@@V?$allocator@D@2@@std@@QAE?AV?$_String_iterator@DU?$char_traits@D@std@@V?$allocator@D@2@@2@XZ 00486550 f i Util.obj
 0002:0000c5e0       ?c_str@?$basic_string@DU?$char_traits@D@std@@V?$allocator@D@2@@std@@QBEPBDXZ 004865e0 f i Util.obj
 0002:0000c630       ?size@?$basic_string@DU?$char_traits@D@std@@V?$allocator@D@2@@std@@QBEIXZ 00486630 f i Util.obj
 0002:0000c670       ?find@?$basic_string@DU?$char_traits@D@std@@V?$allocator@D@2@@std@@QBEIABV12@I@Z 00486670 f i Util.obj
 0002:0000c6e0       ?find@?$basic_string@DU?$char_traits@D@std@@V?$allocator@D@2@@std@@QBEIPBDI@Z 004866e0 f i Util.obj
 0002:0000c770       ?find_first_of@?$basic_string@DU?$char_traits@D@std@@V?$allocator@D@2@@std@@QBEIPBDI@Z 00486770 f i Util.obj
 0002:0000c800       ?find_first_not_of@?$basic_string@DU?$char_traits@D@std@@V?$allocator@D@2@@std@@QBEIPBDI@Z 00486800 f i Util.obj
 0002:0000c890       ?find_last_not_of@?$basic_string@DU?$char_traits@D@std@@V?$allocator@D@2@@std@@QBEIPBDI@Z 00486890 f i Util.obj
 0002:0000c920       ?substr@?$basic_string@DU?$char_traits@D@std@@V?$allocator@D@2@@std@@QBE?AV12@II@Z 00486920 f i Util.obj
 0002:0000c9c0       ??9?$_String_const_iterator@DU?$char_traits@D@std@@V?$allocator@D@2@@std@@QBE_NABV01@@Z 004869c0 f i Util.obj
 0002:0000ca30       ??D?$_String_iterator@DU?$char_traits@D@std@@V?$allocator@D@2@@std@@QBEAADXZ 00486a30 f i Util.obj
 0002:0000ca80       ??E?$_String_iterator@DU?$char_traits@D@std@@V?$allocator@D@2@@std@@QAEAAV01@XZ 00486a80 f i Util.obj
 0002:0000cae0       ??1?$_String_val@DV?$allocator@D@std@@@std@@QAE@XZ 00486ae0 f i Util.obj
 0002:0000cb30       ??1_String_base@std@@QAE@XZ 00486b30 f i Util.obj
 0002:0000cb80       ??1_Container_base_secure@std@@QAE@XZ 00486b80 f i Util.obj
 0002:0000cbd0       ?_Orphan_all@_Container_base_secure@std@@QBEXXZ 00486bd0 f i Util.obj
 0002:0000ccb0       ??0?$basic_string@DU?$char_traits@D@std@@V?$allocator@D@2@@std@@QAE@ABV01@IIABV?$allocator@D@1@@Z 00486cb0 f i Util.obj
 0002:0000cda0       ?append@?$basic_string@DU?$char_traits@D@std@@V?$allocator@D@2@@std@@QAEAAV12@PBDI@Z 00486da0 f i Util.obj
 0002:0000cf00       ?assign@?$basic_string@DU?$char_traits@D@std@@V?$allocator@D@2@@std@@QAEAAV12@ABV12@@Z 00486f00 f i Util.obj
 0002:0000cf60       ?assign@?$basic_string@DU?$char_traits@D@std@@V?$allocator@D@2@@std@@QAEAAV12@ABV12@II@Z 00486f60 f i Util.obj
 0002:0000d080       ?assign@?$basic_string@DU?$char_traits@D@std@@V?$allocator@D@2@@std@@QAEAAV12@PBD@Z 00487080 f i Util.obj
 0002:0000d110       ?replace@?$basic_string@DU?$char_traits@D@std@@V?$allocator@D@2@@std@@QAEAAV12@IIABV12@II@Z 00487110 f i Util.obj
 0002:0000d470       ?IsZoneReleased@CTouchZones@@QAE_NE@Z 00487470 f   TouchZones.obj
 0002:0000d550       ?find@?$basic_string@DU?$char_traits@D@std@@V?$allocator@D@2@@std@@QBEIPBDII@Z 00487550 f i Util.obj
 0002:0000d6b0       ?compare@?$char_traits@D@std@@SAHPBD0I@Z 004876b0 f i Util.obj
 0002:0000d710       ?find@?$char_traits@D@std@@SAPBDPBDIABD@Z 00487710 f i Util.obj
 0002:0000d770       ?find_first_of@?$basic_string@DU?$char_traits@D@std@@V?$allocator@D@2@@std@@QBEIPBDII@Z 00487770 f i Util.obj
 0002:0000d870       ?find_first_not_of@?$basic_string@DU?$char_traits@D@std@@V?$allocator@D@2@@std@@QBEIPBDII@Z 00487870 f i Util.obj
 0002:0000d970       ?find_last_not_of@?$basic_string@DU?$char_traits@D@std@@V?$allocator@D@2@@std@@QBEIPBDII@Z 00487970 f i Util.obj
 0002:0000da90       ?get_allocator@?$basic_string@DU?$char_traits@D@std@@V?$allocator@D@2@@std@@QBE?AV?$allocator@D@2@XZ 00487a90 f i Util.obj
 0002:0000daf0       ?_Tidy@?$basic_string@DU?$char_traits@D@std@@V?$allocator@D@2@@std@@IAEX_NI@Z 00487af0 f i Util.obj
 0002:0000dbc0       ?_Myptr@?$basic_string@DU?$char_traits@D@std@@V?$allocator@D@2@@std@@IAEPADXZ 00487bc0 f i Util.obj
 0002:0000dc30       ?_Myptr@?$basic_string@DU?$char_traits@D@std@@V?$allocator@D@2@@std@@IBEPBDXZ 00487c30 f i Util.obj
 0002:0000dca0       ??0?$_String_val@DV?$allocator@D@std@@@std@@IAE@V?$allocator@D@1@@Z 00487ca0 f i Util.obj
 0002:0000dd10       ??0?$_String_val@DV?$allocator@D@std@@@std@@QAE@ABV01@@Z 00487d10 f i Util.obj
 0002:0000dd90       ??D?$_String_const_iterator@DU?$char_traits@D@std@@V?$allocator@D@2@@std@@QBEABDXZ 00487d90 f i Util.obj
 0002:0000de90       ??E?$_String_const_iterator@DU?$char_traits@D@std@@V?$allocator@D@2@@std@@QAEAAV01@XZ 00487e90 f i Util.obj
 0002:0000dfe0       ?_Has_container@_Iterator_base@std@@QBE_NXZ 00487fe0 f i Util.obj
 0002:0000e030       ??8?$_String_const_iterator@DU?$char_traits@D@std@@V?$allocator@D@2@@std@@QBE_NABV01@@Z 00488030 f i Util.obj
 0002:0000e0a0       ??0?$_String_iterator@DU?$char_traits@D@std@@V?$allocator@D@2@@std@@QAE@PADPBV_Container_base_secure@1@@Z 004880a0 f i Util.obj
 0002:0000e100       ??0_String_base@std@@QAE@XZ 00488100 f i Util.obj
 0002:0000e160       ??0_Container_base_secure@std@@QAE@XZ 00488160 f i Util.obj
 0002:0000e1b0       ?append@?$basic_string@DU?$char_traits@D@std@@V?$allocator@D@2@@std@@QAEAAV12@ABV12@II@Z 004881b0 f i Util.obj
 0002:0000e2f0       ?assign@?$basic_string@DU?$char_traits@D@std@@V?$allocator@D@2@@std@@QAEAAV12@PBDI@Z 004882f0 f i Util.obj
 0002:0000e3f0       ?erase@?$basic_string@DU?$char_traits@D@std@@V?$allocator@D@2@@std@@QAEAAV12@II@Z 004883f0 f i Util.obj
 0002:0000e4e0       ?_Eos@?$basic_string@DU?$char_traits@D@std@@V?$allocator@D@2@@std@@IAEXI@Z 004884e0 f i Util.obj
 0002:0000e560       ?assign@?$char_traits@D@std@@SAXAADABD@Z 00488560 f i Util.obj
 0002:0000e5a0       ?_Grow@?$basic_string@DU?$char_traits@D@std@@V?$allocator@D@2@@std@@IAE_NI_N@Z 004885a0 f i Util.obj
 0002:0000e6a0       ?_Inside@?$basic_string@DU?$char_traits@D@std@@V?$allocator@D@2@@std@@IAE_NPBD@Z 004886a0 f i Util.obj
 0002:0000e720       ?deallocate@?$allocator@D@std@@QAEXPADI@Z 00488720 f i Util.obj
 0002:0000e780       ??0?$_String_const_iterator@DU?$char_traits@D@std@@V?$allocator@D@2@@std@@QAE@PBDPBV_Container_base_secure@1@@Z 00488780 f i Util.obj
 0002:0000e8c0       ?_Adopt@_Iterator_base@std@@QAEXPBV_Container_base_secure@2@@Z 004888c0 f i Util.obj
 0002:0000e9f0       ?_Compat@?$_String_const_iterator@DU?$char_traits@D@std@@V?$allocator@D@2@@std@@QBEXABV12@@Z 004889f0 f i Util.obj
 0002:0000eac0       ??0?$_Ranit_base@DHPBDABDV_Iterator_base@std@@@std@@QAE@XZ 00488ac0 f i Util.obj
 0002:0000eb20       ??0_Iterator_base@std@@QAE@XZ 00488b20 f i Util.obj
 0002:0000eb70       ?max_size@?$basic_string@DU?$char_traits@D@std@@V?$allocator@D@2@@std@@QBEIXZ 00488b70 f i Util.obj
 0002:0000ec00       ?_Copy@?$basic_string@DU?$char_traits@D@std@@V?$allocator@D@2@@std@@IAEXII@Z 00488c00 f i Util.obj
 0002:0000ee30       ?allocate@?$allocator@D@std@@QAEPADI@Z 00488e30 f i Util.obj
 0002:0000ee90       ?max_size@?$allocator@D@std@@QBEIXZ 00488e90 f i Util.obj
 0002:0000ef00       ??$_Debug_pointer@D@std@@YAXPBDPB_WI@Z 00488f00 f i Util.obj
 0002:0000ef60       ??$copy_s@U?$char_traits@D@std@@@_Traits_helper@std@@YAPADPADIPBDI@Z 00488f60 f i Util.obj
 0002:0000efe0       ??$move_s@U?$char_traits@D@std@@@_Traits_helper@std@@YAPADPADIPBDI@Z 00488fe0 f i Util.obj
 0002:0000f060       ??$_Allocate@D@std@@YAPADIPAD@Z 00489060 f i Util.obj
 0002:0000f100       ??$_Char_traits_cat@U?$char_traits@D@std@@@std@@YA?AU_Secure_char_traits_tag@0@XZ 00489100 f i Util.obj
 0002:0000f170       ??$copy_s@U?$char_traits@D@std@@@_Traits_helper@std@@YAPADPADIPBDIU_Secure_char_traits_tag@1@@Z 00489170 f i Util.obj
 0002:0000f1d0       ?_Copy_s@?$char_traits@D@std@@SAPADPADIPBDI@Z 004891d0 f i Util.obj
 0002:0000f230       ??$move_s@U?$char_traits@D@std@@@_Traits_helper@std@@YAPADPADIPBDIU_Secure_char_traits_tag@1@@Z 00489230 f i Util.obj
 0002:0000f290       ?_Move_s@?$char_traits@D@std@@SAPADPADIPBDI@Z 00489290 f i Util.obj
 0002:0000f2f0       ?IsInBox@@YA_NHHHHHH@Z     004892f0 f   WinMain.obj
 0002:0000f370       ?Zoom@@YAXH@Z              00489370 f   WinMain.obj
 0002:0000f3a0       ?Resize@@YAXHH@Z           004893a0 f   WinMain.obj
 0002:0000f530       ?PCDisplayUpdate@@YAXXZ    00489530 f   WinMain.obj
 0002:0000f580       _WinMain@16                00489580 f   WinMain.obj
 0002:0000fdc0       ?GetNextIntersectedZone@CTouchZones@@AAEFFFF@Z 00489dc0 f   TouchZones.obj
 0002:0000fec0       ??1CTouchZones@@UAE@XZ     00489ec0 f   TouchZones.obj
 0002:0000ffd0       ?Quit@CGapi@@QAEXXZ        00489fd0 f i WinMain.obj
 0002:00010020       ??_GLib3DGL@@QAEPAXI@Z     0048a020 f i WinMain.obj
 0002:00010090       ?MainProc@@YGJPAUHWND__@@IIJ@Z 0048a090 f   WinMain.obj
 0002:00010450       ?checkCheatZones@CTouchZones@@QAEX_N@Z 0048a450 f   TouchZones.obj
 0002:00010530       ?GRGetTickCount@@YAKXZ     0048a530 f   WinMain.obj
 0002:00010590       ?GRGetTickCountPeriod@@YAKXZ 0048a590 f   WinMain.obj
 0002:000105d0       ?debug_out@@YAXPBDZZ       0048a5d0 f   WinMain.obj
 0002:000106a0       ?InitOpenGLESWindow@@YAHXZ 0048a6a0 f   WinMain.obj
 0002:000109b0       ??0?$CSingletonNoAutoConstruct@$09VCTouchZones@@@@QAE@XZ 0048a9b0 f i TouchZones.obj
 0002:00010a70       ?CloseOpenGLESWindow@@YAXXZ 0048aa70 f   WinMain.obj
 0002:00010b50       ??_GTextureFBO@@QAEPAXI@Z  0048ab50 f i WinMain.obj
 0002:00010bc0       ?OGLRefresh3D@@YAXXZ       0048abc0 f   WinMain.obj
 0002:00010cb0       ?GetInstance@?$CSingleton@$09VCTouchZones@@@@SAPAVCTouchZones@@XZ 0048acb0 f i WinMain.obj
 0002:00010db0       ?_GetInstance@?$CSingletonNoAutoConstruct@$09VCTouchZones@@@@KAPAVCTouchZones@@XZ 0048adb0 f i WinMain.obj
 0002:00010e00       ??0CBoard3D@Lib3D@@QAE@XZ  0048ae00 f   Board3D.obj
 0002:00010f20       ??1CBoard3D@Lib3D@@QAE@XZ  0048af20 f   Board3D.obj
 0002:00010f60       ?InitInverseTable@CBoard3D@Lib3D@@AAEXXZ 0048af60 f   Board3D.obj
 0002:00011060       ?DrawEdgeH@CBoard3D@Lib3D@@AAEXHHHH@Z 0048b060 f   Board3D.obj
 0002:000111e0       ?InverseTable@CBoard3D@Lib3D@@ABEHH@Z 0048b1e0 f i Board3D.obj
 0002:00011340       ??0_CMinMax@@QAE@PBD@Z     0048b340 f i Board3D.obj
 0002:000113a0       ??R_CMinMax@@QAEXH@Z       0048b3a0 f i Board3D.obj
 0002:00011410       ??1_CMinMax@@QAE@XZ        0048b410 f i Board3D.obj
 0002:000114c0       ?DrawEdgeV@CBoard3D@Lib3D@@AAEXHHHH@Z 0048b4c0 f   Board3D.obj
 0002:00011640       ?DrawEdgeHV@CBoard3D@Lib3D@@QAEXHHHH@Z 0048b640 f   Board3D.obj
 0002:00011800       ?DrawPolyEdge@CBoard3D@Lib3D@@QAEXPBVVector4s@@00@Z 0048b800 f   Board3D.obj
 0002:000118d0       ?PrepareFace2@@YA_NPBVTFace@Lib3D@@PAPBVTVxuv@2@@Z 0048b8d0 f   Board3D.obj
 0002:000119f0       ?ScrVectorA@TFace@Lib3D@@QBEABVVector4s@@XZ 0048b9f0 f i Board3D.obj
 0002:00011a30       ?ScrVectorB@TFace@Lib3D@@QBEABVVector4s@@XZ 0048ba30 f i Board3D.obj
 0002:00011a70       ?ScrVectorC@TFace@Lib3D@@QBEABVVector4s@@XZ 0048ba70 f i Board3D.obj
 0002:00011ab0       ?GetVxuvA@TFace@Lib3D@@QBEPBVTVxuv@2@XZ 0048bab0 f i Board3D.obj
 0002:00011af0       ?GetVxuvB@TFace@Lib3D@@QBEPBVTVxuv@2@XZ 0048baf0 f i Board3D.obj
 0002:00011b30       ?GetVxuvC@TFace@Lib3D@@QBEPBVTVxuv@2@XZ 0048bb30 f i Board3D.obj
 0002:00011b70       ?DrawFace@CBoard3D@Lib3D@@QAEXPBVTFace@2@I@Z 0048bb70 f   Board3D.obj
 0002:00011da0       ?GetTexture@TFace@Lib3D@@QBEPBVTTexture@2@XZ 0048bda0 f i Board3D.obj
 0002:00011de0       ?Clear@CBoard3D@Lib3D@@QAEXXZ 0048bde0 f   Board3D.obj
 0002:00011e70       ?Clear@CBoard3D@Lib3D@@QAEXG@Z 0048be70 f   Board3D.obj
 0002:00011f00       ?DrawPolyGT3@CBoard3D@Lib3D@@AAEXPBVTVxuv@2@00@Z 0048bf00 f   Board3D.obj
 0002:00012920       ?DrawZones@CTouchZones@@QAEXAAVCLib2D@@@Z 0048c920 f   TouchZones.obj
 0002:00012ba0       ??0LineParamNoZ@Lib3D@@QAE@XZ 0048cba0 f i Board3D.obj
 0002:00012be0       ??0LineParamNoZ@Lib3D@@QAE@HHHH@Z 0048cbe0 f i Board3D.obj
 0002:00012c50       ?Set@LineParamNoZ@Lib3D@@QAEXHHHH@Z 0048cc50 f i Board3D.obj
 0002:00012cc0       ?Substact@LineParamNoZ@Lib3D@@QAEXHABU12@@Z 0048ccc0 f i Board3D.obj
 0002:00012d70       ?AddDelta@LineParamNoZ@Lib3D@@QAEXABU12@@Z 0048cd70 f i Board3D.obj
 0002:00012e00       ?DivideShift16@CBoard3D@Lib3D@@QBEHHH@Z 0048ce00 f i Board3D.obj
 0002:00012e60       ?LastLine@@YAHPBVTVxuv@Lib3D@@H@Z 0048ce60 f i Board3D.obj
 0002:00012ec0       ?DrawPolyGT3Additive@CBoard3D@Lib3D@@AAEXPBVTVxuv@2@00@Z 0048cec0 f   Board3D.obj
 0002:000138e0       ?updateCheatZones@CTouchZones@@QAEXXZ 0048d8e0 f   TouchZones.obj
 0002:00013b60       ?DrawPolyGT3AdditiveAlpha@CBoard3D@Lib3D@@AAEXPBVTVxuv@2@00@Z 0048db60 f   Board3D.obj
 0002:00014800       ?DrawPolyGT3AlphaMask@CBoard3D@Lib3D@@AAEXPBVTVxuv@2@00@Z 0048e800 f   Board3D.obj
 0002:000154a0       ?DrawPolyGT3Shadow@CBoard3D@Lib3D@@AAEXPBVTVxuv@2@00@Z 0048f4a0 f   Board3D.obj
 0002:00015ec0       ??0LineParamNoZUV@Lib3D@@QAE@XZ 0048fec0 f i Board3D.obj
 0002:00015f00       ??0LineParamNoZUV@Lib3D@@QAE@HH@Z 0048ff00 f i Board3D.obj
 0002:00015f50       ?Set@LineParamNoZUV@Lib3D@@QAEXHH@Z 0048ff50 f i Board3D.obj
 0002:00015fa0       ?Substact@LineParamNoZUV@Lib3D@@QAEXHABU12@@Z 0048ffa0 f i Board3D.obj
 0002:00016010       ?AddDelta@LineParamNoZUV@Lib3D@@QAEXABU12@@Z 00490010 f i Board3D.obj
 0002:00016070       ?DrawPolyGT3Substractive@CBoard3D@Lib3D@@AAEXPBVTVxuv@2@00@Z 00490070 f   Board3D.obj
 0002:00016d10       ?DrawPolyG3@CBoard3D@Lib3D@@AAEXPBVTVxuv@2@00II@Z 00490d10 f   Board3D.obj
 0002:00017940       ?PrepareFace@CBoard3D@Lib3D@@AAE_NPBVTFace@2@PAPBVTVxuv@2@@Z 00491940 f   Board3D.obj
 0002:00017df0       ?DrawPolyGT3z@CBoard3D@Lib3D@@AAEXPBVTVxuv@2@00@Z 00491df0 f   Board3D.obj
 0002:00018ca0       ??0LineParamZ@Lib3D@@QAE@XZ 00492ca0 f i Board3D.obj
 0002:00018d00       ??0LineParamZ@Lib3D@@QAE@HHHHH@Z 00492d00 f i Board3D.obj
 0002:00018d80       ?Set@LineParamZ@Lib3D@@QAEXHHHHH@Z 00492d80 f i Board3D.obj
 0002:00018df0       ?Substact@LineParamZ@Lib3D@@QAEXHABU12@@Z 00492df0 f i Board3D.obj
 0002:00018e70       ?AddDelta@LineParamZ@Lib3D@@QAEXABU12@@Z 00492e70 f i Board3D.obj
 0002:00018ee0       ?DrawPolyGT3zCar@CBoard3D@Lib3D@@AAEXPBVTVxuv@2@00@Z 00492ee0 f   Board3D.obj
 0002:00019d90       ?DrawBillboard@CBoard3D@Lib3D@@QAEXABVVector4s@@ABVTTexture@2@HHHHHH@Z 00493d90 f   Board3D.obj
 0002:0001a850       ?SizeX@TTexture@Lib3D@@QBEHXZ 00494850 f i Board3D.obj
 0002:0001a890       ?SizeY@TTexture@Lib3D@@QBEHXZ 00494890 f i Board3D.obj
 0002:0001a8d0       ?Data@TTexture@Lib3D@@QBEPAGXZ 004948d0 f i Board3D.obj
 0002:0001a910       ?DrawMaskX@TTexture@Lib3D@@QBEKXZ 00494910 f i Board3D.obj
 0002:0001a950       ?DrawMaskY@TTexture@Lib3D@@QBEKXZ 00494950 f i Board3D.obj
 0002:0001a990       ?VShift@TTexture@Lib3D@@QBEHXZ 00494990 f i Board3D.obj
 0002:0001a9d0       ?InvRhTable@CBoard3D@Lib3D@@ABEHH@Z 004949d0 f i Board3D.obj
 0002:0001aa50       ?DrawBillboard@CBoard3D@Lib3D@@QAEXABVVector4s@@ABVTTexture@2@HHHH@Z 00494a50 f   Board3D.obj
 0002:0001b670       ?XShift@TTexture@Lib3D@@QBEHXZ 00495670 f i Board3D.obj
 0002:0001b6b0       ?YShift@TTexture@Lib3D@@QBEHXZ 004956b0 f i Board3D.obj
 0002:0001b6f0       ?DrawLine@CBoard3D@Lib3D@@QAEXVVector4s@@0HHABVCColor@2@_N@Z 004956f0 f   Board3D.obj
 0002:0001bd40       ?Abs@Lib3D@@YAHH@Z         00495d40 f i Board3D.obj
 0002:0001bda0       ??0Vector4s@@QAE@XZ        00495da0 f i Board3D.obj
 0002:0001bde0       ??$FastColorAdd@IG@CLib2D@@SAHIG@Z 00495de0 f i Board3D.obj
 0002:0001be90       ??$MixColor@HGH@CLib2D@@SAHHGH@Z 00495e90 f i Board3D.obj
 0002:0001bf40       ??0CCameraAsphalt@Lib3D@@QAE@XZ 00495f40 f   Camera.obj
 0002:0001bfe0       ?Init@Vector4s@@QAEXJJJ@Z  00495fe0 f i Camera.obj
 0002:0001c040       ?Set@CCameraAsphalt@Lib3D@@QAEXABVVector4s@@0ABVCMatrix44@2@@Z 00496040 f   Camera.obj
 0002:0001c140       ?isLeft@CConvexHull@@AAEHABVConvexHullAtom@@00@Z 00496140 f   ConvexHull.obj
 0002:0001c1c0       ??1CConvexHull@@QAE@XZ     004961c0 f   ConvexHull.obj
 0002:0001c250       ?TooClose@CConvexHull@@AAE_NABVVector4s@@0@Z 00496250 f   ConvexHull.obj
 0002:0001c3e0       ?Abs@Lib3D@@YAJJ@Z         004963e0 f i ConvexHull.obj
 0002:0001c440       ?isValid@CConvexHull@@AAE_NABVVector4s@@@Z 00496440 f   ConvexHull.obj
 0002:0001c570       ?CompareConvexHullAtom@@YAHPBX0@Z 00496570 f   ConvexHull.obj
 0002:0001c610       ?PrepareVertices@CConvexHull@@AAEXABVCGLMesh@Lib3D@@W4ProjectionPlane@1@HH@Z 00496610 f   ConvexHull.obj
 0002:0001cba0       ??0Vector2s@@QAE@JJ@Z      00496ba0 f i ConvexHull.obj
 0002:0001cbf0       ??0ConvexHullAtom@@QAE@XZ  00496bf0 f i ConvexHull.obj
 0002:0001cc50       ??0Vector2s@@QAE@XZ        00496c50 f i ConvexHull.obj
 0002:0001cc90       ??0ConvexHullAtom@@QAE@ABVVector2s@@H@Z 00496c90 f i ConvexHull.obj
 0002:0001ccf0       ??4ConvexHullAtom@@QAEAAV0@ABV0@@Z 00496cf0 f i ConvexHull.obj
 0002:0001cd60       ?NbVertex@CGLMesh@Lib3D@@QBEHXZ 00496d60 f i ConvexHull.obj
 0002:0001cda0       ?GetVertices@CGLMesh@Lib3D@@QBEPAMXZ 00496da0 f i ConvexHull.obj
 0002:0001cde0       ??0ConvexHullAtomAccessor@@QAE@PAVConvexHullAtom@@H@Z 00496de0 f i ConvexHull.obj
 0002:0001ce30       ??AConvexHullAtomAccessor@@QBEAAVConvexHullAtom@@H@Z 00496e30 f i ConvexHull.obj
 0002:0001cec0       ?Size@ConvexHullAtomAccessor@@QBEHXZ 00496ec0 f i ConvexHull.obj
 0002:0001cf00       ??_H@YGXPAXIHP6EPAX0@Z@Z   00496f00 f i ConvexHull.obj
 0002:0001cf70       ??0CConvexHull@@QAE@AAVCGLMesh@Lib3D@@W4ProjectionPlane@0@HH@Z 00496f70 f   ConvexHull.obj
 0002:0001d2b0       ?ComputeHull@CConvexHull@@AAEHXZ 004972b0 f   ConvexHull.obj
 0002:0001d950       ?ApplyContraints@CConvexHull@@QAEXAAVCGLMesh@Lib3D@@W4ProjectionPlane@1@HH@Z 00497950 f   ConvexHull.obj
 0002:0001dbf0       ??0IndexArray@@QAE@H@Z     00497bf0 f i ConvexHull.obj
 0002:0001dcc0       ??1IndexArray@@QAE@XZ      00497cc0 f i ConvexHull.obj
 0002:0001dd30       ??AIndexArray@@QAEAAHH@Z   00497d30 f i ConvexHull.obj
 0002:0001ddc0       ?TestConstraint@CConvexHull@@QAEHAAVCGLMesh@Lib3D@@W4ProjectionPlane@1@HH@Z 00497dc0 f   ConvexHull.obj
 0002:0001ded0       ??0TFace@Lib3D@@QAE@PAVTVertex@1@@Z 00497ed0 f   Face.obj
 0002:0001dfc0       ??0COTObject@Lib3D@@IAE@XZ 00497fc0 f i Face.obj
 0002:0001e010       ?GetGLTextureName@COTObject@Lib3D@@UAEIXZ 00498010 f i Face.obj
 0002:0001e050       ??_GCOTObject@Lib3D@@MAEPAXI@Z 00498050 f i Face.obj
 0002:0001e050       ??_ECOTObject@Lib3D@@MAEPAXI@Z 00498050 f i Face.obj
 0002:0001e0c0       ??1COTObject@Lib3D@@MAE@XZ 004980c0 f i Face.obj
 0002:0001e110       ??_GTFace@Lib3D@@UAEPAXI@Z 00498110 f i Face.obj
 0002:0001e180       ??1TFace@Lib3D@@UAE@XZ     00498180 f i Face.obj
 0002:0001e1d0       ??0TFace@Lib3D@@QAE@PBVTTexture@1@AAVTVertex@1@HH1HH1HHD@Z 004981d0 f   Face.obj
 0002:0001e2a0       ?AddToOGLRenderingPipeline@TFace@Lib3D@@UAEXAAHAAPAUtagOTGroupInfo@2@AAPAM2HAAPAGAAPAE@Z 004982a0 f   Face.obj
 0002:0001e9b0       ?VectorA@TFace@Lib3D@@QBEABVVector4s@@W4eVextexVxIndex@2@@Z 004989b0 f i Face.obj
 0002:0001ea00       ?VectorB@TFace@Lib3D@@QBEABVVector4s@@W4eVextexVxIndex@2@@Z 00498a00 f i Face.obj
 0002:0001ea50       ?VectorC@TFace@Lib3D@@QBEABVVector4s@@W4eVextexVxIndex@2@@Z 00498a50 f i Face.obj
 0002:0001eaa0       ?GetGLTextureName@TFace@Lib3D@@UAEIXZ 00498aa0 f   Face.obj
 0002:0001eb10       ?Draw@TFace@Lib3D@@UAEXAAVCLib3D@2@@Z 00498b10 f   Face.obj
 0002:0001eb50       ?CullingTest@TFace@Lib3D@@QBE_NXZ 00498b50 f   Face.obj
 0002:0001ec80       ?Dot@Vector4s@@SAHABV1@0@Z 00498c80 f i Face.obj
 0002:0001ecf0       ?Cross@Vector4s@@SA?AV1@ABV1@0@Z 00498cf0 f i Face.obj
 0002:0001edb0       ??0Vector4s@@QAE@HHH@Z     00498db0 f i Face.obj
 0002:0001ee10       ??G@YA?AVVector4s@@ABV0@0@Z 00498e10 f i Face.obj
 0002:0001ee90       ?VertexA@TFace@Lib3D@@QBEPBVTVertex@2@XZ 00498e90 f i Face.obj
 0002:0001eed0       ?VertexB@TFace@Lib3D@@QBEPBVTVertex@2@XZ 00498ed0 f i Face.obj
 0002:0001ef10       ?VertexC@TFace@Lib3D@@QBEPBVTVertex@2@XZ 00498f10 f i Face.obj
 0002:0001ef50       ?GetZForOrderingTable@TFace@Lib3D@@UBEHXZ 00498f50 f   Face.obj
 0002:0001f010       ?GetZForOrderingTable@TBillboard@Lib3D@@UBEHXZ 00499010 f   Face.obj
 0002:0001f070       ?AddToOGLRenderingPipeline@TBillboard@Lib3D@@UAEXAAHAAPAUtagOTGroupInfo@2@AAPAM2HAAPAGAAPAE@Z 00499070 f   Face.obj
 0002:0001f840       ?GetFlags@TTexture@Lib3D@@QAEHXZ 00499840 f i Face.obj
 0002:0001f880       ?Draw@TBillboard@Lib3D@@UAEXAAVCLib3D@2@@Z 00499880 f   Face.obj
 0002:0001f950       ?GetFoV@CLib3D@Lib3D@@QBEHXZ 00499950 f i Face.obj
 0002:0001f9b0       ?GetFoV@CRender@Lib3D@@QBEHXZ 004999b0 f i Face.obj
 0002:0001f9f0       ?FSqrt@Lib3D@@YAHH@Z       004999f0 f   FSqrt.obj
 0002:0001fb30       ?FSqrtI@Lib3D@@YAHH@Z      00499b30 f   FSqrt.obj
 0002:0001fd10       ?FSqrt4@Lib3D@@YAHH@Z      00499d10 f   FSqrt.obj
 0002:0001fdc0       ?FSqrt8@Lib3D@@YAHH@Z      00499dc0 f   FSqrt.obj
 0002:0001fe70       ?Atan2i@@YAHHH@Z           00499e70 f   IMath.obj
 0002:00020080       ?GetYOrient@Lib3D@@YAHABVVector4s@@0@Z 0049a080 f   IMath.obj
 0002:000200f0       ?GetXOrient@Lib3D@@YAHABVVector4s@@0@Z 0049a0f0 f   IMath.obj
 0002:000201c0       ?AngleDiff@Lib3D@@YAHHH@Z  0049a1c0 f   IMath.obj
 0002:00020220       ?Log2@Lib3D@@YAHH@Z        0049a220 f   IMath.obj
 0002:00020280       ?GetFovFromXAngle@Lib3D@@YAHH@Z 0049a280 f   IMath.obj
 0002:00020350       ?Sinus@Lib3D@@YAFH@Z       0049a350 f i IMath.obj
 0002:000203a0       ?Cosinus@Lib3D@@YAFH@Z     0049a3a0 f i IMath.obj
 0002:000203f0       ?GetFovFromYAngle@Lib3D@@YAHH@Z 0049a3f0 f   IMath.obj
 0002:000204c0       ?GetXAngleFromFov@Lib3D@@YAHH@Z 0049a4c0 f   IMath.obj
 0002:00020530       ?GetYAngleFromFov@Lib3D@@YAHH@Z 0049a530 f   IMath.obj
 0002:000205a0       ?PositiveQuadraticRoot12@Lib3D@@YAHHHH@Z 0049a5a0 f   IMath.obj
 0002:00020780       ?Max@Lib3D@@YAHHH@Z        0049a780 f i IMath.obj
 0002:000207e0       ?Quotient12@Lib3D@@YAHHH@Z 0049a7e0 f i IMath.obj
 0002:00020860       ?Product12@Lib3D@@YAHHH@Z  0049a860 f i IMath.obj
 0002:00020900       ?_Check_Int_Limit@@YAXN@Z  0049a900 f   IMath.obj
 0002:000209a0       ?_Check_Short_Limit@@YAXN@Z 0049a9a0 f   IMath.obj
 0002:00020a40       ?_Check_Precision@@YAXNHN@Z 0049aa40 f   IMath.obj
 0002:00020b10       ?CreateFace@@YAXAAVFile@@AAVTFace@Lib3D@@PAVTVertex@3@PBVTTexture@3@@Z 0049ab10 f   Keyframed.obj
 0002:00020c50       ?ReadInt@File@@QAEJXZ      0049ac50 f i Keyframed.obj
 0002:00020ce0       ?ShiftUV@@YAXAAVTFace@Lib3D@@H@Z 0049ace0 f   Keyframed.obj
 0002:00020d90       ??_ETFace@Lib3D@@UAEPAXI@Z 0049ad90 f i Keyframed.obj
 0002:00020e50       ??0TKeyFramed@@QAE@H@Z     0049ae50 f   Keyframed.obj
 0002:00020eb0       ??1TKeyFramed@@QAE@XZ      0049aeb0 f   Keyframed.obj
 0002:00020f90       ?Load@TKeyFramed@@AAEXPBD00H@Z 0049af90 f   Keyframed.obj
 0002:000210b0       ??0SubMesh@TKeyFramed@@QAE@PBD00H@Z 0049b0b0 f i Keyframed.obj
 0002:00021770       ??0File@@QAE@PBD@Z         0049b770 f i Keyframed.obj
 0002:000217e0       ??1File@@QAE@XZ            0049b7e0 f i Keyframed.obj
 0002:00021840       ?Close@File@@QAEXXZ        0049b840 f i Keyframed.obj
 0002:000218b0       ??0TFace@Lib3D@@QAE@XZ     0049b8b0 f i Keyframed.obj
 0002:00021940       ?SetUV@SubMesh@TKeyFramed@@QAEXPBVTTexture@Lib3D@@@Z 0049b940 f i Keyframed.obj
 0002:00021a70       ?Draw@SubMesh@TKeyFramed@@UAEXAAVCLib3D@Lib3D@@H@Z 0049ba70 f i Keyframed.obj
 0002:00021bc0       ?PushMatrix@CLib3D@Lib3D@@QAEAAVCMatrix44@2@XZ 0049bbc0 f i Keyframed.obj
 0002:00021c20       ?MatrixStack@CRender@Lib3D@@QAEAAVCMatrixStack@2@XZ 0049bc20 f i Keyframed.obj
 0002:00021c60       ?PopMatrix@CLib3D@Lib3D@@QAEXXZ 0049bc60 f i Keyframed.obj
 0002:00021cc0       ?DrawMeshOTFace@CLib3D@Lib3D@@QAEXAAVCMesh@2@H@Z 0049bcc0 f i Keyframed.obj
 0002:00021d30       ?SetPosition@SubMesh@TKeyFramed@@UAEXAAVCMatrix44@Lib3D@@@Z 0049bd30 f i Keyframed.obj
 0002:00021dc0       ?Translate@CMatrix44@Lib3D@@QAEXABVVector4s@@@Z 0049bdc0 f i Keyframed.obj
 0002:00021e30       ?SetRotation@SubMesh@TKeyFramed@@UAEXAAVCMatrix44@Lib3D@@@Z 0049be30 f i Keyframed.obj
 0002:00021ee0       ??_ESubMesh@TKeyFramed@@UAEPAXI@Z 0049bee0 f i Keyframed.obj
 0002:00021ee0       ??_GSubMesh@TKeyFramed@@UAEPAXI@Z 0049bee0 f i Keyframed.obj
 0002:00021f50       ??1SubMesh@TKeyFramed@@UAE@XZ 0049bf50 f i Keyframed.obj
 0002:00022070       ??0TVertex@Lib3D@@QAE@XZ   0049c070 f i Keyframed.obj
 0002:000220e0       ??_GTTexture@Lib3D@@QAEPAXI@Z 0049c0e0 f i Keyframed.obj
 0002:00022150       ?Draw@TKeyFramed@@QAEXAAVCLib3D@Lib3D@@H@Z 0049c150 f   Keyframed.obj
 0002:00022200       ??0?$vector@VVector4s@@V?$allocator@VVector4s@@@std@@@std@@QAE@XZ 0049c200 f i Keyframed.obj
 0002:000222c0       ??1?$vector@VVector4s@@V?$allocator@VVector4s@@@std@@@std@@QAE@XZ 0049c2c0 f i Keyframed.obj
 0002:00022360       ?resize@?$vector@VVector4s@@V?$allocator@VVector4s@@@std@@@std@@QAEXI@Z 0049c360 f i Keyframed.obj
 0002:000223d0       ?size@?$vector@VVector4s@@V?$allocator@VVector4s@@@std@@@std@@QBEIXZ 0049c3d0 f i Keyframed.obj
 0002:00022420       ??A?$vector@VVector4s@@V?$allocator@VVector4s@@@std@@@std@@QAEAAVVector4s@@I@Z 0049c420 f i Keyframed.obj
 0002:00022560       ??1?$_Vector_val@VVector4s@@V?$allocator@VVector4s@@@std@@@std@@QAE@XZ 0049c560 f i Keyframed.obj
 0002:000225b0       ?resize@?$vector@VVector4s@@V?$allocator@VVector4s@@@std@@@std@@QAEXIVVector4s@@@Z 0049c5b0 f i Keyframed.obj
 0002:00022850       ?_Buy@?$vector@VVector4s@@V?$allocator@VVector4s@@@std@@@std@@IAE_NI@Z 0049c850 f i Keyframed.obj
 0002:00022930       ?_Tidy@?$vector@VVector4s@@V?$allocator@VVector4s@@@std@@@std@@IAEXXZ 0049c930 f i Keyframed.obj
 0002:00022a00       ??0?$_Vector_val@VVector4s@@V?$allocator@VVector4s@@@std@@@std@@IAE@V?$allocator@VVector4s@@@1@@Z 0049ca00 f i Keyframed.obj
 0002:00022a80       ??1?$_Container_base_aux_alloc_empty@V?$allocator@VVector4s@@@std@@@std@@IAE@XZ 0049ca80 f i Keyframed.obj
 0002:00022ad0       ??0?$allocator@VVector4s@@@std@@QAE@XZ 0049cad0 f i Keyframed.obj
 0002:00022b10       ??1?$_Vector_iterator@VVector4s@@V?$allocator@VVector4s@@@std@@@std@@QAE@XZ 0049cb10 f i Keyframed.obj
 0002:00022b60       ??0?$_Vector_const_iterator@VVector4s@@V?$allocator@VVector4s@@@std@@@std@@QAE@ABV01@@Z 0049cb60 f i Keyframed.obj
 0002:00022bd0       ??1?$_Vector_const_iterator@VVector4s@@V?$allocator@VVector4s@@@std@@@std@@QAE@XZ 0049cbd0 f i Keyframed.obj
 0002:00022c20       ??0?$_Ranit@VVector4s@@HPBV1@ABV1@@std@@QAE@ABU01@@Z 0049cc20 f i Keyframed.obj
 0002:00022c80       ??1?$_Ranit@VVector4s@@HPBV1@ABV1@@std@@QAE@XZ 0049cc80 f i Keyframed.obj
 0002:00022cd0       ??0?$_Iterator_with_base@Urandom_access_iterator_tag@std@@VVector4s@@HPBV3@ABV3@V_Iterator_base@2@@std@@QAE@ABU01@@Z 0049ccd0 f i Keyframed.obj
 0002:00022d30       ??0_Iterator_base@std@@QAE@ABV01@@Z 0049cd30 f i Keyframed.obj
 0002:00022db0       ??4_Iterator_base@std@@QAEAAV01@ABV01@@Z 0049cdb0 f i Keyframed.obj
 0002:00022ec0       ??1?$_Iterator_with_base@Urandom_access_iterator_tag@std@@VVector4s@@HPBV3@ABV3@V_Iterator_base@2@@std@@QAE@XZ 0049cec0 f i Keyframed.obj
 0002:00022f10       ?begin@?$vector@VVector4s@@V?$allocator@VVector4s@@@std@@@std@@QAE?AV?$_Vector_iterator@VVector4s@@V?$allocator@VVector4s@@@std@@@2@XZ 0049cf10 f i Keyframed.obj
 0002:00022fa0       ?end@?$vector@VVector4s@@V?$allocator@VVector4s@@@std@@@std@@QAE?AV?$_Vector_iterator@VVector4s@@V?$allocator@VVector4s@@@std@@@2@XZ 0049cfa0 f i Keyframed.obj
 0002:00023030       ?max_size@?$vector@VVector4s@@V?$allocator@VVector4s@@@std@@@std@@QBEIXZ 0049d030 f i Keyframed.obj
 0002:00023090       ?erase@?$vector@VVector4s@@V?$allocator@VVector4s@@@std@@@std@@QAE?AV?$_Vector_iterator@VVector4s@@V?$allocator@VVector4s@@@std@@@2@V?$_Vector_const_iterator@VVector4s@@V?$allocator@VVector4s@@@std@@@2@0@Z 0049d090 f i Keyframed.obj
 0002:00023320       ?_Destroy@?$vector@VVector4s@@V?$allocator@VVector4s@@@std@@@std@@IAEXPAVVector4s@@0@Z 0049d320 f i Keyframed.obj
 0002:00023390       ?_Insert_n@?$vector@VVector4s@@V?$allocator@VVector4s@@@std@@@std@@IAEXV?$_Vector_const_iterator@VVector4s@@V?$allocator@VVector4s@@@std@@@2@IABVVector4s@@@Z 0049d390 f i Keyframed.obj
 0002:00023960       ??0Vector4s@@QAE@ABV0@@Z   0049d960 f i Keyframed.obj
 0002:000239d0       ?_Xlen@?$vector@VVector4s@@V?$allocator@VVector4s@@@std@@@std@@KAXXZ 0049d9d0 f i Keyframed.obj
 0002:00023ab0       ??0length_error@std@@QAE@ABV?$basic_string@DU?$char_traits@D@std@@V?$allocator@D@2@@1@@Z 0049dab0 f i Keyframed.obj
 0002:00023b20       ??0logic_error@std@@QAE@ABV?$basic_string@DU?$char_traits@D@std@@V?$allocator@D@2@@1@@Z 0049db20 f i Keyframed.obj
 0002:00023be0       ?what@logic_error@std@@UBEPBDXZ 0049dbe0 f i Keyframed.obj
 0002:00023c40       ??_Glogic_error@std@@UAEPAXI@Z 0049dc40 f i Keyframed.obj
 0002:00023c40       ??_Elogic_error@std@@UAEPAXI@Z 0049dc40 f i Keyframed.obj
 0002:00023cb0       ??1logic_error@std@@UAE@XZ 0049dcb0 f i Keyframed.obj
 0002:00023d20       ??1length_error@std@@UAE@XZ 0049dd20 f i Keyframed.obj
 0002:00023d80       ??_Elength_error@std@@UAEPAXI@Z 0049dd80 f i Keyframed.obj
 0002:00023d80       ??_Glength_error@std@@UAEPAXI@Z 0049dd80 f i Keyframed.obj
 0002:00023df0       ??0logic_error@std@@QAE@ABV01@@Z 0049ddf0 f i Keyframed.obj
 0002:00023ec0       ??0?$basic_string@DU?$char_traits@D@std@@V?$allocator@D@2@@std@@QAE@PBD@Z 0049dec0 f i Keyframed.obj
 0002:00023f90       ??0?$_Container_base_aux_alloc_empty@V?$allocator@VVector4s@@@std@@@std@@IAE@V?$allocator@VVector4s@@@1@@Z 0049df90 f i Keyframed.obj
 0002:00023ff0       ??0?$allocator@VVector4s@@@std@@QAE@ABV01@@Z 0049dff0 f i Keyframed.obj
 0002:00024030       ?deallocate@?$allocator@VVector4s@@@std@@QAEXPAVVector4s@@I@Z 0049e030 f i Keyframed.obj
 0002:00024090       ?allocate@?$allocator@VVector4s@@@std@@QAEPAVVector4s@@I@Z 0049e090 f i Keyframed.obj
 0002:000240f0       ??H?$_Vector_iterator@VVector4s@@V?$allocator@VVector4s@@@std@@@std@@QBE?AV01@H@Z 0049e0f0 f i Keyframed.obj
 0002:00024210       ??0length_error@std@@QAE@ABV01@@Z 0049e210 f i Keyframed.obj
 0002:00024280       ??0?$_Vector_iterator@VVector4s@@V?$allocator@VVector4s@@@std@@@std@@QAE@ABV01@@Z 0049e280 f i Keyframed.obj
 0002:000242e0       ?capacity@?$vector@VVector4s@@V?$allocator@VVector4s@@@std@@@std@@QBEIXZ 0049e2e0 f i Keyframed.obj
 0002:00024360       ?_Make_iter@?$vector@VVector4s@@V?$allocator@VVector4s@@@std@@@std@@QBE?AV?$_Vector_iterator@VVector4s@@V?$allocator@VVector4s@@@std@@@2@V?$_Vector_const_iterator@VVector4s@@V?$allocator@VVector4s@@@std@@@2@@Z 0049e360 f i Keyframed.obj
 0002:00024430       ?_Ufill@?$vector@VVector4s@@V?$allocator@VVector4s@@@std@@@std@@IAEPAVVector4s@@PAV3@IABV3@@Z 0049e430 f i Keyframed.obj
 0002:000244b0       ?_Orphan_range@?$vector@VVector4s@@V?$allocator@VVector4s@@@std@@@std@@IBEXPAVVector4s@@0@Z 0049e4b0 f i Keyframed.obj
 0002:000245b0       ?max_size@?$allocator@VVector4s@@@std@@QBEIXZ 0049e5b0 f i Keyframed.obj
 0002:00024620       ??0?$_Vector_iterator@VVector4s@@V?$allocator@VVector4s@@@std@@@std@@QAE@PAVVector4s@@PBV_Container_base_secure@1@@Z 0049e620 f i Keyframed.obj
 0002:00024680       ??Y?$_Vector_iterator@VVector4s@@V?$allocator@VVector4s@@@std@@@std@@QAEAAV01@H@Z 0049e680 f i Keyframed.obj
 0002:000246e0       ??9?$_Vector_const_iterator@VVector4s@@V?$allocator@VVector4s@@@std@@@std@@QBE_NABV01@@Z 0049e6e0 f i Keyframed.obj
 0002:00024750       ??M?$_Vector_const_iterator@VVector4s@@V?$allocator@VVector4s@@@std@@@std@@QBE_NABV01@@Z 0049e750 f i Keyframed.obj
 0002:000247c0       ??0?$_Vector_const_iterator@VVector4s@@V?$allocator@VVector4s@@@std@@@std@@QAE@PAVVector4s@@PBV_Container_base_secure@1@@Z 0049e7c0 f i Keyframed.obj
 0002:000248f0       ??Y?$_Vector_const_iterator@VVector4s@@V?$allocator@VVector4s@@@std@@@std@@QAEAAV01@H@Z 0049e8f0 f i Keyframed.obj
 0002:00024a60       ?_Getmycont@_Iterator_base@std@@QBEPBV_Container_base_secure@2@XZ 0049ea60 f i Keyframed.obj
 0002:00024aa0       ??8?$_Vector_const_iterator@VVector4s@@V?$allocator@VVector4s@@@std@@@std@@QBE_NABV01@@Z 0049eaa0 f i Keyframed.obj
 0002:00024b10       ?_Compat@?$_Vector_const_iterator@VVector4s@@V?$allocator@VVector4s@@@std@@@std@@QBEXABV12@@Z 0049eb10 f i Keyframed.obj
 0002:00024be0       ??0?$_Ranit@VVector4s@@HPBV1@ABV1@@std@@QAE@XZ 0049ebe0 f i Keyframed.obj
 0002:00024c40       ??0?$_Iterator_with_base@Urandom_access_iterator_tag@std@@VVector4s@@HPBV3@ABV3@V_Iterator_base@2@@std@@QAE@XZ 0049ec40 f i Keyframed.obj
 0002:00024ca0       ??$unchecked_copy@PAVVector4s@@PAV1@@stdext@@YAPAVVector4s@@PAV1@00@Z 0049eca0 f i Keyframed.obj
 0002:00024d70       ??$_Destroy_range@V?$allocator@VVector4s@@@std@@@std@@YAXPAVVector4s@@0AAV?$allocator@VVector4s@@@0@@Z 0049ed70 f i Keyframed.obj
 0002:00024df0       ??$_Umove@PAVVector4s@@@?$vector@VVector4s@@V?$allocator@VVector4s@@@std@@@std@@IAEPAVVector4s@@PAV2@00@Z 0049edf0 f i Keyframed.obj
 0002:00024e60       ??$fill@PAVVector4s@@V1@@std@@YAXPAVVector4s@@0ABV1@@Z 0049ee60 f i Keyframed.obj
 0002:00024ed0       ??$_Unchecked_move_backward@PAVVector4s@@PAV1@@stdext@@YAPAVVector4s@@PAV1@00@Z 0049eed0 f i Keyframed.obj
 0002:00024fa0       ??$_Allocate@VVector4s@@@std@@YAPAVVector4s@@IPAV1@@Z 0049efa0 f i Keyframed.obj
 0002:00025040       ??$unchecked_uninitialized_fill_n@PAVVector4s@@IV1@V?$allocator@VVector4s@@@std@@@stdext@@YAXPAVVector4s@@IABV1@AAV?$allocator@VVector4s@@@std@@@Z 0049f040 f i Keyframed.obj
 0002:000250e0       ??$_Checked_base@PAVVector4s@@@std@@YAPAVVector4s@@AAPAV1@@Z 0049f0e0 f i Keyframed.obj
 0002:00025170       ??$_Iter_random@PAVVector4s@@PAV1@@std@@YA?AUrandom_access_iterator_tag@0@ABQAVVector4s@@0@Z 0049f170 f i Keyframed.obj
 0002:000251e0       ??$_Ptr_cat@PAVVector4s@@PAV1@@std@@YA?AU_Nonscalar_ptr_iterator_tag@0@AAPAVVector4s@@0@Z 0049f1e0 f i Keyframed.obj
 0002:00025250       ??$_Copy_opt@PAVVector4s@@PAV1@@std@@YAPAVVector4s@@PAV1@00Urandom_access_iterator_tag@0@U_Nonscalar_ptr_iterator_tag@0@U_Range_checked_iterator_tag@0@@Z 0049f250 f i Keyframed.obj
 0002:00025310       ??$_Destroy_range@V?$allocator@VVector4s@@@std@@@std@@YAXPAVVector4s@@0AAV?$allocator@VVector4s@@@0@U_Nonscalar_ptr_iterator_tag@0@@Z 0049f310 f i Keyframed.obj
 0002:00025380       ??$_Unchecked_uninitialized_move@PAVVector4s@@PAV1@V?$allocator@VVector4s@@@std@@@stdext@@YAPAVVector4s@@PAV1@00AAV?$allocator@VVector4s@@@std@@@Z 0049f380 f i Keyframed.obj
 0002:00025430       ??$_Fill@PAVVector4s@@V1@@std@@YAXPAVVector4s@@0ABV1@@Z 0049f430 f i Keyframed.obj
 0002:000254d0       ??$_Move_cat@PAVVector4s@@@std@@YA?AU_Undefined_move_tag@0@ABQAVVector4s@@@Z 0049f4d0 f i Keyframed.obj
 0002:00025540       ??$_Move_backward_opt@PAVVector4s@@PAV1@Urandom_access_iterator_tag@std@@U_Undefined_move_tag@3@@std@@YAPAVVector4s@@PAV1@00Urandom_access_iterator_tag@0@U_Undefined_move_tag@0@U_Range_checked_iterator_tag@0@@Z 0049f540 f i Keyframed.obj
 0002:000255e0       ??$_Uninit_fill_n@PAVVector4s@@IV1@V?$allocator@VVector4s@@@std@@@std@@YAXPAVVector4s@@IABV1@AAV?$allocator@VVector4s@@@0@U_Nonscalar_ptr_iterator_tag@0@U_Range_checked_iterator_tag@0@@Z 0049f5e0 f i Keyframed.obj
 0002:000256f0       ?construct@?$allocator@VVector4s@@@std@@QAEXPAVVector4s@@ABV3@@Z 0049f6f0 f i Keyframed.obj
 0002:00025750       ?destroy@?$allocator@VVector4s@@@std@@QAEXPAVVector4s@@@Z 0049f750 f i Keyframed.obj
 0002:000257b0       ??$_Checked_base@PAVVector4s@@@std@@YAPAVVector4s@@AAPAV1@U_Unchanged_checked_iterator_base_type_tag@0@@Z 0049f7b0 f i Keyframed.obj
 0002:000257f0       ??$_Copy_opt@PAVVector4s@@PAV1@Uforward_iterator_tag@std@@@std@@YAPAVVector4s@@PAV1@00Uforward_iterator_tag@0@U_Nonscalar_ptr_iterator_tag@0@U_Range_checked_iterator_tag@0@@Z 0049f7f0 f i Keyframed.obj
 0002:000258a0       ??$_Uninit_move@PAVVector4s@@PAV1@V?$allocator@VVector4s@@@std@@U_Undefined_move_tag@3@@std@@YAPAVVector4s@@PAV1@00AAV?$allocator@VVector4s@@@0@U_Undefined_move_tag@0@U_Range_checked_iterator_tag@0@@Z 0049f8a0 f i Keyframed.obj
 0002:00025900       ??$_Debug_range@PAVVector4s@@@std@@YAXPAVVector4s@@0PB_WI@Z 0049f900 f i Keyframed.obj
 0002:00025980       ??$_Copy_backward_opt@PAVVector4s@@PAV1@@std@@YAPAVVector4s@@PAV1@00Urandom_access_iterator_tag@0@U_Nonscalar_ptr_iterator_tag@0@U_Range_checked_iterator_tag@0@@Z 0049f980 f i Keyframed.obj
 0002:00025a40       ??$_Construct@VVector4s@@V1@@std@@YAXPAVVector4s@@ABV1@@Z 0049fa40 f i Keyframed.obj
 0002:00025b30       ??2@YAPAXIPAX@Z            0049fb30 f i Keyframed.obj
 0002:00025b70       ??3@YAXPAX0@Z              0049fb70 f i Keyframed.obj
 0002:00025ba0       ??$_Destroy@VVector4s@@@std@@YAXPAVVector4s@@@Z 0049fba0 f i Keyframed.obj
 0002:00025bd0       ??$unchecked_uninitialized_copy@PAVVector4s@@PAV1@V?$allocator@VVector4s@@@std@@@stdext@@YAPAVVector4s@@PAV1@00AAV?$allocator@VVector4s@@@std@@@Z 0049fbd0 f i Keyframed.obj
 0002:00025c80       ??$_Iter_cat@PAVVector4s@@@std@@YA?AUrandom_access_iterator_tag@0@ABQAVVector4s@@@Z 0049fc80 f i Keyframed.obj
 0002:00025cf0       ??$_Debug_range2@PAVVector4s@@@std@@YAXPAVVector4s@@0PB_WIUrandom_access_iterator_tag@0@@Z 0049fcf0 f i Keyframed.obj
 0002:00025d90       ??$_Copy_backward_opt@PAVVector4s@@PAV1@Uforward_iterator_tag@std@@@std@@YAPAVVector4s@@PAV1@00Uforward_iterator_tag@0@U_Nonscalar_ptr_iterator_tag@0@U_Range_checked_iterator_tag@0@@Z 0049fd90 f i Keyframed.obj
 0002:00025e40       ??$_Uninit_copy@PAVVector4s@@PAV1@V?$allocator@VVector4s@@@std@@@std@@YAPAVVector4s@@PAV1@00AAV?$allocator@VVector4s@@@0@U_Nonscalar_ptr_iterator_tag@0@U_Range_checked_iterator_tag@0@@Z 0049fe40 f i Keyframed.obj
 0002:00025f90       ??$_Debug_pointer@VVector4s@@@std@@YAXPAVVector4s@@PB_WI@Z 0049ff90 f i Keyframed.obj
 0002:00025ff0       ??0CLib3D@Lib3D@@QAE@XZ    0049fff0 f   Lib3d.obj
 0002:00026470       ??1CLib3D@Lib3D@@QAE@XZ    004a0470 f   Lib3d.obj
 0002:000266a0       ??_GCBoard3D@Lib3D@@QAEPAXI@Z 004a06a0 f i Lib3d.obj
 0002:00026710       ??_GCRender@Lib3D@@QAEPAXI@Z 004a0710 f i Lib3d.obj
 0002:00026780       ?Init@CLib3D@Lib3D@@QAEXXZ 004a0780 f   Lib3d.obj
 0002:00026840       ?Draw@CLib3D@Lib3D@@QAEXPAURoadStruct@@HHHPAVTTexture@2@PAUsAtlasTextureTile@42@_N@Z 004a0840 f   Lib3d.obj
 0002:000268c0       ?Draw@CLib3D@Lib3D@@QAEXAAVCSkyBox@2@AAVSunFX@@_N@Z 004a08c0 f   Lib3d.obj
 0002:00026a20       ?GetRotation@CCameraAsphalt@Lib3D@@QBEABVVector4s@@XZ 004a0a20 f i Lib3d.obj
 0002:00026a60       ?Draw@CLib3D@Lib3D@@QAEXABVVector4s@@0H@Z 004a0a60 f   Lib3d.obj
 0002:00026af0       ?SetWireFrame@CBoard3D@Lib3D@@QAEXH@Z 004a0af0 f i Lib3d.obj
 0002:00026b40       ?ClearWireFrame@CBoard3D@Lib3D@@QAEXXZ 004a0b40 f i Lib3d.obj
 0002:00026b90       ?SetFov@CLib3D@Lib3D@@QAEXH@Z 004a0b90 f   Lib3d.obj
 0002:00026bf0       ?GetVisionAngle@CLib3D@Lib3D@@QBEXAAH0@Z 004a0bf0 f   Lib3d.obj
 0002:00026cc0       ?GetCameraPosition@CLib3D@Lib3D@@QBEABVVector4s@@XZ 004a0cc0 f   Lib3d.obj
 0002:00026d20       ?GetPosition@CCameraAsphalt@Lib3D@@QBEABVVector4s@@XZ 004a0d20 f i Lib3d.obj
 0002:00026d60       ?GetCameraRotation@CLib3D@Lib3D@@QBEABVVector4s@@XZ 004a0d60 f   Lib3d.obj
 0002:00026dc0       ?GetCameraMatrix@CLib3D@Lib3D@@QAEPBVCMatrix44@2@XZ 004a0dc0 f   Lib3d.obj
 0002:00026e20       ?GetMatrix@CCameraAsphalt@Lib3D@@QBEABVCMatrix44@2@XZ 004a0e20 f i Lib3d.obj
 0002:00026e60       ?BeginRendering@CLib3D@Lib3D@@QAEXABVVector4s@@0ABVCMatrix44@2@@Z 004a0e60 f   Lib3d.obj
 0002:00026f80       ?SetFrameEven@CBoard3D@Lib3D@@QAEX_N@Z 004a0f80 f i Lib3d.obj
 0002:00026fd0       ?EndRendering@CLib3D@Lib3D@@QAEXXZ 004a0fd0 f   Lib3d.obj
 0002:00027160       ?DrawBillboard@CLib3D@Lib3D@@QAEXABVVector4s@@_NABVTTexture@2@HH@Z 004a1160 f   Lib3d.obj
 0002:00027310       ?TransformVectorz@CMatrix44@Lib3D@@QBEXPBVVector4s@@PAV3@@Z 004a1310 f i Lib3d.obj
 0002:00027370       ?TransformVectorz@CMatrix44@Lib3D@@QBEHPBVVector4s@@@Z 004a1370 f i Lib3d.obj
 0002:00027440       ?INDEX@CMatrix44@Lib3D@@CAHHH@Z 004a1440 f i Lib3d.obj
 0002:00027480       ?TransformVectorxy@CMatrix44@Lib3D@@QBEXPBVVector4s@@PAV3@@Z 004a1480 f i Lib3d.obj
 0002:00027500       ?TransformVectorx@CMatrix44@Lib3D@@QBEHPBVVector4s@@@Z 004a1500 f i Lib3d.obj
 0002:000275d0       ?TransformVectory@CMatrix44@Lib3D@@QBEHPBVVector4s@@@Z 004a15d0 f i Lib3d.obj
 0002:000276a0       ?CurrentMatrix@CLib3D@Lib3D@@QBEABVCMatrix44@2@XZ 004a16a0 f i Lib3d.obj
 0002:00027700       ?CurrentMatrix@CMatrixStack@Lib3D@@QBEABVCMatrix44@2@XZ 004a1700 f i Lib3d.obj
 0002:00027740       ?DrawLine@CLib3D@Lib3D@@QAEXABVVector4s@@0HH_N@Z 004a1740 f   Lib3d.obj
 0002:000277d0       ?DefProjection@CLib3D@Lib3D@@QBEXPBVVector4s@@PAV3@@Z 004a17d0 f   Lib3d.obj
 0002:00027840       ?DefProjection@CBoard3D@Lib3D@@QAEXPBVVector4s@@PAV3@H@Z 004a1840 f i Lib3d.obj
 0002:00027950       ?DefProjectionNear@CBoard3D@Lib3D@@AAEXPBVVector4s@@PAV3@HH@Z 004a1950 f i Lib3d.obj
 0002:00027a90       ?DefProjectionFar@CBoard3D@Lib3D@@AAEXPBVVector4s@@PAV3@H@Z 004a1a90 f i Lib3d.obj
 0002:00027ba0       ?AllocateFaces@CLib3D@Lib3D@@QAEPAVTFace@2@H@Z 004a1ba0 f   Lib3d.obj
 0002:00027c40       ?AllocateVertex@CLib3D@Lib3D@@QAEPAVTVertex@2@H@Z 004a1c40 f   Lib3d.obj
 0002:00027ce0       ?MemAllocInit@@YAXXZ       004a1ce0 f   Malloc.obj
 0002:00027d50       ?Malloc@@YAPAXH@Z          004a1d50 f   Malloc.obj
 0002:00027eb0       ?Realloc@@YAPAXPAXH@Z      004a1eb0 f   Malloc.obj
 0002:00028090       ?Free@@YAXPAX@Z            004a2090 f   Malloc.obj
 0002:000281b0       ?TagCurrentAlloc@@YAXXZ    004a21b0 f   Malloc.obj
 0002:00028250       ?CheckAllocTag@@YAXXZ      004a2250 f   Malloc.obj
 0002:00028350       ?GetMatrixFloat@CMatrix44@Lib3D@@QBEXPAM@Z 004a2350 f   Matrix.obj
 0002:00028570       ?Load@CMatrix44@Lib3D@@QAEXPBV12@@Z 004a2570 f   Matrix.obj
 0002:00028660       ?LoadIdentity@CMatrix44@Lib3D@@QAEXXZ 004a2660 f   Matrix.obj
 0002:000287f0       ?Mult@CMatrix44@Lib3D@@QAEXPBV12@@Z 004a27f0 f   Matrix.obj
 0002:00028ec0       ?MultFlipX@CMatrix44@Lib3D@@QAEXPBV12@@Z 004a2ec0 f   Matrix.obj
 0002:000295b0       ?GetProduct@CMatrix44@Lib3D@@QAEXPBV12@0@Z 004a35b0 f   Matrix.obj
 0002:00029e90       ?InvRotateVector@CMatrix44@Lib3D@@QAEXPBVVector4s@@PAV3@@Z 004a3e90 f   Matrix.obj
 0002:0002a020       ?DefScale@CMatrix44@Lib3D@@QAEXH@Z 004a4020 f   Matrix.obj
 0002:0002a0c0       ?Scale@CMatrix44@Lib3D@@QAEXH@Z 004a40c0 f   Matrix.obj
 0002:0002a160       ?DefTranslate@CMatrix44@Lib3D@@QAEXJJJ@Z 004a4160 f   Matrix.obj
 0002:0002a200       ?Translate@CMatrix44@Lib3D@@QAEXJJJ@Z 004a4200 f   Matrix.obj
 0002:0002a540       ?DefRotateX@CMatrix44@Lib3D@@QAEXH@Z 004a4540 f   Matrix.obj
 0002:0002a700       ?DefRotateY@CMatrix44@Lib3D@@QAEXH@Z 004a4700 f   Matrix.obj
 0002:0002a8c0       ?DefRotateZ@CMatrix44@Lib3D@@QAEXH@Z 004a48c0 f   Matrix.obj
 0002:0002aa80       ?Component@@YAHHHHHH@Z     004a4a80 f   Matrix.obj
 0002:0002aaf0       ?RotateX@CMatrix44@Lib3D@@QAEXH@Z 004a4af0 f   Matrix.obj
 0002:0002abe0       ?RotateY@CMatrix44@Lib3D@@QAEXH@Z 004a4be0 f   Matrix.obj
 0002:0002acd0       ?RotateZ@CMatrix44@Lib3D@@QAEXH@Z 004a4cd0 f   Matrix.obj
 0002:0002adc0       ?ScaleX@CMatrix44@Lib3D@@QAEXH@Z 004a4dc0 f   Matrix.obj
 0002:0002ae80       ?ScaleY@CMatrix44@Lib3D@@QAEXH@Z 004a4e80 f   Matrix.obj
 0002:0002af40       ?ScaleZ@CMatrix44@Lib3D@@QAEXH@Z 004a4f40 f   Matrix.obj
 0002:0002b000       ?Transpose@CMatrix44@Lib3D@@QAEXXZ 004a5000 f   Matrix.obj
 0002:0002b170       ?ProjectToXZ@CMatrix44@Lib3D@@QAEXXZ 004a5170 f   Matrix.obj
 0002:0002b210       ?ProjectToXZAvoidZeroScale@CMatrix44@Lib3D@@QAEXXZ 004a5210 f   Matrix.obj
 0002:0002b2d0       ??8CMatrix44@Lib3D@@QBE_NABV01@@Z 004a52d0 f   Matrix.obj
 0002:0002b350       ??0CMatrixStack@Lib3D@@QAE@H@Z 004a5350 f   Matrix.obj
 0002:0002b400       ??1CMatrixStack@Lib3D@@QAE@XZ 004a5400 f   Matrix.obj
 0002:0002b4a0       ?PushMatrix@CMatrixStack@Lib3D@@QAEAAVCMatrix44@2@XZ 004a54a0 f   Matrix.obj
 0002:0002b560       ?PopMatrix@CMatrixStack@Lib3D@@QAEXXZ 004a5560 f   Matrix.obj
 0002:0002b600       ?ResetStack@CMatrixStack@Lib3D@@QAEAAVCMatrix44@2@XZ 004a5600 f   Matrix.obj
 0002:0002b6a0       ??0CMesh@Lib3D@@QAE@PBDHPAVTVertex@1@HPAVTFace@1@HHH_N@Z 004a56a0 f   Mesh.obj
 0002:0002b780       ??_ECMesh@Lib3D@@UAEPAXI@Z 004a5780 f i Mesh.obj
 0002:0002b780       ??_GCMesh@Lib3D@@UAEPAXI@Z 004a5780 f i Mesh.obj
 0002:0002b7f0       ??1CMesh@Lib3D@@UAE@XZ     004a57f0 f   Mesh.obj
 0002:0002b950       ?ClearFaces@CMesh@Lib3D@@QAEXXZ 004a5950 f   Mesh.obj
 0002:0002ba70       ?GetLimits@CMesh@Lib3D@@QBEXPAVVector4s@@0@Z 004a5a70 f   Mesh.obj
 0002:0002bb60       ?Init@Vector4s@@QAEXPBV1@@Z 004a5b60 f i Mesh.obj
 0002:0002bbd0       ?NbVertex@CMesh@Lib3D@@QBEHXZ 004a5bd0 f i Mesh.obj
 0002:0002bc10       ?AnimationAlloc@CMesh@Lib3D@@QAEXH@Z 004a5c10 f   Mesh.obj
 0002:0002bd90       ?AnimationLoad@CMesh@Lib3D@@QAEXHPAVVector4s@@@Z 004a5d90 f   Mesh.obj
 0002:0002be40       ?AnimationPlay@CMesh@Lib3D@@QAEXHHH@Z 004a5e40 f   Mesh.obj
 0002:0002c1e0       ?AnimationPlay3@CMesh@Lib3D@@QAEXHHHHHH@Z 004a61e0 f   Mesh.obj
 0002:0002c420       ??H@YA?AVVector4s@@ABV0@0@Z 004a6420 f i Mesh.obj
 0002:0002c4a0       ??D@YA?AVVector4s@@HABV0@@Z 004a64a0 f i Mesh.obj
 0002:0002c520       ??5@YA?AVVector4s@@ABV0@H@Z 004a6520 f i Mesh.obj
 0002:0002c5a0       ??0CGLMesh@Lib3D@@QAE@HHPAHPAM11PAPAGPAPBVTTexture@1@HHHH@Z 004a65a0 f   Mesh.obj
 0002:0002c830       ??_GCGLMesh@Lib3D@@UAEPAXI@Z 004a6830 f i Mesh.obj
 0002:0002c830       ??_ECGLMesh@Lib3D@@UAEPAXI@Z 004a6830 f i Mesh.obj
 0002:0002c8a0       ??1CGLMesh@Lib3D@@UAE@XZ   004a68a0 f   Mesh.obj
 0002:0002cbc0       ?SetGlobalColor@CGLMesh@Lib3D@@QAEXH@Z 004a6bc0 f   Mesh.obj
 0002:0002cc50       ?ComputeSphereTexCoord@CGLMesh@Lib3D@@QAEXHABVCMatrix44@2@@Z 004a6c50 f   Mesh.obj
 0002:0002d1b0       ?Sub@Vector4s@@QAEXPBV1@@Z 004a71b0 f i Mesh.obj
 0002:0002d230       ?Length2@Vector4s@@QBEHXZ  004a7230 f i Mesh.obj
 0002:0002d2a0       ?TransformVector@CMatrix44@Lib3D@@QBEXPBVVector4s@@PAV3@@Z 004a72a0 f i Mesh.obj
 0002:0002d490       ?RotateVector@CMatrix44@Lib3D@@QBEXPBVVector4s@@PAV3@@Z 004a7490 f i Mesh.obj
 0002:0002d620       ?atan2@@YAMMM@Z            004a7620 f i Mesh.obj
 0002:0002d680       _atan2f                    004a7680 f i Mesh.obj
 0002:0002d6f0       ?cos@@YAMM@Z               004a76f0 f i Mesh.obj
 0002:0002d750       _cosf                      004a7750 f i Mesh.obj
 0002:0002d7c0       ?sin@@YAMM@Z               004a77c0 f i Mesh.obj
 0002:0002d820       _sinf                      004a7820 f i Mesh.obj
 0002:0002d890       ?Draw@CGLMesh@Lib3D@@QAEXABVCMatrix44@2@@Z 004a7890 f   Mesh.obj
 0002:0002deb0       ?DrawEnvMap@CGLMesh@Lib3D@@QAEXABVCMatrix44@2@@Z 004a7eb0 f   Mesh.obj
 0002:0002ebd0       ?GetVector@CGLMesh@Lib3D@@QAE?AVVector4s@@H@Z 004a8bd0 f   Mesh.obj
 0002:0002ed00       ?DrawAsShadow@CGLMesh@Lib3D@@QAEXEEEEPBVCMatrix44@2@@Z 004a8d00 f   Mesh.obj
 0002:0002f4c0       ?AnimationAlloc@CGLMesh@Lib3D@@QAEXH@Z 004a94c0 f   Mesh.obj
 0002:0002f590       ?AnimationLoad@CGLMesh@Lib3D@@QAEXHPAM@Z 004a9590 f   Mesh.obj
 0002:0002f650       ?AnimationPlay@CGLMesh@Lib3D@@QAEXHHH@Z 004a9650 f   Mesh.obj
 0002:0002f950       ?AnimationPlay3@CGLMesh@Lib3D@@QAEXHHHHHH@Z 004a9950 f   Mesh.obj
 0002:0002fb40       ??0CBasicMesh@Lib3D@@QAE@PBD0H@Z 004a9b40 f   Mesh.obj
 0002:000300f0       ??_GCBasicMesh@Lib3D@@UAEPAXI@Z 004aa0f0 f i Mesh.obj
 0002:000300f0       ??_ECBasicMesh@Lib3D@@UAEPAXI@Z 004aa0f0 f i Mesh.obj
 0002:00030160       ??0CBasicMesh@Lib3D@@QAE@PBDPAPBDHH@Z 004aa160 f   Mesh.obj
 0002:000306b0       ??1CBasicMesh@Lib3D@@UAE@XZ 004aa6b0 f   Mesh.obj
 0002:000307f0       ?SetUV@CBasicMesh@Lib3D@@QAEXH@Z 004aa7f0 f   Mesh.obj
 0002:00030880       ?Draw@CBasicMesh@Lib3D@@QAEXAAVCLib3D@2@@Z 004aa880 f   Mesh.obj
 0002:000308e0       ?ShiftUV@CBasicMesh@Lib3D@@AAEXAAVTFace@2@@Z 004aa8e0 f   Mesh.obj
 0002:000309f0       ?CreateFace@CBasicMesh@Lib3D@@AAEXPAVA_IFile@@AAVTFace@2@PAVTVertex@2@@Z 004aa9f0 f   Mesh.obj
 0002:00030b70       ?ComputeBB@CBasicMesh@Lib3D@@QAEXAAVVector4s@@0@Z 004aab70 f   Mesh.obj
 0002:00030d00       ?DrawScanLineZCorrected@Lib3D@@YAXAAVCBoard3D@1@HABULineParamZ@1@H@Z 004aad00 f   rasterize.obj
 0002:00031450       ?LineEnd@@YAPAGHPAGPAVCHighGear@@@Z 004ab450 f i rasterize.obj
 0002:000314c0       ?WritePixel@@YAXGPAG@Z     004ab4c0 f i rasterize.obj
 0002:00031520       ?DrawScanLineZCorrectedCar@Lib3D@@YAXAAVCBoard3D@1@HABULineParamZ@1@H@Z 004ab520 f   rasterize.obj
 0002:00031550       ?DrawScanLine@Lib3D@@YAXAAVCBoard3D@1@HABULineParamNoZ@1@H@Z 004ab550 f   rasterize.obj
 0002:00031c40       ?DrawScanLineFlat@Lib3D@@YAXAAVCBoard3D@1@HABULineParamNoZ@1@H@Z 004abc40 f   rasterize.obj
 0002:00031db0       ?DrawScanLineFlatTrans@Lib3D@@YAXAAVCBoard3D@1@HABULineParamNoZ@1@H@Z 004abdb0 f   rasterize.obj
 0002:00032000       ?DrawScanLineFlatTransNeon@Lib3D@@YAXAAVCBoard3D@1@HABULineParamNoZ@1@H@Z 004ac000 f   rasterize.obj
 0002:000322e0       ?DrawScanLineAdditive@Lib3D@@YAXAAVCBoard3D@1@HABULineParamNoZ@1@H@Z 004ac2e0 f   rasterize.obj
 0002:00032550       ?DrawScanLineAdditiveAlpha@Lib3D@@YAXAAVCBoard3D@1@HABULineParamNoZ@1@H@Z 004ac550 f   rasterize.obj
 0002:00032810       ?DrawScanLineAlphaMask@Lib3D@@YAXAAVCBoard3D@1@HABULineParamNoZ@1@H@Z 004ac810 f   rasterize.obj
 0002:00032ac0       ?DrawScanLineShadow@Lib3D@@YAXAAVCBoard3D@1@HABULineParamNoZUV@1@H@Z 004acac0 f   rasterize.obj
 0002:00032ca0       ?GetLib3D@CHighGear@@QAEAAVCLib3D@Lib3D@@XZ 004acca0 f i rasterize.obj
 0002:00032ce0       ?DrawScanLineSubstractive@Lib3D@@YAXAAVCBoard3D@1@HABULineParamNoZ@1@H@Z 004acce0 f   rasterize.obj
 0002:000330a0       ?GetDestPtr@CLib2D@@QBEPAGXZ 004ad0a0 f i rasterize.obj
 0002:000330e0       ?GetLib2D@CHighGear@@QAEAAVCLib2D@@XZ 004ad0e0 f i rasterize.obj
 0002:00033160       ??$ApproximateColorAdd@II@CLib2D@@SAHII@Z 004ad160 f i rasterize.obj
 0002:000331d0       ??$ApproximateColorAdd@IG@CLib2D@@SAHIG@Z 004ad1d0 f i rasterize.obj
 0002:00033240       ??$ApproximateColorAdd@HH@CLib2D@@SAHHH@Z 004ad240 f i rasterize.obj
 0002:000332b0       ??$ApproximateColorMix50_50@GH@CLib2D@@SAHGH@Z 004ad2b0 f i rasterize.obj
 0002:00033300       ??$ApproximateColorMix2Pixel50_50@K@CLib2D@@SAKKK@Z 004ad300 f i rasterize.obj
 0002:00033350       ??$FastColorAdd@GG@CLib2D@@SAHGG@Z 004ad350 f i rasterize.obj
 0002:00033410       ??$MixBlack16@GH@CLib2D@@SAHGH@Z 004ad410 f i rasterize.obj
 0002:00033490       ?InitVtxStorageArrays@CRender@Lib3D@@SAXXZ 004ad490 f   Render.obj
 0002:000335e0       ?RenderOpaqueFenceQuads@CRender@Lib3D@@QAEXXZ 004ad5e0 f   Render.obj
 0002:000338d0       ??0CRender@Lib3D@@QAE@H@Z  004ad8d0 f   Render.obj
 0002:00033ce0       ??_ETBillboard@Lib3D@@UAEPAXI@Z 004adce0 f i Render.obj
 0002:00033da0       ??0TBillboard@Lib3D@@QAE@XZ 004adda0 f i Render.obj
 0002:00033e60       ??1TBillboard@Lib3D@@UAE@XZ 004ade60 f i Render.obj
 0002:00033eb0       ??1CRender@Lib3D@@QAE@XZ   004adeb0 f   Render.obj
 0002:000341b0       ?SetFoV@CRender@Lib3D@@QAEXH@Z 004ae1b0 f   Render.obj
 0002:00034500       ?Init@Vector3i@@QAEXHHH@Z  004ae500 f i Render.obj
 0002:00034560       ?sqrt@@YAMM@Z              004ae560 f i Render.obj
 0002:000345c0       _sqrtf                     004ae5c0 f i Render.obj
 0002:00034630       ?FaceSubdivide@CRender@Lib3D@@QAEXPAVTFace@2@ABVCBoard3D@2@@Z 004ae630 f   Render.obj
 0002:00034d70       ?ScrVectorA@TFace@Lib3D@@QAEAAVVector4s@@XZ 004aed70 f i Render.obj
 0002:00034db0       ?InitSubDivFace@TFace@Lib3D@@QAEXABV12@@Z 004aedb0 f i Render.obj
 0002:00034e00       ?SetFlag@TFace@Lib3D@@QAEXE@Z 004aee00 f i Render.obj
 0002:00034e50       ?ClearFlag@TFace@Lib3D@@QAEXE@Z 004aee50 f i Render.obj
 0002:00034ea0       ??0MidPoint@@QAE@XZ        004aeea0 f i Render.obj
 0002:00034f00       ??4VertexUV@@QAEXABVMidPoint@@@Z 004aef00 f i Render.obj
 0002:00034f80       ??4VertexUV@@QAEXABV0@@Z   004aef80 f i Render.obj
 0002:000350e0       ?FrustrumSubdiv@CRender@Lib3D@@QAEXPBVTFace@2@AAVCBoard3D@2@I_N@Z 004af0e0 f   Render.obj
 0002:00035800       ?Vmask@TVertex@Lib3D@@QBEHXZ 004af800 f i Render.obj
 0002:00035840       ?ScrVectorB@TFace@Lib3D@@QAEAAVVector4s@@XZ 004af840 f i Render.obj
 0002:00035880       ?ScrVectorC@TFace@Lib3D@@QAEAAVVector4s@@XZ 004af880 f i Render.obj
 0002:000358c0       ?TestAnyFlag@TFace@Lib3D@@QBE_NXZ 004af8c0 f i Render.obj
 0002:00035910       ?ClearAllFlags@TFace@Lib3D@@QAEXXZ 004af910 f i Render.obj
 0002:00035960       ?TransformVertexFakeZ@CRender@Lib3D@@QBEKPAVTVertex@2@0@Z 004af960 f   Render.obj
 0002:00035ab0       ?SetVMask@TVertex@Lib3D@@QAEXH@Z 004afab0 f i Render.obj
 0002:00035b00       ?TransformVertex@CRender@Lib3D@@QBEKPAVTVertex@2@0@Z 004afb00 f   Render.obj
 0002:00035c40       ?TransformVertex_Test@CRender@Lib3D@@QAEKPAVTVertex@2@0@Z 004afc40 f   Render.obj
 0002:00035da0       ?TransformVertexPointerArray@CRender@Lib3D@@QBEKPAPAVTVertex@2@H@Z 004afda0 f   Render.obj
 0002:00035f00       ?TransformVertexNoClip@CRender@Lib3D@@QBEXPAVTVertex@2@0@Z 004aff00 f   Render.obj
 0002:00035fa0       ?FrustrumDraw@CRender@Lib3D@@QAEXPAVTFace@2@AAVCBoard3D@2@I@Z 004affa0 f   Render.obj
 0002:000360c0       ?FrustrumDrawCull@CRender@Lib3D@@QAEXPAVTFace@2@AAVCBoard3D@2@I@Z 004b00c0 f   Render.obj
 0002:000362c0       ?VertexA@TFace@Lib3D@@QAEPAVTVertex@2@XZ 004b02c0 f i Render.obj
 0002:00036300       ?VertexB@TFace@Lib3D@@QAEPAVTVertex@2@XZ 004b0300 f i Render.obj
 0002:00036340       ?VertexC@TFace@Lib3D@@QAEPAVTVertex@2@XZ 004b0340 f i Render.obj
 0002:00036380       ?RenderLine@CRender@Lib3D@@QAEXABVVector4s@@0AAVCBoard3D@2@@Z 004b0380 f   Render.obj
 0002:000367d0       ?TransformVertex@CRender@Lib3D@@QBEKPAVTVertex@2@@Z 004b07d0 f i Render.obj
 0002:00036830       ?RenderRoad@CRender@Lib3D@@QAEXPAURoadStruct@@HHHPAVTTexture@2@PAUsAtlasTextureTile@42@_N@Z 004b0830 f   Render.obj
 0002:00038b90       ?update@CActor@@QAEXXZ     004b2b90 f   Actor.obj
 0002:00039470       ?RenderMeshOTFace@CRender@Lib3D@@QAEXPAVTVertex@2@HPAVTFace@2@HAAVCBoard3D@2@H_N@Z 004b3470 f   Render.obj
 0002:000397f0       ?RenderMeshOTFace@CRender@Lib3D@@QAEXPAVCMesh@2@AAVCBoard3D@2@H@Z 004b37f0 f   Render.obj
 0002:00039890       ?NbFaces@CMesh@Lib3D@@QBEHXZ 004b3890 f i Render.obj
 0002:000398d0       ?FirstFace@CMesh@Lib3D@@QAEPAVTFace@2@XZ 004b38d0 f i Render.obj
 0002:00039940       ?FirstVertex@CMesh@Lib3D@@QAEPAVTVertex@2@XZ 004b3940 f i Render.obj
 0002:000399b0       ?IsDoubleFaced@CMesh@Lib3D@@QBE_NXZ 004b39b0 f i Render.obj
 0002:000399f0       ?TestSphereInFrustum@CRender@Lib3D@@QBE_NABVVector4s@@H@Z 004b39f0 f   Render.obj
 0002:00039c10       ?FrustrumRejectionTest@CRender@Lib3D@@QBEIABVVector4s@@@Z 004b3c10 f   Render.obj
 0002:00039ce0       ?CurrentMatrix@CRender@Lib3D@@QBEABVCMatrix44@2@XZ 004b3ce0 f i Render.obj
 0002:00039d40       ?OTTableClear@CRender@Lib3D@@QAEXXZ 004b3d40 f   Render.obj
 0002:00039e10       ?OTTableAdd@CRender@Lib3D@@QAEXPAVCOTObject@2@_N@Z 004b3e10 f   Render.obj
 0002:00039f40       ?OTTableDraw@CRender@Lib3D@@QAEXAAVCLib3D@2@_N@Z 004b3f40 f   Render.obj
 0002:0003ab40       ?OTTableDrawReverse@CRender@Lib3D@@QAEXAAVCLib3D@2@@Z 004b4b40 f   Render.obj
 0002:0003ace0       ??0tagOTGroupInfo@Lib3D@@QAE@XZ 004b4ce0 f i Render.obj
 0002:0003ad50       ??0OTTableStats@@QAE@XZ    004b4d50 f i Render.obj
 0002:0003adc0       ??1OTTableStats@@QAE@XZ    004b4dc0 f i Render.obj
 0002:0003af50       ?DrawScanline@CSoftLine3D@@CAXAAVCLib3D@Lib3D@@QAGHHHHQBH@Z 004b4f50 f   SoftLine.obj
 0002:0003b140       ?GetImageBuffer@CBoard3D@Lib3D@@QAEPAGXZ 004b5140 f i SoftLine.obj
 0002:0003b180       ?Width@CLib3D@Lib3D@@QAEHXZ 004b5180 f i SoftLine.obj
 0002:0003b1d0       ?Height@CLib3D@Lib3D@@QAEHXZ 004b51d0 f i SoftLine.obj
 0002:0003b220       ?Draw@CSoftLine3D@@UAEXAAVCLib3D@Lib3D@@@Z 004b5220 f   SoftLine.obj
 0002:0003ba80       ?Clamped@Lib3D@@YAHHHH@Z   004b5a80 f i SoftLine.obj
 0002:0003bb00       ?AddToOGLRenderingPipeline@CSoftLine3D@@UAEXAAHAAPAUtagOTGroupInfo@Lib3D@@AAPAM2HAAPAGAAPAE@Z 004b5b00 f   SoftLine.obj
 0002:0003bb50       ?Draw@CFakeZAALine3D@@UAEXAAVCLib3D@Lib3D@@@Z 004b5b50 f   SoftLine.obj
 0002:0003bc10       ?Draw@CFakeZAALine3DGradient@@UAEXAAVCLib3D@Lib3D@@@Z 004b5c10 f   SoftLine.obj
 0002:0003bdd0       ?AddToOGLRenderingPipeline@CFakeZAALine3DGradient@@UAEXAAHAAPAUtagOTGroupInfo@Lib3D@@AAPAM2HAAPAGAAPAE@Z 004b5dd0 f   SoftLine.obj
 0002:0003be20       ??$FastColorAdd@GH@CLib2D@@SAHGH@Z 004b5e20 f i SoftLine.obj
 0002:0003bed0       ??$Swap@VVector4s@@@Util@@SAXAAVVector4s@@0@Z 004b5ed0 f i SoftLine.obj
 0002:0003bf90       ?GetMaskShift@@YAXHAAH0@Z  004b5f90 f   texture.obj
 0002:0003c020       ?COLOR_AVERAGE@@YAGGG@Z    004b6020 f   texture.obj
 0002:0003c0d0       ??0TTexture@Lib3D@@QAE@HH@Z 004b60d0 f   texture.obj
 0002:0003c200       ?LoadTexture@TTexture@Lib3D@@AAEXPBD_N011H@Z 004b6200 f   texture.obj
 0002:0003d870       ?CreateKeyForGLTexName@TTexture@Lib3D@@SAXAAFI@Z 004b7870 f i texture.obj
 0002:0003d9a0       ?CleanBuffers@TTexture@Lib3D@@QAEXXZ 004b79a0 f   texture.obj
 0002:0003da80       ??0TTexture@Lib3D@@QAE@PBD_N011H@Z 004b7a80 f   texture.obj
 0002:0003db50       ??0TTexture@Lib3D@@QAE@PBDH@Z 004b7b50 f   texture.obj
 0002:0003dc10       ??0TTexture@Lib3D@@QAE@AAVA_IFile@@_N@Z 004b7c10 f   texture.obj
 0002:0003e690       ??1TTexture@Lib3D@@QAE@XZ  004b8690 f   texture.obj
 0002:0003e770       ?FreeKeyForGLTexName@TTexture@Lib3D@@SAXAAF@Z 004b8770 f i texture.obj
 0002:0003e810       ??0TTexture@Lib3D@@QAE@XZ  004b8810 f   texture.obj
 0002:0003e8b0       ?Init@TTexture@Lib3D@@AAEXKKW4e_RasterMode@12@@Z 004b88b0 f   texture.obj
 0002:0003e9d0       ?FlipHorizontal@TTexture@Lib3D@@QAEXXZ 004b89d0 f   texture.obj
 0002:0003eb10       ?SaveTarga@TTexture@Lib3D@@QBEXPBD@Z 004b8b10 f   texture.obj
 0002:0003edf0       ?findFirstEmptyCell@@YA_NPAPAEHHAAH1@Z 004b8df0 f   texture.obj
 0002:0003f040       ?findMaxHeight@@YAHPAPAE@Z 004b9040 f   texture.obj
 0002:0003f100       ?CreateAtlasTexture@TTexture@Lib3D@@SAXPAV12@0PAUsAtlasTextureTile@12@1HHPAPAV12@H@Z 004b9100 f   texture.obj
 0002:0003fba0       ?GetGlobalAlpha@TTexture@Lib3D@@QAEHXZ 004b9ba0 f i texture.obj
 0002:0003fbe0       ?Length@Vector2s@@QBEJXZ   004b9be0 f   Vector.obj
 0002:0003fc40       ?Length2@Vector2s@@QBEJXZ  004b9c40 f i Vector.obj
 0002:0003fca0       ?SafeLength@Vector2s@@QBEJXZ 004b9ca0 f   Vector.obj
 0002:0003fd80       ?Square@Lib3D@@YAHH@Z      004b9d80 f i Vector.obj
 0002:0003fdc0       ?L1Norm@Vector2s@@QBEJXZ   004b9dc0 f i Vector.obj
 0002:0003fe40       ?RightSide@Vector2s@@SA_NABV1@0@Z 004b9e40 f   Vector.obj
 0002:0003feb0       ?Normal@Vector2s@@QBE?AV1@XZ 004b9eb0 f i Vector.obj
 0002:0003ff20       ?Dot@Vector2s@@SAHABV1@0@Z 004b9f20 f i Vector.obj
 0002:0003ff70       ?NullVector@Vector4s@@SAABV1@XZ 004b9f70 f   Vector.obj
 0002:0003ffb0       ?_CheckLimit@@YAXN@Z       004b9fb0 f   Vector.obj
 0002:00040040       ?Normalize@Vector2s@@QAEXXZ 004ba040 f   Vector.obj
 0002:000400f0       ?SafeNormalize@Vector2s@@QAE_NXZ 004ba0f0 f   Vector.obj
 0002:00040190       ?QuotientCOS_SIN_SHIFT@Lib3D@@YAHHH@Z 004ba190 f i Vector.obj
 0002:00040210       ?Resize@Vector2s@@QAEXH@Z  004ba210 f   Vector.obj
 0002:000402c0       ?SafeResize@Vector2s@@QAE_NH@Z 004ba2c0 f   Vector.obj
 0002:00040370       ?ProductQuotient@Lib3D@@YAHHHH@Z 004ba370 f i Vector.obj
 0002:00040410       ?LinIndex@Vector4s@@QAEHHHH@Z 004ba410 f   Vector.obj
 0002:00040480       ?Scale@Vector4s@@QAEXH@Z   004ba480 f   Vector.obj
 0002:00040500       ?GetMin@Vector4s@@QAEXPBV1@@Z 004ba500 f   Vector.obj
 0002:000405a0       ?GetMax@Vector4s@@QAEXPBV1@@Z 004ba5a0 f   Vector.obj
 0002:00040640       ?CrossShift@Vector4s@@QBEXPBV1@PAV1@@Z 004ba640 f   Vector.obj
 0002:00040700       ?Length@Vector4s@@QBEHXZ   004ba700 f   Vector.obj
 0002:00040760       ?SafeLength@Vector4s@@QBEJXZ 004ba760 f   Vector.obj
 0002:00040860       ?L1Norm@Vector4s@@QBEJXZ   004ba860 f i Vector.obj
 0002:00040900       ?Normalize@Vector4s@@QAEXXZ 004ba900 f   Vector.obj
 0002:000409e0       ?SafeNormalize@Vector4s@@QAE_NXZ 004ba9e0 f   Vector.obj
 0002:00040aa0       ?Resize@Vector4s@@QAEXH@Z  004baaa0 f   Vector.obj
 0002:00040b80       ?SafeResize@Vector4s@@QAE_NH@Z 004bab80 f   Vector.obj
 0002:00040c50       ?GetReciprocalAxis@Vector4s@@SAPBHH@Z 004bac50 f   Vector.obj
 0002:00040cd0       ?GetMainAxis@Vector4s@@QBEHXZ 004bacd0 f   Vector.obj
 0002:00040da0       ?SelfRotateY@Vector4s@@QAEXH@Z 004bada0 f   Vector.obj
 0002:00040e80       ?GetRotatedY@Vector4s@@QBE?AV1@H@Z 004bae80 f   Vector.obj
 0002:00040f60       ?GetProjection@Vector4s@@SA?AV1@ABV1@0@Z 004baf60 f   Vector.obj
 0002:00041060       ?GetReflexion@Vector4s@@SA?AV1@ABV1@0@Z 004bb060 f   Vector.obj
 0002:00041130       ?SelfRotate@Vector2s@@QAEXH@Z 004bb130 f   Vector.obj
 0002:00041210       ?GetRotated@Vector2s@@QBE?AV1@H@Z 004bb210 f   Vector.obj
 0002:000412e0       ?RayPlaneInter@@YA_NABVVector4s@@000AAV1@@Z 004bb2e0 f   Vector.obj
 0002:000414a0       ?RaytriangleIntersect@@YA_NABVVector4s@@00000_N@Z 004bb4a0 f   Vector.obj
 0002:00041820       ?GetVector2s@Vector4s@@QBE?AVVector2s@@PBH@Z 004bb820 f i Vector.obj
 0002:000418a0       ??AVector4s@@QBEJH@Z       004bb8a0 f i Vector.obj
 0002:00041920       ??G@YA?AVVector2s@@ABV0@0@Z 004bb920 f i Vector.obj
 0002:00041990       ?FrontSide@@YA_NABVVector4s@@00@Z 004bb990 f i Vector.obj
 0002:00041a90       ?FindRaytriangleIntersectionPoint@@YAHABVVector4s@@0000AAV1@_N@Z 004bba90 f   Vector.obj
 0002:00041ec0       ?PointRayDist2@@YAHABVVector4s@@00@Z 004bbec0 f   Vector.obj
 0002:00041fa0       ?Intersect@Vector2s@@SA_NABV1@000@Z 004bbfa0 f   Vector.obj
 0002:00042140       ?ComputeOutCode@@YAHABVVector2s@@00@Z 004bc140 f   aaline.obj
 0002:000421f0       ?ClipLine@@YA_NAAVVector2s@@0ABV1@1@Z 004bc1f0 f   aaline.obj
 0002:000424e0       ?ComposeColor@@YAXPAGGH@Z  004bc4e0 f   aaline.obj
 0002:00042670       ?DrawAALine@@YA_NAAUImage@@ABVVector2s@@111GW4AALINE_MODE@@@Z 004bc670 f   aaline.obj
 0002:00043040       ?data@Image@@QAEPAGXZ      004bd040 f i aaline.obj
 0002:00043080       ?width@Image@@QBEIXZ       004bd080 f i aaline.obj
 0002:000430c0       ?DrawAALineGradient@@YA_NAAUImage@@ABVVector2s@@111PAGHW4AALINE_MODE@@@Z 004bd0c0 f   aaline.obj
 0002:00043c60       ??$FastColorMix75_25@GG@CLib2D@@SAHGG@Z 004bdc60 f i aaline.obj
 0002:00043d10       ??$FastColorMix63_37@GG@CLib2D@@SAHGG@Z 004bdd10 f i aaline.obj
 0002:00043dc0       ??$FastColorMix50_50@GG@CLib2D@@SAHGG@Z 004bddc0 f i aaline.obj
 0002:00043e20       ??$FastColorMix88_12@GG@CLib2D@@SAHGG@Z 004bde20 f i aaline.obj
 0002:00043f90       ??$MixColor16@GGH@CLib2D@@SAHGGH@Z 004bdf90 f i aaline.obj
 0002:00044040       ??$FastColorAddAlphaHD@GGH@CLib2D@@SAHGGH@Z 004be040 f i aaline.obj
 0002:00044120       ??0CModule@@QAE@HHHHH@Z    004be120 f   AuroraSprite.obj
 0002:000441f0       ??_GCModule@@UAEPAXI@Z     004be1f0 f i AuroraSprite.obj
 0002:000441f0       ??_ECModule@@UAEPAXI@Z     004be1f0 f i AuroraSprite.obj
 0002:00044260       ??1CModule@@UAE@XZ         004be260 f   AuroraSprite.obj
 0002:000442a0       ??0CAuroraPalette@@QAE@F@Z 004be2a0 f   AuroraSprite.obj
 0002:00044350       ??_GCAuroraPalette@@UAEPAXI@Z 004be350 f i AuroraSprite.obj
 0002:00044350       ??_ECAuroraPalette@@UAEPAXI@Z 004be350 f i AuroraSprite.obj
 0002:000443c0       ??1CAuroraPalette@@UAE@XZ  004be3c0 f   AuroraSprite.obj
 0002:00044450       ??0CFrame@@QAE@F@Z         004be450 f   AuroraSprite.obj
 0002:00044500       ??1CFrame@@QAE@XZ          004be500 f   AuroraSprite.obj
 0002:00044600       ??0CAnim@@QAE@F@Z          004be600 f   AuroraSprite.obj
 0002:000446b0       ??1CAnim@@QAE@XZ           004be6b0 f   AuroraSprite.obj
 0002:000447b0       ?initKerning@CSprite@@IAEX_N@Z 004be7b0 f   AuroraSprite.obj
 0002:00044800       ?GetKerningSpacing@CSprite@@IAEHG@Z 004be800 f   AuroraSprite.obj
 0002:000448f0       ??0CSprite@@QAE@PBDH@Z     004be8f0 f   AuroraSprite.obj
 0002:000460a0       ?Update@CTouchZones@@QAEXXZ 004c00a0 f   TouchZones.obj
 0002:00046690       ??_GCSprite@@UAEPAXI@Z     004c0690 f i AuroraSprite.obj
 0002:00046690       ??_ECSprite@@UAEPAXI@Z     004c0690 f i AuroraSprite.obj
 0002:00046700       ??1CSprite@@UAE@XZ         004c0700 f   AuroraSprite.obj
 0002:00046c60       ??_GCFrame@@QAEPAXI@Z      004c0c60 f i AuroraSprite.obj
 0002:00046cd0       ??_GCAnim@@QAEPAXI@Z       004c0cd0 f i AuroraSprite.obj
 0002:00046d40       ?DrawAFrame@CSprite@@QBEXAAVCLib2D@@HHHH@Z 004c0d40 f   AuroraSprite.obj
 0002:00046df0       ?GetNumAFrames@CSprite@@QBEHH@Z 004c0df0 f   AuroraSprite.obj
 0002:00046e40       ?GetAFrameTime@CSprite@@QBEHHH@Z 004c0e40 f   AuroraSprite.obj
 0002:00046ea0       ?DrawFrame@CSprite@@QBEXAAVCLib2D@@HHHHH@Z 004c0ea0 f   AuroraSprite.obj
 0002:00046f90       ?DrawFrame@CSprite@@QBEXAAVCLib2D@@HHPAVCFrame@@HH@Z 004c0f90 f   AuroraSprite.obj
 0002:00047060       ?GetFrameWidth@CSprite@@QBEFH@Z 004c1060 f   AuroraSprite.obj
 0002:00047150       ?GetFrameHeight@CSprite@@QBEFH@Z 004c1150 f   AuroraSprite.obj
 0002:00047250       ?GetAFrameRect@CSprite@@QBEXHHAAH000@Z 004c1250 f   AuroraSprite.obj
 0002:00047400       ?DrawModule@CSprite@@QBEXAAVCLib2D@@HHHHHHH@Z 004c1400 f   AuroraSprite.obj
 0002:00047490       ?DrawModule@CSprite@@QBEXAAVCLib2D@@HHPAVCModule@@HHHH@Z 004c1490 f   AuroraSprite.obj
 0002:000482b0       ?GetClipX@CLib2D@@QBEFXZ   004c22b0 f i AuroraSprite.obj
 0002:000482f0       ?GetClipY@CLib2D@@QBEFXZ   004c22f0 f i AuroraSprite.obj
 0002:00048330       ?GetClipWidth@CLib2D@@QBEFXZ 004c2330 f i AuroraSprite.obj
 0002:00048370       ?GetClipHeight@CLib2D@@QBEFXZ 004c2370 f i AuroraSprite.obj
 0002:000483b0       ?SetClip@CLib2D@@QAEXFFFF@Z 004c23b0 f i AuroraSprite.obj
 0002:00048420       ?GetDestWidth@CLib2D@@QBEGXZ 004c2420 f i AuroraSprite.obj
 0002:00048460       ?GetDestHeight@CLib2D@@QBEGXZ 004c2460 f i AuroraSprite.obj
 0002:000484a0       ?FormatStringWithLimitedWidth@CSprite@@QAEHPBGPAGH_N2@Z 004c24a0 f   AuroraSprite.obj
 0002:00048840       ?GetStringWidthLimited@CSprite@@QAEHPBGH_N@Z 004c2840 f   AuroraSprite.obj
 0002:00048910       ?GetStringHeightLimited@CSprite@@QAEHPBGH_N@Z 004c2910 f   AuroraSprite.obj
 0002:000489e0       ?DrawStringWithLimitedWidth@CSprite@@QAEHAAVCLib2D@@HHPBGH_NW4Align@1@2@Z 004c29e0 f   AuroraSprite.obj
 0002:00048ae0       ?DrawStringWithLimitedWidthByAdjustingCharSpacing@CSprite@@QAEXAAVCLib2D@@HHPBGHW4Align@1@@Z 004c2ae0 f   AuroraSprite.obj
 0002:00048bb0       ?GetCharSpacing@CSprite@@QBEFXZ 004c2bb0 f i AuroraSprite.obj
 0002:00048bf0       ?SetCharSpacing@CSprite@@QAEXF@Z 004c2bf0 f i AuroraSprite.obj
 0002:00048c40       ?DrawString@CSprite@@QAEXAAVCLib2D@@HHPBGW4Align@1@@Z 004c2c40 f   AuroraSprite.obj
 0002:00048e00       ?GetFontHeight@CSprite@@QBEFXZ 004c2e00 f i AuroraSprite.obj
 0002:00048e60       ?DrawString@CSprite@@QAEXAAVCLib2D@@HHPBG1W4Align@1@@Z 004c2e60 f   AuroraSprite.obj
 0002:000490f0       ?DrawNumber@CSprite@@QAEXAAVCLib2D@@HHHW4Align@1@@Z 004c30f0 f   AuroraSprite.obj
 0002:00049310       ?DrawNumberString@CSprite@@QAEXAAVCLib2D@@HHPBGW4Align@1@@Z 004c3310 f   AuroraSprite.obj
 0002:00049410       ?DrawNumberString@CSprite@@QAEXAAVCLib2D@@HHPBG1W4Align@1@@Z 004c3410 f   AuroraSprite.obj
 0002:00049690       ?GetNumberModuleByChar@CSprite@@IBEHG@Z 004c3690 f i AuroraSprite.obj
 0002:000496e0       ?GetStringWidth@CSprite@@QAEFPBG@Z 004c36e0 f   AuroraSprite.obj
 0002:00049750       ?GetStringHeight@CSprite@@QAEFPBG@Z 004c3750 f   AuroraSprite.obj
 0002:000497c0       ?GetModuleByChar@CSprite@@IBEHG@Z 004c37c0 f   AuroraSprite.obj
 0002:000499d0       ?MeasureString@CSprite@@IAEXPBG0@Z 004c39d0 f   AuroraSprite.obj
 0002:00049c00       ?GetNumberWidth@CSprite@@QAEFH@Z 004c3c00 f   AuroraSprite.obj
[...]
 0004:004d95a4       ___env_initialized         00a7b5a4     <common>
 0004:004d95b4       ___onexitend               00a7b5b4     <common>
 0004:004d95b8       ___onexitbegin             00a7b5b8     <common>
 0004:004d95bc       ___mbctype_initialized     00a7b5bc     <common>
 0004:004d95c0       ___dyn_tls_init_callback   00a7b5c0     <common>
 0004:004d95c4       __acmdln                   00a7b5c4     <common>
 0005:00000000       __IMPORT_DESCRIPTOR_WS2_32 00a7c000     Ws2_32:WS2_32.dll
 0005:00000014       __IMPORT_DESCRIPTOR_WINMM  00a7c014     Winmm:WINMM.dll
 0005:00000028       __IMPORT_DESCRIPTOR_OPENGL32 00a7c028     opengl32:OPENGL32.dll
 0005:0000003c       __IMPORT_DESCRIPTOR_KERNEL32 00a7c03c     kernel32:KERNEL32.dll
 0005:00000050       __IMPORT_DESCRIPTOR_USER32 00a7c050     user32:USER32.dll
 0005:00000064       __IMPORT_DESCRIPTOR_GDI32  00a7c064     gdi32:GDI32.dll
 0005:00000078       __IMPORT_DESCRIPTOR_SHLWAPI 00a7c078     shlwapi:SHLWAPI.dll
 0005:0000008c       __IMPORT_DESCRIPTOR_libGLES_CM 00a7c08c     libgles_cm:libGLES_CM.dll
 0005:000000a0       __NULL_IMPORT_DESCRIPTOR   00a7c0a0     Ws2_32:WS2_32.dll
 0005:00000618       __imp__SwapBuffers@4       00a7c618     gdi32:GDI32.dll
 0005:0000061c       __imp__ChoosePixelFormat@8 00a7c61c     gdi32:GDI32.dll
 0005:00000620       __imp__SetPixelFormat@12   00a7c620     gdi32:GDI32.dll
 0005:00000624       \177GDI32_NULL_THUNK_DATA  00a7c624     gdi32:GDI32.dll
 0005:00000650       __imp__GetTimeZoneInformation@4 00a7c650     kernel32:KERNEL32.dll
 0005:00000654       __imp__GetLocaleInfoW@16   00a7c654     kernel32:KERNEL32.dll
 0005:00000658       __imp__CreateFileA@28      00a7c658     kernel32:KERNEL32.dll
 0005:0000065c       __imp__GetConsoleOutputCP@0 00a7c65c     kernel32:KERNEL32.dll
 0005:00000660       __imp__WriteConsoleA@20    00a7c660     kernel32:KERNEL32.dll
 0005:00000664       __imp__SetStdHandle@8      00a7c664     kernel32:KERNEL32.dll
 0005:00000668       __imp__GetUserDefaultLCID@0 00a7c668     kernel32:KERNEL32.dll
 0005:0000066c       __imp__EnumSystemLocalesA@8 00a7c66c     kernel32:KERNEL32.dll
 0005:00000670       __imp__IsValidLocale@8     00a7c670     kernel32:KERNEL32.dll
 0005:00000674       __imp__GetDateFormatA@24   00a7c674     kernel32:KERNEL32.dll
 0005:00000678       __imp__GetTimeFormatA@24   00a7c678     kernel32:KERNEL32.dll
 0005:0000067c       __imp__GetStringTypeW@16   00a7c67c     kernel32:KERNEL32.dll
 0005:00000680       __imp__GetStringTypeA@20   00a7c680     kernel32:KERNEL32.dll
 0005:00000684       __imp__GetLocaleInfoA@16   00a7c684     kernel32:KERNEL32.dll
 0005:00000688       __imp__InterlockedExchange@8 00a7c688     kernel32:KERNEL32.dll
 0005:0000068c       __imp__VirtualAlloc@16     00a7c68c     kernel32:KERNEL32.dll
 0005:00000690       __imp__HeapReAlloc@16      00a7c690     kernel32:KERNEL32.dll
 0005:00000694       __imp__HeapSize@12         00a7c694     kernel32:KERNEL32.dll
 0005:00000698       __imp__InitializeCriticalSectionAndSpinCount@8 00a7c698     kernel32:KERNEL32.dll
 0005:0000069c       __imp__VirtualFree@12      00a7c69c     kernel32:KERNEL32.dll
 0005:000006a0       __imp__HeapCreate@12       00a7c6a0     kernel32:KERNEL32.dll
 0005:000006a4       __imp__HeapDestroy@4       00a7c6a4     kernel32:KERNEL32.dll
 0005:000006a8       __imp__GetEnvironmentStringsW@0 00a7c6a8     kernel32:KERNEL32.dll
 0005:000006ac       __imp__FreeEnvironmentStringsW@4 00a7c6ac     kernel32:KERNEL32.dll
 0005:000006b0       __imp__GetEnvironmentStrings@0 00a7c6b0     kernel32:KERNEL32.dll
 0005:000006b4       __imp__FreeEnvironmentStringsA@4 00a7c6b4     kernel32:KERNEL32.dll
 0005:000006b8       __imp__GetSystemTimeAsFileTime@4 00a7c6b8     kernel32:KERNEL32.dll
 0005:000006bc       __imp__GetCurrentProcessId@0 00a7c6bc     kernel32:KERNEL32.dll
 0005:000006c0       __imp__QueryPerformanceCounter@4 00a7c6c0     kernel32:KERNEL32.dll
 0005:000006c4       __imp__GetOEMCP@0          00a7c6c4     kernel32:KERNEL32.dll
 0005:000006c8       __imp__GetACP@0            00a7c6c8     kernel32:KERNEL32.dll
 0005:000006cc       __imp__LCMapStringW@24     00a7c6cc     kernel32:KERNEL32.dll
 0005:000006d0       __imp__LCMapStringA@24     00a7c6d0     kernel32:KERNEL32.dll
 0005:000006d4       __imp__FreeLibrary@4       00a7c6d4     kernel32:KERNEL32.dll
 0005:000006d8       __imp__VirtualQuery@12     00a7c6d8     kernel32:KERNEL32.dll
 0005:000006dc       __imp__GetProcessHeap@0    00a7c6dc     kernel32:KERNEL32.dll
 0005:000006e0       __imp__HeapAlloc@12        00a7c6e0     kernel32:KERNEL32.dll
 0005:000006e4       __imp__HeapFree@12         00a7c6e4     kernel32:KERNEL32.dll
 0005:000006e8       __imp__LoadLibraryW@4      00a7c6e8     kernel32:KERNEL32.dll
 0005:000006ec       __imp__SetConsoleCtrlHandler@8 00a7c6ec     kernel32:KERNEL32.dll
 0005:000006f0       __imp__ExitProcess@4       00a7c6f0     kernel32:KERNEL32.dll
 0005:000006f4       __imp__GetCurrentThread@0  00a7c6f4     kernel32:KERNEL32.dll
 0005:000006f8       __imp__InterlockedDecrement@4 00a7c6f8     kernel32:KERNEL32.dll
 0005:000006fc       __imp__SetLastError@4      00a7c6fc     kernel32:KERNEL32.dll
 0005:00000700       __imp__InterlockedIncrement@4 00a7c700     kernel32:KERNEL32.dll
 0005:00000704       __imp__TlsFree@4           00a7c704     kernel32:KERNEL32.dll
 0005:00000708       __imp__GetCurrentThreadId@0 00a7c708     kernel32:KERNEL32.dll
 0005:0000070c       __imp__TlsSetValue@8       00a7c70c     kernel32:KERNEL32.dll
 0005:00000710       __imp__TlsAlloc@0          00a7c710     kernel32:KERNEL32.dll
 0005:00000714       __imp__GetModuleHandleW@4  00a7c714     kernel32:KERNEL32.dll
 0005:00000718       __imp__SetEndOfFile@4      00a7c718     kernel32:KERNEL32.dll
 0005:0000071c       __imp__IsBadReadPtr@8      00a7c71c     kernel32:KERNEL32.dll
 0005:00000720       __imp__HeapValidate@12     00a7c720     kernel32:KERNEL32.dll
 0005:00000724       __imp__FatalAppExitA@8     00a7c724     kernel32:KERNEL32.dll
 0005:00000728       __imp__LeaveCriticalSection@4 00a7c728     kernel32:KERNEL32.dll
 0005:0000072c       __imp__EnterCriticalSection@4 00a7c72c     kernel32:KERNEL32.dll
 0005:00000730       __imp__GetModuleFileNameA@12 00a7c730     kernel32:KERNEL32.dll
 0005:00000734       __imp__GetStartupInfoA@4   00a7c734     kernel32:KERNEL32.dll
 0005:00000738       __imp__GetCommandLineA@0   00a7c738     kernel32:KERNEL32.dll
 0005:0000073c       __imp__DeleteFileA@4       00a7c73c     kernel32:KERNEL32.dll
 0005:00000740       __imp__GetLastError@0      00a7c740     kernel32:KERNEL32.dll
 0005:00000744       __imp__SetUnhandledExceptionFilter@4 00a7c744     kernel32:KERNEL32.dll
 0005:00000748       __imp__UnhandledExceptionFilter@4 00a7c748     kernel32:KERNEL32.dll
 0005:0000074c       __imp__GetCurrentProcess@0 00a7c74c     kernel32:KERNEL32.dll
 0005:00000750       __imp__TerminateProcess@8  00a7c750     kernel32:KERNEL32.dll
 0005:00000754       __imp__LoadLibraryA@4      00a7c754     kernel32:KERNEL32.dll
 0005:00000758       __imp__GetProcAddress@8    00a7c758     kernel32:KERNEL32.dll
 0005:0000075c       __imp__lstrlenA@4          00a7c75c     kernel32:KERNEL32.dll
 0005:00000760       __imp__MultiByteToWideChar@24 00a7c760     kernel32:KERNEL32.dll
 0005:00000764       __imp__WideCharToMultiByte@32 00a7c764     kernel32:KERNEL32.dll
 0005:00000768       __imp__DebugBreak@0        00a7c768     kernel32:KERNEL32.dll
 0005:0000076c       __imp__IsDebuggerPresent@0 00a7c76c     kernel32:KERNEL32.dll
 0005:00000770       __imp__RaiseException@16   00a7c770     kernel32:KERNEL32.dll
 0005:00000774       __imp__GetStdHandle@4      00a7c774     kernel32:KERNEL32.dll
 0005:00000778       __imp__GetFileType@4       00a7c778     kernel32:KERNEL32.dll
 0005:0000077c       __imp__WriteConsoleW@20    00a7c77c     kernel32:KERNEL32.dll
 0005:00000780       __imp__GetModuleFileNameW@12 00a7c780     kernel32:KERNEL32.dll
 0005:00000784       __imp__RtlUnwind@16        00a7c784     kernel32:KERNEL32.dll
 0005:00000788       __imp__IsValidCodePage@4   00a7c788     kernel32:KERNEL32.dll
 0005:0000078c       __imp__GetModuleHandleA@4  00a7c78c     kernel32:KERNEL32.dll
 0005:00000790       __imp__OutputDebugStringA@4 00a7c790     kernel32:KERNEL32.dll
 0005:00000794       __imp__Sleep@4             00a7c794     kernel32:KERNEL32.dll
 0005:00000798       __imp__GetTickCount@0      00a7c798     kernel32:KERNEL32.dll
 0005:0000079c       __imp__ResumeThread@4      00a7c79c     kernel32:KERNEL32.dll
 0005:000007a0       __imp__SetThreadPriority@8 00a7c7a0     kernel32:KERNEL32.dll
 0005:000007a4       __imp__CloseHandle@4       00a7c7a4     kernel32:KERNEL32.dll
 0005:000007a8       __imp__CreateEventA@16     00a7c7a8     kernel32:KERNEL32.dll
 0005:000007ac       __imp__CreateThread@24     00a7c7ac     kernel32:KERNEL32.dll
 0005:000007b0       __imp__InitializeCriticalSection@4 00a7c7b0     kernel32:KERNEL32.dll
 0005:000007b4       __imp__DeleteCriticalSection@4 00a7c7b4     kernel32:KERNEL32.dll
 0005:000007b8       __imp__WaitForSingleObject@8 00a7c7b8     kernel32:KERNEL32.dll
 0005:000007bc       __imp__SetEvent@4          00a7c7bc     kernel32:KERNEL32.dll
 0005:000007c0       __imp__SuspendThread@4     00a7c7c0     kernel32:KERNEL32.dll
 0005:000007c4       __imp__WriteFile@20        00a7c7c4     kernel32:KERNEL32.dll
 0005:000007c8       __imp__OutputDebugStringW@4 00a7c7c8     kernel32:KERNEL32.dll
 0005:000007cc       __imp__FlushFileBuffers@4  00a7c7cc     kernel32:KERNEL32.dll
 0005:000007d0       __imp__GetConsoleCP@0      00a7c7d0     kernel32:KERNEL32.dll
 0005:000007d4       __imp__GetConsoleMode@8    00a7c7d4     kernel32:KERNEL32.dll
 0005:000007d8       __imp__SetHandleCount@4    00a7c7d8     kernel32:KERNEL32.dll
 0005:000007dc       __imp__ReadFile@20         00a7c7dc     kernel32:KERNEL32.dll
 0005:000007e0       __imp__SetFilePointer@16   00a7c7e0     kernel32:KERNEL32.dll
 0005:000007e4       __imp__CompareStringA@24   00a7c7e4     kernel32:KERNEL32.dll
 0005:000007e8       __imp__CompareStringW@24   00a7c7e8     kernel32:KERNEL32.dll
 0005:000007ec       __imp__TlsGetValue@4       00a7c7ec     kernel32:KERNEL32.dll
 0005:000007f0       __imp__SetEnvironmentVariableA@8 00a7c7f0     kernel32:KERNEL32.dll
 0005:000007f4       __imp__GetCPInfo@8         00a7c7f4     kernel32:KERNEL32.dll
 0005:000007f8       \177KERNEL32_NULL_THUNK_DATA 00a7c7f8     kernel32:KERNEL32.dll
 0005:00000878       __imp__glViewport@16       00a7c878     opengl32:OPENGL32.dll
 0005:0000087c       __imp__glHint@8            00a7c87c     opengl32:OPENGL32.dll
 0005:00000880       __imp__glDepthFunc@4       00a7c880     opengl32:OPENGL32.dll
 0005:00000884       __imp__glEnable@4          00a7c884     opengl32:OPENGL32.dll
 0005:00000888       __imp__glClearDepth@8      00a7c888     opengl32:OPENGL32.dll
 0005:0000088c       __imp__glClearColor@16     00a7c88c     opengl32:OPENGL32.dll
 0005:00000890       __imp__glShadeModel@4      00a7c890     opengl32:OPENGL32.dll
 0005:00000894       __imp__wglMakeCurrent@8    00a7c894     opengl32:OPENGL32.dll
 0005:00000898       __imp__wglCreateContext@4  00a7c898     opengl32:OPENGL32.dll
 0005:0000089c       __imp__wglDeleteContext@4  00a7c89c     opengl32:OPENGL32.dll
 0005:000008a0       __imp__glClear@4           00a7c8a0     opengl32:OPENGL32.dll
 0005:000008a4       __imp__glDepthMask@4       00a7c8a4     opengl32:OPENGL32.dll
 0005:000008a8       __imp__glColor4ub@16       00a7c8a8     opengl32:OPENGL32.dll
 0005:000008ac       __imp__glPopMatrix@0       00a7c8ac     opengl32:OPENGL32.dll
 0005:000008b0       __imp__glDrawElements@16   00a7c8b0     opengl32:OPENGL32.dll
 0005:000008b4       __imp__glTexEnvi@12        00a7c8b4     opengl32:OPENGL32.dll
 0005:000008b8       __imp__glBindTexture@8     00a7c8b8     opengl32:OPENGL32.dll
 0005:000008bc       __imp__glLoadMatrixf@4     00a7c8bc     opengl32:OPENGL32.dll
 0005:000008c0       __imp__glScissor@16        00a7c8c0     opengl32:OPENGL32.dll
 0005:000008c4       __imp__glPixelStorei@8     00a7c8c4     opengl32:OPENGL32.dll
 0005:000008c8       __imp__glFogf@8            00a7c8c8     opengl32:OPENGL32.dll
 0005:000008cc       __imp__glFogfv@8           00a7c8cc     opengl32:OPENGL32.dll
 0005:000008d0       __imp__glGetString@4       00a7c8d0     opengl32:OPENGL32.dll
 0005:000008d4       __imp__wglGetProcAddress@4 00a7c8d4     opengl32:OPENGL32.dll
 0005:000008d8       __imp__glDeleteTextures@8  00a7c8d8     opengl32:OPENGL32.dll
 0005:000008dc       __imp__glGetIntegerv@8     00a7c8dc     opengl32:OPENGL32.dll
 0005:000008e0       __imp__glGenTextures@8     00a7c8e0     opengl32:OPENGL32.dll
 0005:000008e4       __imp__glTexImage2D@36     00a7c8e4     opengl32:OPENGL32.dll
 0005:000008e8       __imp__glOrtho@48          00a7c8e8     opengl32:OPENGL32.dll
 0005:000008ec       __imp__glScalef@12         00a7c8ec     opengl32:OPENGL32.dll
 0005:000008f0       __imp__glTexParameteri@12  00a7c8f0     opengl32:OPENGL32.dll
 0005:000008f4       __imp__glFrustum@48        00a7c8f4     opengl32:OPENGL32.dll
 0005:000008f8       __imp__glPolygonOffset@8   00a7c8f8     opengl32:OPENGL32.dll
 0005:000008fc       __imp__glColorMask@16      00a7c8fc     opengl32:OPENGL32.dll
 0005:00000900       __imp__glMultMatrixf@4     00a7c900     opengl32:OPENGL32.dll
 0005:00000904       __imp__glTexEnvfv@12       00a7c904     opengl32:OPENGL32.dll
 0005:00000908       __imp__glLoadIdentity@0    00a7c908     opengl32:OPENGL32.dll
 0005:0000090c       __imp__glTranslatef@12     00a7c90c     opengl32:OPENGL32.dll
 0005:00000910       __imp__glRotatef@16        00a7c910     opengl32:OPENGL32.dll
 0005:00000914       __imp__glDisable@4         00a7c914     opengl32:OPENGL32.dll
 0005:00000918       __imp__glBlendFunc@8       00a7c918     opengl32:OPENGL32.dll
 0005:0000091c       __imp__glCullFace@4        00a7c91c     opengl32:OPENGL32.dll
 0005:00000920       __imp__glEnableClientState@4 00a7c920     opengl32:OPENGL32.dll
 0005:00000924       __imp__glVertexPointer@16  00a7c924     opengl32:OPENGL32.dll
 0005:00000928       __imp__glTexCoordPointer@16 00a7c928     opengl32:OPENGL32.dll
 0005:0000092c       __imp__glColorPointer@16   00a7c92c     opengl32:OPENGL32.dll
 0005:00000930       __imp__glDisableClientState@4 00a7c930     opengl32:OPENGL32.dll
 0005:00000934       __imp__glNormalPointer@12  00a7c934     opengl32:OPENGL32.dll
 0005:00000938       __imp__glMatrixMode@4      00a7c938     opengl32:OPENGL32.dll
 0005:0000093c       __imp__glPushMatrix@0      00a7c93c     opengl32:OPENGL32.dll
 0005:00000940       \177OPENGL32_NULL_THUNK_DATA 00a7c940     opengl32:OPENGL32.dll
 0005:00000994       __imp__PathRemoveFileSpecA@4 00a7c994     shlwapi:SHLWAPI.dll
 0005:00000998       \177SHLWAPI_NULL_THUNK_DATA 00a7c998     shlwapi:SHLWAPI.dll
 0005:000009c4       __imp__InvalidateRect@12   00a7c9c4     user32:USER32.dll
 0005:000009c8       __imp__GetClientRect@8     00a7c9c8     user32:USER32.dll
 0005:000009cc       __imp__DispatchMessageA@4  00a7c9cc     user32:USER32.dll
 0005:000009d0       __imp__TranslateMessage@4  00a7c9d0     user32:USER32.dll
 0005:000009d4       __imp__PeekMessageA@20     00a7c9d4     user32:USER32.dll
 0005:000009d8       __imp__ReleaseDC@8         00a7c9d8     user32:USER32.dll
 0005:000009dc       __imp__GetWindowRect@8     00a7c9dc     user32:USER32.dll
 0005:000009e0       __imp__SetWindowPos@28     00a7c9e0     user32:USER32.dll
 0005:000009e4       __imp__ShowWindow@8        00a7c9e4     user32:USER32.dll
 0005:000009e8       __imp__DestroyWindow@4     00a7c9e8     user32:USER32.dll
 0005:000009ec       __imp__CreateWindowExA@48  00a7c9ec     user32:USER32.dll
 0005:000009f0       __imp__GetDesktopWindow@0  00a7c9f0     user32:USER32.dll
 0005:000009f4       __imp__GetDC@4             00a7c9f4     user32:USER32.dll
 0005:000009f8       __imp__DefWindowProcA@16   00a7c9f8     user32:USER32.dll
 0005:000009fc       __imp__LoadCursorA@8       00a7c9fc     user32:USER32.dll
 0005:00000a00       __imp__RegisterClassA@4    00a7ca00     user32:USER32.dll
 0005:00000a04       \177USER32_NULL_THUNK_DATA 00a7ca04     user32:USER32.dll
 0005:00000a3c       __imp__waveOutWrite@12     00a7ca3c     Winmm:WINMM.dll
 0005:00000a40       __imp__waveOutPrepareHeader@12 00a7ca40     Winmm:WINMM.dll
 0005:00000a44       __imp__waveOutPause@4      00a7ca44     Winmm:WINMM.dll
 0005:00000a48       __imp__waveOutOpen@24      00a7ca48     Winmm:WINMM.dll
 0005:00000a4c       __imp__waveOutGetNumDevs@0 00a7ca4c     Winmm:WINMM.dll
 0005:00000a50       __imp__waveOutClose@4      00a7ca50     Winmm:WINMM.dll
 0005:00000a54       __imp__waveOutUnprepareHeader@12 00a7ca54     Winmm:WINMM.dll
 0005:00000a58       __imp__waveOutReset@4      00a7ca58     Winmm:WINMM.dll
 0005:00000a5c       __imp__waveOutSetVolume@8  00a7ca5c     Winmm:WINMM.dll
 0005:00000a60       __imp__waveOutRestart@4    00a7ca60     Winmm:WINMM.dll
 0005:00000a64       \177WINMM_NULL_THUNK_DATA  00a7ca64     Winmm:WINMM.dll
 0005:00000a98       __imp__htons@4             00a7ca98     Ws2_32:WS2_32.dll
 0005:00000a9c       __imp__htonl@4             00a7ca9c     Ws2_32:WS2_32.dll
 0005:00000aa0       __imp__select@20           00a7caa0     Ws2_32:WS2_32.dll
 0005:00000aa4       __imp__WSAGetLastError@0   00a7caa4     Ws2_32:WS2_32.dll
 0005:00000aa8       __imp____WSAFDIsSet@8      00a7caa8     Ws2_32:WS2_32.dll
 0005:00000aac       __imp__accept@12           00a7caac     Ws2_32:WS2_32.dll
 0005:00000ab0       __imp__recv@16             00a7cab0     Ws2_32:WS2_32.dll
 0005:00000ab4       __imp__recvfrom@24         00a7cab4     Ws2_32:WS2_32.dll
 0005:00000ab8       __imp__sendto@24           00a7cab8     Ws2_32:WS2_32.dll
 0005:00000abc       __imp__WSAStartup@8        00a7cabc     Ws2_32:WS2_32.dll
 0005:00000ac0       __imp__WSACleanup@0        00a7cac0     Ws2_32:WS2_32.dll
 0005:00000ac4       __imp__gethostname@8       00a7cac4     Ws2_32:WS2_32.dll
 0005:00000ac8       __imp__connect@12          00a7cac8     Ws2_32:WS2_32.dll
 0005:00000acc       __imp__send@16             00a7cacc     Ws2_32:WS2_32.dll
 0005:00000ad0       __imp__closesocket@4       00a7cad0     Ws2_32:WS2_32.dll
 0005:00000ad4       __imp__setsockopt@20       00a7cad4     Ws2_32:WS2_32.dll
 0005:00000ad8       __imp__getaddrinfo@16      00a7cad8     Ws2_32:WS2_32.dll
 0005:00000adc       __imp__socket@12           00a7cadc     Ws2_32:WS2_32.dll
 0005:00000ae0       __imp__freeaddrinfo@4      00a7cae0     Ws2_32:WS2_32.dll
 0005:00000ae4       __imp__bind@12             00a7cae4     Ws2_32:WS2_32.dll
 0005:00000ae8       __imp__listen@8            00a7cae8     Ws2_32:WS2_32.dll
 0005:00000aec       \177WS2_32_NULL_THUNK_DATA 00a7caec     Ws2_32:WS2_32.dll
 0005:00000b28       __imp__glTexImage2D        00a7cb28     libgles_cm:libGLES_CM.dll
 0005:00000b2c       __imp__glCompressedTexImage2D 00a7cb2c     libgles_cm:libGLES_CM.dll
 0005:00000b30       __imp__glGetError          00a7cb30     libgles_cm:libGLES_CM.dll
 0005:00000b34       __imp__glBindTexture       00a7cb34     libgles_cm:libGLES_CM.dll
 0005:00000b38       __imp__glGenTextures       00a7cb38     libgles_cm:libGLES_CM.dll
 0005:00000b3c       __imp__glPixelStorei       00a7cb3c     libgles_cm:libGLES_CM.dll
 0005:00000b40       __imp__glDeleteTextures    00a7cb40     libgles_cm:libGLES_CM.dll
 0005:00000b44       __imp__eglGetProcAddress@4 00a7cb44     libgles_cm:libGLES_CM.dll
 0005:00000b48       __imp__glGetString         00a7cb48     libgles_cm:libGLES_CM.dll
 0005:00000b4c       \177libGLES_CM_NULL_THUNK_DATA 00a7cb4c     libgles_cm:libGLES_CM.dll

 entry point at        0002:0000156d

